 serialport

 Timestamp is 5a557af5 (Tue Jan  9 20:31:17 2018)

 Preferred load address is 0000000180000000

 Start         Length     Name                   Class
 0001:00000000 00000050H .text$di                CODE
 0001:00000050 0001abd0H .text$mn                CODE
 0001:0001ac20 000000e0H .text$mn$00             CODE
 0001:0001ad00 00001070H .text$x                 CODE
 0001:0001bd70 00000065H .text$yd                CODE
 0002:00000000 00000520H .idata$5                DATA
 0002:00000520 00000020H .00cfg                  DATA
 0002:00000540 00000008H .CRT$XCA                DATA
 0002:00000548 00000010H .CRT$XCU                DATA
 0002:00000558 00000008H .CRT$XCZ                DATA
 0002:00000560 00000008H .CRT$XIA                DATA
 0002:00000568 00000018H .CRT$XIC                DATA
 0002:00000580 00000008H .CRT$XIZ                DATA
 0002:00000588 00000008H .CRT$XPA                DATA
 0002:00000590 00000010H .CRT$XPX                DATA
 0002:000005a0 00000008H .CRT$XPXA               DATA
 0002:000005a8 00000008H .CRT$XPZ                DATA
 0002:000005b0 00000008H .CRT$XTA                DATA
 0002:000005b8 00000008H .CRT$XTZ                DATA
 0002:000005c0 00000000H .gfids$y                DATA
 0002:000005c0 000092e8H .rdata                  DATA
 0002:000098a8 0000037cH .rdata$r                DATA
 0002:00009c24 0000038cH .rdata$zzzdbg           DATA
 0002:00009fb0 00000008H .rtc$IAA                DATA
 0002:00009fb8 00000008H .rtc$IZZ                DATA
 0002:00009fc0 00000008H .rtc$TAA                DATA
 0002:00009fc8 00000008H .rtc$TZZ                DATA
 0002:00009fd0 000023d0H .xdata                  DATA
 0002:0000c3a0 000001e0H .xdata$x                DATA
 0002:0000c580 00000058H .edata                  DATA
 0002:0000c5d8 00000050H .idata$2                DATA
 0002:0000c628 00000018H .idata$3                DATA
 0002:0000c640 00000520H .idata$4                DATA
 0002:0000cb60 000016aeH .idata$6                DATA
 0003:00000000 00000970H .data                   DATA
 0003:00000970 00000120H .data$r                 DATA
 0003:00000a90 000011ccH .bss                    DATA
 0004:00000000 000018c0H .pdata                  DATA
 0005:00000000 00000060H .rsrc$01                DATA
 0005:00000060 00000180H .rsrc$02                DATA

  Address         Publics by Value              Rva+Base               Lib:Object

 0000:00000000       __guard_iat_table          0000000000000000     <absolute>
 0000:00000000       __dynamic_value_reloc_table 0000000000000000     <absolute>
 0000:00000000       __hybrid_code_map          0000000000000000     <absolute>
 0000:00000000       __hybrid_code_map_count    0000000000000000     <absolute>
 0000:00000000       __guard_iat_count          0000000000000000     <absolute>
 0000:00000000       __hybrid_auxiliary_iat     0000000000000000     <absolute>
 0000:00000000       __guard_longjmp_table      0000000000000000     <absolute>
 0000:00000000       __guard_longjmp_count      0000000000000000     <absolute>
 0000:00000000       __guard_fids_count         0000000000000000     <absolute>
 0000:00000000       __enclave_config           0000000000000000     <absolute>
 0000:00000000       ___safe_se_handler_table   0000000000000000     <absolute>
 0000:00000000       ___safe_se_handler_count   0000000000000000     <absolute>
 0000:00000000       __guard_fids_table         0000000000000000     <absolute>
 0000:00000100       __guard_flags              0000000000000100     <absolute>
 0000:00000000       __ImageBase                0000000180000000     <linker-defined>
 0001:00000120       ??1EscapableHandleScope@Nan@@QEAA@XZ 0000000180001120 f i serialport.obj
 0001:00000150       ??1HandleScope@Nan@@QEAA@XZ 0000000180001150 f i serialport.obj
 0001:00000170       ?ThrowTypeError@Nan@@YAXPEBD@Z 0000000180001170 f i serialport.obj
 0001:00000210       ??1Utf8String@Nan@@QEAA@XZ 0000000180001210 f i serialport.obj
 0001:00000240       ??1Callback@Nan@@QEAA@XZ   0000000180001240 f i serialport.obj
 0001:00000280       ?Call@Callback@Nan@@QEBA?AV?$Local@VValue@v8@@@v8@@HQEAV34@@Z 0000000180001280 f i serialport.obj
 0001:000003a0       ??1?$Persistent@VFunction@v8@@V?$NonCopyablePersistentTraits@VFunction@v8@@@2@@Nan@@QEAA@XZ 00000001800013a0 f i serialport.obj
 0001:000003a0       ??1?$Persistent@VObject@v8@@V?$NonCopyablePersistentTraits@VObject@v8@@@2@@Nan@@QEAA@XZ 00000001800013a0 f i serialport_win.obj
 0001:000003c0       ?getValueFromObject@@YA?AV?$Local@VValue@v8@@@v8@@V?$Local@VObject@v8@@@2@V?$basic_string@DU?$char_traits@D@std@@V?$allocator@D@2@@std@@@Z 00000001800013c0 f   serialport.obj
 0001:00000510       ?getIntFromObject@@YAHV?$Local@VObject@v8@@@v8@@V?$basic_string@DU?$char_traits@D@std@@V?$allocator@D@2@@std@@@Z 0000000180001510 f   serialport.obj
 0001:00000660       ?getBoolFromObject@@YA_NV?$Local@VObject@v8@@@v8@@V?$basic_string@DU?$char_traits@D@std@@V?$allocator@D@2@@std@@@Z 0000000180001660 f   serialport.obj
 0001:000007b0       ?Open@@YAXAEBV?$FunctionCallbackInfo@VValue@v8@@@Nan@@@Z 00000001800017b0 f   serialport.obj
 0001:00000ea0       ?EIO_AfterOpen@@YAXPEAUuv_work_s@@@Z 0000000180001ea0 f   serialport.obj
 0001:00001070       ?Update@@YAXAEBV?$FunctionCallbackInfo@VValue@v8@@@Nan@@@Z 0000000180002070 f   serialport.obj
 0001:00001380       ?EIO_AfterUpdate@@YAXPEAUuv_work_s@@@Z 0000000180002380 f   serialport.obj
 0001:00001490       ?Close@@YAXAEBV?$FunctionCallbackInfo@VValue@v8@@@Nan@@@Z 0000000180002490 f   serialport.obj
 0001:00001680       ?EIO_AfterFlush@@YAXPEAUuv_work_s@@@Z 0000000180002680 f   serialport.obj
 0001:00001680       ?EIO_AfterClose@@YAXPEAUuv_work_s@@@Z 0000000180002680 f   serialport.obj
 0001:00001680       ?EIO_AfterDrain@@YAXPEAUuv_work_s@@@Z 0000000180002680 f   serialport.obj
 0001:00001790       ?Flush@@YAXAEBV?$FunctionCallbackInfo@VValue@v8@@@Nan@@@Z 0000000180002790 f   serialport.obj
 0001:00001960       ?Set@@YAXAEBV?$FunctionCallbackInfo@VValue@v8@@@Nan@@@Z 0000000180002960 f   serialport.obj
 0001:00001cd0       ?EIO_AfterSet@@YAXPEAUuv_work_s@@@Z 0000000180002cd0 f   serialport.obj
 0001:00001de0       ?Get@@YAXAEBV?$FunctionCallbackInfo@VValue@v8@@@Nan@@@Z 0000000180002de0 f   serialport.obj
 0001:00001fc0       ?EIO_AfterGet@@YAXPEAUuv_work_s@@@Z 0000000180002fc0 f   serialport.obj
 0001:00002230       ?Drain@@YAXAEBV?$FunctionCallbackInfo@VValue@v8@@@Nan@@@Z 0000000180003230 f   serialport.obj
 0001:00002400       ?ToParityEnum@@YA?AW4SerialPortParity@@AEBV?$Local@VString@v8@@@v8@@@Z 0000000180003400 f i serialport.obj
 0001:00002620       init                       0000000180003620 f   serialport.obj
 0001:00002750       ??1?$Persistent@VFunction@v8@@V?$NonCopyablePersistentTraits@VFunction@v8@@@2@@v8@@QEAA@XZ 0000000180003750 f i serialport.obj
 0001:00002750       ??1?$Persistent@VObject@v8@@V?$NonCopyablePersistentTraits@VObject@v8@@@2@@v8@@QEAA@XZ 0000000180003750 f i serialport_win.obj
 0001:00002770       ??1?$basic_string@DU?$char_traits@D@std@@V?$allocator@D@2@@std@@QEAA@XZ 0000000180003770 f i serialport.obj
 0001:000027e0       ??0?$basic_string@DU?$char_traits@D@std@@V?$allocator@D@2@@std@@QEAA@AEBV01@@Z 00000001800037e0 f i serialport.obj
 0001:000028c0       ?assign@?$basic_string@DU?$char_traits@D@std@@V?$allocator@D@2@@std@@QEAAAEAV12@QEBD_K@Z 00000001800038c0 f i serialport.obj
 0001:00002a30       ??$To@VInt32@v8@@@Nan@@YA?AV?$MaybeLocal@VInt32@v8@@@v8@@V?$Local@VValue@v8@@@2@@Z 0000000180003a30 f i serialport.obj
 0001:00002ab0       ??$New@VString@v8@@V?$basic_string@DU?$char_traits@D@std@@V?$allocator@D@2@@std@@@Nan@@YA?AV?$MaybeLocal@VString@v8@@@v8@@V?$basic_string@DU?$char_traits@D@std@@V?$allocator@D@2@@std@@@Z 0000000180003ab0 f i serialport.obj
 0001:00002bb0       ??$SetMethod@VObject@v8@@VLocal@2@@Nan@@YAXV?$Local@VObject@v8@@@v8@@PEBDP6AXAEBV?$FunctionCallbackInfo@VValue@v8@@@0@@Z@Z 0000000180003bb0 f i serialport.obj
 0001:00002dd0       ?_Xlen@?$basic_string@DU?$char_traits@D@std@@V?$allocator@D@2@@std@@SAXXZ 0000000180003dd0 f i serialport.obj
 0001:00002df0       ??$SetMethodAux@V?$Local@VObject@v8@@@v8@@@imp@Nan@@YAXV?$Local@VObject@v8@@@v8@@V?$Local@VString@v8@@@3@V?$Local@VFunctionTemplate@v8@@@3@ZZ 0000000180003df0 f i serialport.obj
 0001:00002e90       __local_stdio_printf_options 0000000180003e90 f i serialport_win.obj
 0001:00002ea0       _snprintf_s                0000000180003ea0 f i serialport_win.obj
 0001:00002f00       ?ErrorCodeToString@@YAXPEBDHPEAD@Z 0000000180003f00 f   serialport_win.obj
 0001:00002fa0       ?AsyncCloseCallback@@YAXPEAUuv_handle_s@@@Z 0000000180003fa0 f   serialport_win.obj
 0001:00002fb0       ?EIO_Open@@YAXPEAUuv_work_s@@@Z 0000000180003fb0 f   serialport_win.obj
 0001:00003370       ?EIO_Update@@YAXPEAUuv_work_s@@@Z 0000000180004370 f   serialport_win.obj
 0001:00003430       ?EIO_Set@@YAXPEAUuv_work_s@@@Z 0000000180004430 f   serialport_win.obj
 0001:00003500       ?EIO_Get@@YAXPEAUuv_work_s@@@Z 0000000180004500 f   serialport_win.obj
 0001:00003580       ?Write@@YAXAEBV?$FunctionCallbackInfo@VValue@v8@@@Nan@@@Z 0000000180004580 f   serialport_win.obj
 0001:00003870       ?WriteIOCompletion@@YAXKKPEAU_OVERLAPPED@@@Z 0000000180004870 f   serialport_win.obj
 0001:000038e0       ?WriteThread@@YAKPEAX@Z    00000001800048e0 f   serialport_win.obj
 0001:000039c0       ?EIO_AfterWrite@@YAXPEAUuv_async_s@@@Z 00000001800049c0 f   serialport_win.obj
 0001:00003af0       ?Read@@YAXAEBV?$FunctionCallbackInfo@VValue@v8@@@Nan@@@Z 0000000180004af0 f   serialport_win.obj
 0001:00003eb0       ?ReadIOCompletion@@YAXKKPEAU_OVERLAPPED@@@Z 0000000180004eb0 f   serialport_win.obj
 0001:00004070       ?ReadThread@@YAKPEAX@Z     0000000180005070 f   serialport_win.obj
 0001:000041b0       ?EIO_AfterRead@@YAXPEAUuv_async_s@@@Z 00000001800051b0 f   serialport_win.obj
 0001:000043a0       ?EIO_Close@@YAXPEAUuv_work_s@@@Z 00000001800053a0 f   serialport_win.obj
 0001:00004470       ?List@@YAXAEBV?$FunctionCallbackInfo@VValue@v8@@@Nan@@@Z 0000000180005470 f   serialport_win.obj
 0001:000045b0       ?EIO_List@@YAXPEAUuv_work_s@@@Z 00000001800055b0 f   serialport_win.obj
 0001:00004b10       ?setIfNotEmpty@@YAXV?$Local@VObject@v8@@@v8@@V?$basic_string@DU?$char_traits@D@std@@V?$allocator@D@2@@std@@PEBD@Z 0000000180005b10 f   serialport_win.obj
 0001:00004ce0       ?EIO_AfterList@@YAXPEAUuv_work_s@@@Z 0000000180005ce0 f   serialport_win.obj
 0001:00005140       ??1ListResultItem@@QEAA@XZ 0000000180006140 f i serialport_win.obj
 0001:000053f0       ?EIO_Flush@@YAXPEAUuv_work_s@@@Z 00000001800063f0 f   serialport_win.obj
 0001:00005430       ?EIO_Drain@@YAXPEAUuv_work_s@@@Z 0000000180006430 f   serialport_win.obj
 0001:00005470       ??1?$list@PEAUListResultItem@@V?$allocator@PEAUListResultItem@@@std@@@std@@QEAA@XZ 0000000180006470 f i serialport_win.obj
 0001:000054d0       ??1?$_List_buy@HV?$allocator@H@std@@@std@@QEAA@XZ 00000001800064d0 f i serialport_win.obj
 0001:00005500       ??1?$_List_buy@PEAUListResultItem@@V?$allocator@PEAUListResultItem@@@std@@@std@@QEAA@XZ 0000000180006500 f i serialport_win.obj
 0001:00005520       ??1?$_List_alloc@U?$_List_base_types@HV?$allocator@H@std@@@std@@@std@@QEAA@XZ 0000000180006520 f i serialport_win.obj
 0001:00005530       ??1?$_List_alloc@U?$_List_base_types@PEAUListResultItem@@V?$allocator@PEAUListResultItem@@@std@@@std@@@std@@QEAA@XZ 0000000180006530 f i serialport_win.obj
 0001:00005538       ??0bad_alloc@std@@QEAA@AEBV01@@Z 0000000180006538 f i libcpmt:xthrow.obj
 0001:00005578       ??0bad_alloc@std@@QEAA@XZ  0000000180006578 f i libcpmt:xthrow.obj
 0001:00005598       ??0exception@std@@QEAA@AEBV01@@Z 0000000180006598 f i libcpmt:xthrow.obj
 0001:000055d0       ??0length_error@std@@QEAA@AEBV01@@Z 00000001800065d0 f i libcpmt:xthrow.obj
 0001:00005610       ??0length_error@std@@QEAA@PEBD@Z 0000000180006610 f i libcpmt:xthrow.obj
 0001:0000565c       ??0logic_error@std@@QEAA@AEBV01@@Z 000000018000665c f i libcpmt:xthrow.obj
 0001:0000569c       ?_Xlength_error@std@@YAXPEBD@Z 000000018000669c f   libcpmt:xthrow.obj
 0001:000056c0       ?what@exception@std@@UEBAPEBDXZ 00000001800066c0 f i libcpmt:xthrow.obj
 0001:000056f0       __security_check_cookie    00000001800066f0 f   LIBCMT:_amdsecgs_.obj
 0001:00005714       ??2@YAPEAX_K@Z             0000000180006714 f   LIBCMT:new_scalar.obj
 0001:00005750       ??3@YAXPEAX@Z              0000000180006750 f   LIBCMT:delete_scalar.obj
 0001:00005758       ??3@YAXPEAX_K@Z            0000000180006758 f   LIBCMT:delete_scalar_size.obj
 0001:00005760       __raise_securityfailure    0000000180006760 f   LIBCMT:gs_report.obj
 0001:00005794       __report_gsfailure         0000000180006794 f   LIBCMT:gs_report.obj
 0001:00005868       __report_rangecheckfailure 0000000180006868 f   LIBCMT:gs_report.obj
 0001:0000587c       __report_securityfailure   000000018000687c f   LIBCMT:gs_report.obj
 0001:000059fc       __scrt_acquire_startup_lock 00000001800069fc f   LIBCMT:utility.obj
 0001:00005a38       __scrt_dllmain_after_initialize_c 0000000180006a38 f   LIBCMT:utility.obj
 0001:00005a6c       __scrt_dllmain_before_initialize_c 0000000180006a6c f   LIBCMT:utility.obj
 0001:00005a84       __scrt_dllmain_crt_thread_attach 0000000180006a84 f   LIBCMT:utility.obj
 0001:00005aac       __scrt_dllmain_crt_thread_detach 0000000180006aac f   LIBCMT:utility.obj
 0001:00005ac4       __scrt_dllmain_exception_filter 0000000180006ac4 f   LIBCMT:utility.obj
 0001:00005b28       __scrt_dllmain_uninitialize_c 0000000180006b28 f   LIBCMT:utility.obj
 0001:00005b58       __scrt_dllmain_uninitialize_critical 0000000180006b58 f   LIBCMT:utility.obj
 0001:00005b6c       __scrt_initialize_crt      0000000180006b6c f   LIBCMT:utility.obj
 0001:00005bb8       __scrt_initialize_onexit_tables 0000000180006bb8 f   LIBCMT:utility.obj
 0001:00005c98       __scrt_is_nonwritable_in_current_image 0000000180006c98 f   LIBCMT:utility.obj
 0001:00005d34       __scrt_release_startup_lock 0000000180006d34 f   LIBCMT:utility.obj
 0001:00005d58       __scrt_uninitialize_crt    0000000180006d58 f   LIBCMT:utility.obj
 0001:00005d84       _onexit                    0000000180006d84 f   LIBCMT:utility.obj
 0001:00005dd4       atexit                     0000000180006dd4 f   LIBCMT:utility.obj
 0001:00006128       _DllMainCRTStartup         0000000180007128 f   LIBCMT:dll_dllmain.obj
 0001:00006168       ??_Etype_info@@UEAAPEAXI@Z 0000000180007168 f i LIBCMT:std_type_info_static.obj
 0001:00006168       ??_Gtype_info@@UEAAPEAXI@Z 0000000180007168 f i LIBCMT:std_type_info_static.obj
 0001:00006194       ??0bad_array_new_length@std@@QEAA@AEBV01@@Z 0000000180007194 f i LIBCMT:throw_bad_alloc.obj
 0001:000061d4       ??0bad_array_new_length@std@@QEAA@XZ 00000001800071d4 f i LIBCMT:throw_bad_alloc.obj
 0001:000061f4       ??1bad_array_new_length@std@@UEAA@XZ 00000001800071f4 f i LIBCMT:throw_bad_alloc.obj
 0001:000061f4       ??1bad_alloc@std@@UEAA@XZ  00000001800071f4 f i libcpmt:xthrow.obj
 0001:000061f4       ??1length_error@std@@UEAA@XZ 00000001800071f4 f i libcpmt:xthrow.obj
 0001:000061f4       ??1bad_exception@std@@UEAA@XZ 00000001800071f4 f i libvcruntime:frame.obj
 0001:00006208       ?_Xbad_alloc@std@@YAXXZ    0000000180007208 f   libcpmt:xthrow.obj
 0001:00006208       ?__scrt_throw_std_bad_alloc@@YAXXZ 0000000180007208 f   LIBCMT:throw_bad_alloc.obj
 0001:00006228       ?__scrt_throw_std_bad_array_new_length@@YAXXZ 0000000180007228 f   LIBCMT:throw_bad_alloc.obj
 0001:00006248       __isa_available_init       0000000180007248 f   LIBCMT:_cpu_disp_.obj
 0001:00006404       _get_startup_argv_mode     0000000180007404 f   LIBCMT:argv_mode.obj
 0001:00006404       DllMain                    0000000180007404 f   LIBCMT:dll_dllmain_stub.obj
 0001:0000640c       __scrt_is_ucrt_dll_in_use  000000018000740c f   LIBCMT:ucrt_detection.obj
 0001:00006418       __crt_debugger_hook        0000000180007418 f   LIBCMT:utility_desktop.obj
 0001:00006420       __scrt_fastfail            0000000180007420 f   LIBCMT:utility_desktop.obj
 0001:0000656c       _guard_check_icall         000000018000756c f i LIBCMT:checkcfg.obj
 0001:00006574       __security_init_cookie     0000000180007574 f   LIBCMT:gs_support.obj
 0001:00006620       ?__scrt_initialize_type_info@@YAXXZ 0000000180007620 f   LIBCMT:tncleanup.obj
 0001:00006630       ?__scrt_uninitialize_type_info@@YAXXZ 0000000180007630 f   LIBCMT:tncleanup.obj
 0001:0000663c       __local_stdio_scanf_options 000000018000763c f i LIBCMT:default_local_stdio_options.obj
 0001:00006644       __scrt_initialize_default_local_stdio_options 0000000180007644 f   LIBCMT:default_local_stdio_options.obj
 0001:00006660       __scrt_get_dyn_tls_init_callback 0000000180007660 f   LIBCMT:dyn_tls_init.obj
 0001:00006668       _RTC_Initialize            0000000180007668 f   LIBCMT:_initsect_.obj
 0001:000066b4       _RTC_Terminate             00000001800076b4 f   LIBCMT:_initsect_.obj
 0001:00006700       _guard_check_icall_nop     0000000180007700 f i LIBCMT:guard_support.obj
 0001:00006710       ?_ExecutionInCatch@@YAHPEAU_xDISPATCHER_CONTEXT@@PEBU_s_FuncInfo@@@Z 0000000180007710 f   libvcruntime:risctrnsctrl.obj
 0001:00006784       ?_GetEstablisherFrame@@YAPEA_KPEA_KPEAU_xDISPATCHER_CONTEXT@@PEBU_s_FuncInfo@@0@Z 0000000180007784 f   libvcruntime:risctrnsctrl.obj
 0001:00006850       ?_GetRangeOfTrysToCheck@@YAPEBU_s_TryBlockMapEntry@@PEA_KPEBU_s_FuncInfo@@HHPEAI2PEAU_xDISPATCHER_CONTEXT@@@Z 0000000180007850 f   libvcruntime:risctrnsctrl.obj
 0001:0000697c       ?__FrameUnwindToEmptyState@@YAXPEA_KPEAU_xDISPATCHER_CONTEXT@@PEBU_s_FuncInfo@@@Z 000000018000797c f   libvcruntime:risctrnsctrl.obj
 0001:00006a10       _CallSETranslator          0000000180007a10 f   libvcruntime:risctrnsctrl.obj
 0001:00006a68       _CreateFrameInfo           0000000180007a68 f   libvcruntime:risctrnsctrl.obj
 0001:00006aa4       _FindAndUnlinkFrame        0000000180007aa4 f   libvcruntime:risctrnsctrl.obj
 0001:00006afc       _GetImageBase              0000000180007afc f   libvcruntime:risctrnsctrl.obj
 0001:00006b10       _GetThrowImageBase         0000000180007b10 f   libvcruntime:risctrnsctrl.obj
 0001:00006b24       _SetImageBase              0000000180007b24 f   libvcruntime:risctrnsctrl.obj
 0001:00006b3c       _SetThrowImageBase         0000000180007b3c f   libvcruntime:risctrnsctrl.obj
 0001:00006b54       _UnwindNestedFrames        0000000180007b54 f   libvcruntime:risctrnsctrl.obj
 0001:00006c78       __CxxFrameHandler3         0000000180007c78 f   libvcruntime:risctrnsctrl.obj
 0001:00006d10       memmove                    0000000180007d10 f   libvcruntime:memcpy.obj
 0001:00006d10       memcpy                     0000000180007d10 f   libvcruntime:memcpy.obj
 0001:00007158       strstr                     0000000180008158 f   libvcruntime:strstr.obj
 0001:00007338       __std_exception_copy       0000000180008338 f   libvcruntime:std_exception.obj
 0001:000073c8       __std_exception_destroy    00000001800083c8 f   libvcruntime:std_exception.obj
 0001:000073f0       _CxxThrowException         00000001800083f0 f   libvcruntime:throw.obj
 0001:000074c8       __vcrt_initialize          00000001800084c8 f   libvcruntime:initialization.obj
 0001:000074fc       __vcrt_thread_attach       00000001800084fc f   libvcruntime:initialization.obj
 0001:00007510       __vcrt_thread_detach       0000000180008510 f   libvcruntime:initialization.obj
 0001:00007524       __vcrt_uninitialize        0000000180008524 f   libvcruntime:initialization.obj
 0001:00007544       __vcrt_uninitialize_critical 0000000180008544 f   libvcruntime:initialization.obj
 0001:00007554       __C_specific_handler       0000000180008554 f   libvcruntime:_riscchandler_.obj
 0001:00007760       memset                     0000000180008760 f   libvcruntime:memset.obj
 0001:00007910       __std_type_info_compare    0000000180008910 f   libvcruntime:std_type_info.obj
 0001:00007938       __std_type_info_destroy_list 0000000180008938 f   libvcruntime:std_type_info.obj
 0001:00007964       __vcrt_freefls             0000000180008964 f   libvcruntime:per_thread_data.obj
 0001:00007984       __vcrt_freeptd             0000000180008984 f   libvcruntime:per_thread_data.obj
 0001:000079d4       __vcrt_getptd              00000001800089d4 f   libvcruntime:per_thread_data.obj
 0001:000079f0       __vcrt_getptd_noexit       00000001800089f0 f   libvcruntime:per_thread_data.obj
 0001:00007aa8       __vcrt_initialize_ptd      0000000180008aa8 f   libvcruntime:per_thread_data.obj
 0001:00007ae8       __vcrt_uninitialize_ptd    0000000180008ae8 f   libvcruntime:per_thread_data.obj
 0001:00007b0c       ?__GetCurrentState@@YAHPEA_KPEAU_xDISPATCHER_CONTEXT@@PEBU_s_FuncInfo@@@Z 0000000180008b0c f   libvcruntime:riscehstate.obj
 0001:00007b34       ?__GetUnwindTryBlock@@YAHPEA_KPEAU_xDISPATCHER_CONTEXT@@PEBU_s_FuncInfo@@@Z 0000000180008b34 f   libvcruntime:riscehstate.obj
 0001:00007b60       ?__SetState@@YAXPEA_KPEAU_xDISPATCHER_CONTEXT@@PEBU_s_FuncInfo@@H@Z 0000000180008b60 f   libvcruntime:riscehstate.obj
 0001:00007b6c       ?__SetUnwindTryBlock@@YAXPEA_KPEAU_xDISPATCHER_CONTEXT@@PEBU_s_FuncInfo@@H@Z 0000000180008b6c f   libvcruntime:riscehstate.obj
 0001:00007ba8       ?__StateFromControlPc@@YAHPEBU_s_FuncInfo@@PEAU_xDISPATCHER_CONTEXT@@@Z 0000000180008ba8 f   libvcruntime:riscehstate.obj
 0001:00007bb0       ?__StateFromIp@@YAHPEBU_s_FuncInfo@@PEAU_xDISPATCHER_CONTEXT@@_K@Z 0000000180008bb0 f   libvcruntime:riscehstate.obj
 0001:00007c1c       ??0bad_exception@std@@QEAA@AEBV01@@Z 0000000180008c1c f i libvcruntime:frame.obj
 0001:00007c5c       ??0bad_exception@std@@QEAA@XZ 0000000180008c5c f i libvcruntime:frame.obj
 0001:00007c7c       ??_Glogic_error@std@@UEAAPEAXI@Z 0000000180008c7c f i libcpmt:xthrow.obj
 0001:00007c7c       ??_Gbad_array_new_length@std@@UEAAPEAXI@Z 0000000180008c7c f i LIBCMT:throw_bad_alloc.obj
 0001:00007c7c       ??_Eexception@std@@UEAAPEAXI@Z 0000000180008c7c f i libcpmt:xthrow.obj
 0001:00007c7c       ??_Ebad_alloc@std@@UEAAPEAXI@Z 0000000180008c7c f i libcpmt:xthrow.obj
 0001:00007c7c       ??_Gexception@std@@UEAAPEAXI@Z 0000000180008c7c f i libcpmt:xthrow.obj
 0001:00007c7c       ??_Glength_error@std@@UEAAPEAXI@Z 0000000180008c7c f i libcpmt:xthrow.obj
 0001:00007c7c       ??_Elength_error@std@@UEAAPEAXI@Z 0000000180008c7c f i libcpmt:xthrow.obj
 0001:00007c7c       ??_Elogic_error@std@@UEAAPEAXI@Z 0000000180008c7c f i libcpmt:xthrow.obj
 0001:00007c7c       ??_Gbad_exception@std@@UEAAPEAXI@Z 0000000180008c7c f i libvcruntime:frame.obj
 0001:00007c7c       ??_Gbad_alloc@std@@UEAAPEAXI@Z 0000000180008c7c f i libcpmt:xthrow.obj
 0001:00007c7c       ??_Ebad_exception@std@@UEAAPEAXI@Z 0000000180008c7c f i libvcruntime:frame.obj
 0001:00007c7c       ??_Ebad_array_new_length@std@@UEAAPEAXI@Z 0000000180008c7c f i LIBCMT:throw_bad_alloc.obj
 0001:0000861c       ?_CallMemberFunction1@@YAXQEAX00@Z 000000018000961c f i libvcruntime:frame.obj
 0001:00008628       ?_CallMemberFunction2@@YAXQEAX00H@Z 0000000180009628 f i libvcruntime:frame.obj
 0001:00008638       __BuildCatchObject         0000000180009638 f   libvcruntime:frame.obj
 0001:000086fc       __BuildCatchObjectHelper   00000001800096fc f   libvcruntime:frame.obj
 0001:000088dc       __CxxCallCatchBlock        00000001800098dc f   libvcruntime:frame.obj
 0001:00008ac8       __FrameUnwindToState       0000000180009ac8 f   libvcruntime:frame.obj
 0001:00008c5c       __InternalCxxFrameHandler  0000000180009c5c f   libvcruntime:frame.obj
 0001:00008eb0       __TypeMatch                0000000180009eb0 f   libvcruntime:frame.obj
 0001:00008ff0       __vcrt_initialize_locks    0000000180009ff0 f   libvcruntime:locks.obj
 0001:00009038       __vcrt_uninitialize_locks  000000018000a038 f   libvcruntime:locks.obj
 0001:00009248       __vcrt_FlsAlloc            000000018000a248 f   libvcruntime:winapi_downlevel.obj
 0001:0000929c       __vcrt_FlsFree             000000018000a29c f   libvcruntime:winapi_downlevel.obj
 0001:000092f0       __vcrt_FlsGetValue         000000018000a2f0 f   libvcruntime:winapi_downlevel.obj
 0001:00009344       __vcrt_FlsSetValue         000000018000a344 f   libvcruntime:winapi_downlevel.obj
 0001:000093ac       __vcrt_InitializeCriticalSectionEx 000000018000a3ac f   libvcruntime:winapi_downlevel.obj
 0001:00009424       __vcrt_initialize_winapi_thunks 000000018000a424 f   libvcruntime:winapi_downlevel.obj
 0001:00009468       __vcrt_uninitialize_winapi_thunks 000000018000a468 f   libvcruntime:winapi_downlevel.obj
 0001:000094a8       __vcrt_initialize_pure_virtual_call_handler 000000018000a4a8 f   libvcruntime:purevirt_data.obj
 0001:000094e0       _local_unwind              000000018000a4e0 f   libvcruntime:_jmpuwind_.obj
 0001:00009510       _NLG_Notify                000000018000a510 f   libvcruntime:_jmpuwind_.obj
 0001:00009530       __NLG_Dispatch2            000000018000a530 f   libvcruntime:_jmpuwind_.obj
 0001:00009540       __NLG_Return2              000000018000a540 f   libvcruntime:_jmpuwind_.obj
 0001:00009544       __except_validate_context_record 000000018000a544 f   libvcruntime:jbcxrval.obj
 0001:00009590       _CallSettingFrame          000000018000a590 f   libvcruntime:handlers.obj
 0001:000095d0       __DestructExceptionObject  000000018000a5d0 f   libvcruntime:ehhelpers.obj
 0001:00009658       ?_CallMemberFunction0@@YAXQEAX0@Z 000000018000a658 f i libvcruntime:ehhelpers.obj
 0001:0000965c       _IsExceptionObjectToBeDestroyed 000000018000a65c f   libvcruntime:ehhelpers.obj
 0001:0000968c       __AdjustPointer            000000018000a68c f   libvcruntime:ehhelpers.obj
 0001:000096b0       __FrameUnwindFilter        000000018000a6b0 f   libvcruntime:ehhelpers.obj
 0001:000096fc       free                       000000018000a6fc f   libucrt:free.obj
 0001:0000a0e4       ??$ftprintf@PEAU_iobuf@@PEB_WAEBQEB_WAEBQEB_WAEBI@?$__crt_char_traits@_W@@SAH$$QEAPEAU_iobuf@@$$QEAPEB_WAEBQEB_W2AEBI@Z 000000018000b0e4 f i libucrt:assert.obj
 0001:0000a10c       _wassert                   000000018000b10c f   libucrt:assert.obj
 0001:0000a190       fwprintf                   000000018000b190 f i libucrt:assert.obj
 0001:0000a1d4       swprintf                   000000018000b1d4 f i libucrt:assert.obj
 0001:0000a228       __acrt_call_reportfault    000000018000b228 f   libucrt:invalid_parameter.obj
 0001:0000a384       __acrt_initialize_invalid_parameter_handler 000000018000b384 f   libucrt:invalid_parameter.obj
 0001:0000a38c       _invalid_parameter         000000018000b38c f   libucrt:invalid_parameter.obj
 0001:0000a43c       _invalid_parameter_noinfo  000000018000b43c f   libucrt:invalid_parameter.obj
 0001:0000a45c       _invalid_parameter_noinfo_noreturn 000000018000b45c f   libucrt:invalid_parameter.obj
 0001:0000a48c       _invoke_watson             000000018000b48c f   libucrt:invalid_parameter.obj
 0001:0000a4d4       malloc                     000000018000b4d4 f   libucrt:malloc.obj
 0001:0000a4dc       strncpy_s                  000000018000b4dc f   libucrt:strncpy_s.obj
 0001:0000a990       ??$ensure_buffer_is_big_enough@D@formatting_buffer@__crt_stdio_output@@QEAA_N_K@Z 000000018000b990 f i libucrt:output.obj
 0001:0000aa38       ??$ensure_buffer_is_big_enough@_W@formatting_buffer@__crt_stdio_output@@QEAA_N_K@Z 000000018000ba38 f i libucrt:output.obj
 0001:0000aae4       ??$is_wide_character_specifier@_W@__crt_stdio_output@@YA_N_K_WW4length_modifier@0@@Z 000000018000bae4 f i libucrt:output.obj
 0001:0000ab24       ??$type_case_integer_parse_into_buffer@I@?$output_processor@DV?$string_output_adapter@D@__crt_stdio_output@@V?$format_validation_base@DV?$string_output_adapter@D@__crt_stdio_output@@@2@@__crt_stdio_output@@AEAAXII_N@Z 000000018000bb24 f i libucrt:output.obj
 0001:0000abac       ??$type_case_integer_parse_into_buffer@I@?$output_processor@_WV?$string_output_adapter@_W@__crt_stdio_output@@V?$standard_base@_WV?$string_output_adapter@_W@__crt_stdio_output@@@2@@__crt_stdio_output@@AEAAXII_N@Z 000000018000bbac f i libucrt:output.obj
 0001:0000abac       ??$type_case_integer_parse_into_buffer@I@?$output_processor@_WV?$stream_output_adapter@_W@__crt_stdio_output@@V?$standard_base@_WV?$stream_output_adapter@_W@__crt_stdio_output@@@2@@__crt_stdio_output@@AEAAXII_N@Z 000000018000bbac f i libucrt:output.obj
 0001:0000ac48       ??$type_case_integer_parse_into_buffer@_K@?$output_processor@DV?$string_output_adapter@D@__crt_stdio_output@@V?$format_validation_base@DV?$string_output_adapter@D@__crt_stdio_output@@@2@@__crt_stdio_output@@AEAAX_KI_N@Z 000000018000bc48 f i libucrt:output.obj
 0001:0000acd8       ??$type_case_integer_parse_into_buffer@_K@?$output_processor@_WV?$string_output_adapter@_W@__crt_stdio_output@@V?$standard_base@_WV?$string_output_adapter@_W@__crt_stdio_output@@@2@@__crt_stdio_output@@AEAAX_KI_N@Z 000000018000bcd8 f i libucrt:output.obj
 0001:0000acd8       ??$type_case_integer_parse_into_buffer@_K@?$output_processor@_WV?$stream_output_adapter@_W@__crt_stdio_output@@V?$standard_base@_WV?$stream_output_adapter@_W@__crt_stdio_output@@@2@@__crt_stdio_output@@AEAAX_KI_N@Z 000000018000bcd8 f i libucrt:output.obj
 0001:0000ad78       ??$write_multiple_characters@V?$stream_output_adapter@_W@__crt_stdio_output@@D@__crt_stdio_output@@YAXAEBV?$stream_output_adapter@_W@0@DHQEAH@Z 000000018000bd78 f i libucrt:output.obj
 0001:0000ae04       ??$write_multiple_characters@V?$string_output_adapter@D@__crt_stdio_output@@D@__crt_stdio_output@@YAXAEBV?$string_output_adapter@D@0@DHQEAH@Z 000000018000be04 f i libucrt:output.obj
 0001:0000ae60       ??$write_multiple_characters@V?$string_output_adapter@_W@__crt_stdio_output@@D@__crt_stdio_output@@YAXAEBV?$string_output_adapter@_W@0@DHQEAH@Z 000000018000be60 f i libucrt:output.obj
 0001:0000aed0       ??0_LocaleUpdate@@QEAA@QEAU__crt_locale_pointers@@@Z 000000018000bed0 f i libucrt:output.obj
 0001:0000b094       ?force_decimal_point@__crt_stdio_output@@YAXPEADQEAU__crt_locale_pointers@@@Z 000000018000c094 f i libucrt:output.obj
 0001:0000b104       ?parse_int_from_format_string@?$output_processor@DV?$string_output_adapter@D@__crt_stdio_output@@V?$format_validation_base@DV?$string_output_adapter@D@__crt_stdio_output@@@2@@__crt_stdio_output@@AEAA_NQEAH@Z 000000018000c104 f i libucrt:output.obj
 0001:0000b1a8       ?parse_int_from_format_string@?$output_processor@_WV?$string_output_adapter@_W@__crt_stdio_output@@V?$standard_base@_WV?$string_output_adapter@_W@__crt_stdio_output@@@2@@__crt_stdio_output@@AEAA_NQEAH@Z 000000018000c1a8 f i libucrt:output.obj
 0001:0000b1a8       ?parse_int_from_format_string@?$output_processor@_WV?$stream_output_adapter@_W@__crt_stdio_output@@V?$standard_base@_WV?$stream_output_adapter@_W@__crt_stdio_output@@@2@@__crt_stdio_output@@AEAA_NQEAH@Z 000000018000c1a8 f i libucrt:output.obj
 0001:0000b24c       ?process@?$output_processor@DV?$string_output_adapter@D@__crt_stdio_output@@V?$format_validation_base@DV?$string_output_adapter@D@__crt_stdio_output@@@2@@__crt_stdio_output@@QEAAHXZ 000000018000c24c f i libucrt:output.obj
 0001:0000b468       ?process@?$output_processor@_WV?$stream_output_adapter@_W@__crt_stdio_output@@V?$standard_base@_WV?$stream_output_adapter@_W@__crt_stdio_output@@@2@@__crt_stdio_output@@QEAAHXZ 000000018000c468 f i libucrt:output.obj
 0001:0000b6d8       ?process@?$output_processor@_WV?$string_output_adapter@_W@__crt_stdio_output@@V?$standard_base@_WV?$string_output_adapter@_W@__crt_stdio_output@@@2@@__crt_stdio_output@@QEAAHXZ 000000018000c6d8 f i libucrt:output.obj
 0001:0000b940       ?state_case_normal@?$output_processor@DV?$string_output_adapter@D@__crt_stdio_output@@V?$format_validation_base@DV?$string_output_adapter@D@__crt_stdio_output@@@2@@__crt_stdio_output@@AEAA_NXZ 000000018000c940 f i libucrt:output.obj
 0001:0000b9b4       ?state_case_normal_tchar@?$output_processor@DV?$string_output_adapter@D@__crt_stdio_output@@V?$format_validation_base@DV?$string_output_adapter@D@__crt_stdio_output@@@2@@__crt_stdio_output@@AEAA_ND@Z 000000018000c9b4 f i libucrt:output.obj
 0001:0000ba4c       ?state_case_size@?$output_processor@DV?$string_output_adapter@D@__crt_stdio_output@@V?$format_validation_base@DV?$string_output_adapter@D@__crt_stdio_output@@@2@@__crt_stdio_output@@AEAA_NXZ 000000018000ca4c f i libucrt:output.obj
 0001:0000bbc8       ?state_case_size@?$output_processor@_WV?$stream_output_adapter@_W@__crt_stdio_output@@V?$standard_base@_WV?$stream_output_adapter@_W@__crt_stdio_output@@@2@@__crt_stdio_output@@AEAA_NXZ 000000018000cbc8 f i libucrt:output.obj
 0001:0000bd6c       ?state_case_size@?$output_processor@_WV?$string_output_adapter@_W@__crt_stdio_output@@V?$standard_base@_WV?$string_output_adapter@_W@__crt_stdio_output@@@2@@__crt_stdio_output@@AEAA_NXZ 000000018000cd6c f i libucrt:output.obj
 0001:0000bf10       ?state_case_type@?$output_processor@DV?$string_output_adapter@D@__crt_stdio_output@@V?$format_validation_base@DV?$string_output_adapter@D@__crt_stdio_output@@@2@@__crt_stdio_output@@AEAA_NXZ 000000018000cf10 f i libucrt:output.obj
 0001:0000c184       ?state_case_type@?$output_processor@_WV?$stream_output_adapter@_W@__crt_stdio_output@@V?$standard_base@_WV?$stream_output_adapter@_W@__crt_stdio_output@@@2@@__crt_stdio_output@@AEAA_NXZ 000000018000d184 f i libucrt:output.obj
 0001:0000c470       ?state_case_type@?$output_processor@_WV?$string_output_adapter@_W@__crt_stdio_output@@V?$standard_base@_WV?$string_output_adapter@_W@__crt_stdio_output@@@2@@__crt_stdio_output@@AEAA_NXZ 000000018000d470 f i libucrt:output.obj
 0001:0000c74c       ?type_case_Z@?$output_processor@DV?$string_output_adapter@D@__crt_stdio_output@@V?$format_validation_base@DV?$string_output_adapter@D@__crt_stdio_output@@@2@@__crt_stdio_output@@AEAA_NXZ 000000018000d74c f i libucrt:output.obj
 0001:0000c7cc       ?type_case_Z@?$output_processor@_WV?$string_output_adapter@_W@__crt_stdio_output@@V?$standard_base@_WV?$string_output_adapter@_W@__crt_stdio_output@@@2@@__crt_stdio_output@@AEAA_NXZ 000000018000d7cc f i libucrt:output.obj
 0001:0000c7cc       ?type_case_Z@?$output_processor@_WV?$stream_output_adapter@_W@__crt_stdio_output@@V?$standard_base@_WV?$stream_output_adapter@_W@__crt_stdio_output@@@2@@__crt_stdio_output@@AEAA_NXZ 000000018000d7cc f i libucrt:output.obj
 0001:0000c84c       ?type_case_a@?$output_processor@DV?$string_output_adapter@D@__crt_stdio_output@@V?$format_validation_base@DV?$string_output_adapter@D@__crt_stdio_output@@@2@@__crt_stdio_output@@AEAA_NXZ 000000018000d84c f i libucrt:output.obj
 0001:0000ca64       ?type_case_a@?$output_processor@_WV?$string_output_adapter@_W@__crt_stdio_output@@V?$standard_base@_WV?$string_output_adapter@_W@__crt_stdio_output@@@2@@__crt_stdio_output@@AEAA_NXZ 000000018000da64 f i libucrt:output.obj
 0001:0000ca64       ?type_case_a@?$output_processor@_WV?$stream_output_adapter@_W@__crt_stdio_output@@V?$standard_base@_WV?$stream_output_adapter@_W@__crt_stdio_output@@@2@@__crt_stdio_output@@AEAA_NXZ 000000018000da64 f i libucrt:output.obj
 0001:0000cca4       ?type_case_c_tchar@?$output_processor@DV?$string_output_adapter@D@__crt_stdio_output@@V?$format_validation_base@DV?$string_output_adapter@D@__crt_stdio_output@@@2@@__crt_stdio_output@@AEAA_ND@Z 000000018000dca4 f i libucrt:output.obj
 0001:0000cd70       ?type_case_c_tchar@?$output_processor@_WV?$stream_output_adapter@_W@__crt_stdio_output@@V?$standard_base@_WV?$stream_output_adapter@_W@__crt_stdio_output@@@2@@__crt_stdio_output@@AEAA_N_W@Z 000000018000dd70 f i libucrt:output.obj
 0001:0000cd70       ?type_case_c_tchar@?$output_processor@_WV?$string_output_adapter@_W@__crt_stdio_output@@V?$standard_base@_WV?$string_output_adapter@_W@__crt_stdio_output@@@2@@__crt_stdio_output@@AEAA_N_W@Z 000000018000dd70 f i libucrt:output.obj
 0001:0000ce18       ?type_case_integer@?$output_processor@DV?$string_output_adapter@D@__crt_stdio_output@@V?$format_validation_base@DV?$string_output_adapter@D@__crt_stdio_output@@@2@@__crt_stdio_output@@AEAA_NI_N@Z 000000018000de18 f i libucrt:output.obj
 0001:0000cfdc       ?type_case_integer@?$output_processor@_WV?$string_output_adapter@_W@__crt_stdio_output@@V?$standard_base@_WV?$string_output_adapter@_W@__crt_stdio_output@@@2@@__crt_stdio_output@@AEAA_NI_N@Z 000000018000dfdc f i libucrt:output.obj
 0001:0000cfdc       ?type_case_integer@?$output_processor@_WV?$stream_output_adapter@_W@__crt_stdio_output@@V?$standard_base@_WV?$stream_output_adapter@_W@__crt_stdio_output@@@2@@__crt_stdio_output@@AEAA_NI_N@Z 000000018000dfdc f i libucrt:output.obj
 0001:0000d1a8       ?type_case_n@?$output_processor@_WV?$string_output_adapter@_W@__crt_stdio_output@@V?$standard_base@_WV?$string_output_adapter@_W@__crt_stdio_output@@@2@@__crt_stdio_output@@AEAA_NXZ 000000018000e1a8 f i libucrt:output.obj
 0001:0000d1a8       ?type_case_n@?$output_processor@_WV?$stream_output_adapter@_W@__crt_stdio_output@@V?$standard_base@_WV?$stream_output_adapter@_W@__crt_stdio_output@@@2@@__crt_stdio_output@@AEAA_NXZ 000000018000e1a8 f i libucrt:output.obj
 0001:0000d1a8       ?type_case_n@?$output_processor@DV?$string_output_adapter@D@__crt_stdio_output@@V?$format_validation_base@DV?$string_output_adapter@D@__crt_stdio_output@@@2@@__crt_stdio_output@@AEAA_NXZ 000000018000e1a8 f i libucrt:output.obj
 0001:0000d284       ?type_case_s@?$output_processor@DV?$string_output_adapter@D@__crt_stdio_output@@V?$format_validation_base@DV?$string_output_adapter@D@__crt_stdio_output@@@2@@__crt_stdio_output@@AEAA_NXZ 000000018000e284 f i libucrt:output.obj
 0001:0000d320       ?type_case_s@?$output_processor@_WV?$stream_output_adapter@_W@__crt_stdio_output@@V?$standard_base@_WV?$stream_output_adapter@_W@__crt_stdio_output@@@2@@__crt_stdio_output@@AEAA_NXZ 000000018000e320 f i libucrt:output.obj
 0001:0000d320       ?type_case_s@?$output_processor@_WV?$string_output_adapter@_W@__crt_stdio_output@@V?$standard_base@_WV?$string_output_adapter@_W@__crt_stdio_output@@@2@@__crt_stdio_output@@AEAA_NXZ 000000018000e320 f i libucrt:output.obj
 0001:0000d3e8       ?write_stored_string_tchar@?$output_processor@DV?$string_output_adapter@D@__crt_stdio_output@@V?$format_validation_base@DV?$string_output_adapter@D@__crt_stdio_output@@@2@@__crt_stdio_output@@AEAA_ND@Z 000000018000e3e8 f i libucrt:output.obj
 0001:0000d4c0       ?write_stored_string_tchar@?$output_processor@_WV?$stream_output_adapter@_W@__crt_stdio_output@@V?$standard_base@_WV?$stream_output_adapter@_W@__crt_stdio_output@@@2@@__crt_stdio_output@@AEAA_N_W@Z 000000018000e4c0 f i libucrt:output.obj
 0001:0000d5c8       ?write_stored_string_tchar@?$output_processor@_WV?$string_output_adapter@_W@__crt_stdio_output@@V?$standard_base@_WV?$string_output_adapter@_W@__crt_stdio_output@@@2@@__crt_stdio_output@@AEAA_N_W@Z 000000018000e5c8 f i libucrt:output.obj
 0001:0000d6b8       ?write_string@?$string_output_adapter@D@__crt_stdio_output@@QEBAXQEBDHQEAHAEAV__crt_deferred_errno_cache@@@Z 000000018000e6b8 f i libucrt:output.obj
 0001:0000d75c       ?write_string@?$string_output_adapter@_W@__crt_stdio_output@@QEBAXQEB_WHQEAHAEAV__crt_deferred_errno_cache@@@Z 000000018000e75c f i libucrt:output.obj
 0001:0000d804       ?write_string_impl@?$output_adapter_common@_WV?$stream_output_adapter@_W@__crt_stdio_output@@@__crt_stdio_output@@IEBAXQEB_WHQEAHAEAV__crt_deferred_errno_cache@@@Z 000000018000e804 f i libucrt:output.obj
 0001:0000d908       __stdio_common_vfwprintf   000000018000e908 f   libucrt:output.obj
 0001:0000d994       __stdio_common_vsnprintf_s 000000018000e994 f   libucrt:output.obj
 0001:0000dae0       __stdio_common_vswprintf   000000018000eae0 f   libucrt:output.obj
 0001:0000db00       strncpy                    000000018000eb00 f   libucrt:strncpy.obj
 0001:0000dc64       __acrt_initialize_new_handler 000000018000ec64 f   libucrt:new_handler.obj
 0001:0000dc6c       _callnewh                  000000018000ec6c f   libucrt:new_handler.obj
 0001:0000dc9c       _query_new_handler         000000018000ec9c f   libucrt:new_handler.obj
 0001:0000dcd0       _seh_filter_dll            000000018000ecd0 f   libucrt:exception_filter.obj
 0001:0000dce4       _seh_filter_exe            000000018000ece4 f   libucrt:exception_filter.obj
 0001:0000e0f0       __acrt_initialize_thread_local_exit_callback 000000018000f0f0 f   libucrt:exit.obj
 0001:0000e0f8       _cexit                     000000018000f0f8 f   libucrt:exit.obj
 0001:0000e108       _exit                      000000018000f108 f   libucrt:exit.obj
 0001:0000e114       _is_c_termination_complete 000000018000f114 f   libucrt:exit.obj
 0001:0000e2d8       __acrt_allocate_buffer_for_argv 000000018000f2d8 f   libucrt:argv_parsing.obj
 0001:0000e338       _configure_narrow_argv     000000018000f338 f   libucrt:argv_parsing.obj
 0001:0000e6b4       __dcrt_uninitialize_environments_nolock 000000018000f6b4 f   libucrt:environment_initialization.obj
 0001:0000e6ec       _initialize_narrow_environment 000000018000f6ec f   libucrt:environment_initialization.obj
 0001:0000ea7c       _crt_atexit                000000018000fa7c f   libucrt:onexit.obj
 0001:0000ea8c       _execute_onexit_table      000000018000fa8c f   libucrt:onexit.obj
 0001:0000eac8       _initialize_onexit_table   000000018000fac8 f   libucrt:onexit.obj
 0001:0000eb08       _register_onexit_function  000000018000fb08 f   libucrt:onexit.obj
 0001:0000eb88       __acrt_uninitialize_command_line 000000018000fb88 f   libucrt:argv_data.obj
 0001:0000ec94       __acrt_initialize          000000018000fc94 f   libucrt:initialization.obj
 0001:0000eca8       __acrt_thread_attach       000000018000fca8 f   libucrt:initialization.obj
 0001:0000ecbc       __acrt_thread_detach       000000018000fcbc f   libucrt:initialization.obj
 0001:0000eccc       __acrt_uninitialize        000000018000fccc f   libucrt:initialization.obj
 0001:0000ed04       __acrt_uninitialize_critical 000000018000fd04 f   libucrt:initialization.obj
 0001:0000ed14       _initterm                  000000018000fd14 f   libucrt:initterm.obj
 0001:0000ed78       _initterm_e                000000018000fd78 f   libucrt:initterm.obj
 0001:0000edb8       terminate                  000000018000fdb8 f   libucrt:terminate.obj
 0001:0000edd8       __ascii_strnicmp           000000018000fdd8 f   libucrt:strnicmp.obj
 0001:0000ee34       _strnicmp                  000000018000fe34 f   libucrt:strnicmp.obj
 0001:0000ee34       strnicmp                   000000018000fe34 f   libucrt:strnicmp.obj
 0001:0000ee84       _strnicmp_l                000000018000fe84 f   libucrt:strnicmp.obj
 0001:0000ef60       _strdup                    000000018000ff60 f   libucrt:strdup.obj
 0001:0000ef60       strdup                     000000018000ff60 f   libucrt:strdup.obj
 0001:0000efd8       strcpy_s                   000000018000ffd8 f   libucrt:strcpy_s.obj
 0001:0000f038       _free_base                 0000000180010038 f   libucrt:free_base.obj
 0001:0000f078       _malloc_base               0000000180010078 f   libucrt:malloc_base.obj
 0001:0000f0d8       abort                      00000001800100d8 f   libucrt:abort.obj
 0001:0000f130       _calloc_base               0000000180010130 f   libucrt:calloc_base.obj
 0001:0000f1a8       wcsncmp                    00000001800101a8 f   libucrt:wcsncmp.obj
 0001:0000f1d4       ??$parse_integer@KV?$c_string_character_source@D@__crt_strtox@@@__crt_strtox@@YAKQEAU__crt_locale_pointers@@V?$c_string_character_source@D@0@H_N@Z 00000001800101d4 f i libucrt:atox.obj
 0001:0000f4f0       ??$parse_integer@KV?$c_string_character_source@_W@__crt_strtox@@@__crt_strtox@@YAKQEAU__crt_locale_pointers@@V?$c_string_character_source@_W@0@H_N@Z 00000001800104f0 f i libucrt:atox.obj
 0001:0000fbb4       _query_app_type            0000000180010bb4 f   libucrt:report_runtime_error.obj
 0001:0000fbbc       __acrt_errno_from_os_error 0000000180010bbc f   libucrt:errno.obj
 0001:0000fc04       __acrt_errno_map_os_error  0000000180010c04 f   libucrt:errno.obj
 0001:0000fc54       __doserrno                 0000000180010c54 f   libucrt:errno.obj
 0001:0000fc74       _errno                     0000000180010c74 f   libucrt:errno.obj
 0001:0000fda8       _itow_s                    0000000180010da8 f   libucrt:xtoa.obj
 0001:0000fdc8       _set_error_mode            0000000180010dc8 f   libucrt:set_error_mode.obj
 0001:0000fe08       wcscat_s                   0000000180010e08 f   libucrt:wcscat_s.obj
 0001:0000fe88       wcscpy_s                   0000000180010e88 f   libucrt:wcscpy_s.obj
 0001:0000fef0       wcsncat_s                  0000000180010ef0 f   libucrt:wcsncat_s.obj
 0001:0000fff0       __acrt_show_wide_message_box 0000000180010ff0 f   libucrt:crtmbox.obj
 0001:00010094       __acrt_initialize_stdio    0000000180011094 f   libucrt:_file.obj
 0001:000101b4       __acrt_iob_func            00000001800111b4 f   libucrt:_file.obj
 0001:000101c8       __acrt_uninitialize_stdio  00000001800111c8 f   libucrt:_file.obj
 0001:00010224       _lock_file                 0000000180011224 f   libucrt:_file.obj
 0001:00010230       _unlock_file               0000000180011230 f   libucrt:_file.obj
 0001:00010460       __acrt_stdio_flush_nolock  0000000180011460 f   libucrt:fflush.obj
 0001:000104dc       _fflush_nolock             00000001800114dc f   libucrt:fflush.obj
 0001:00010528       _flushall                  0000000180011528 f   libucrt:fflush.obj
 0001:00010530       fflush                     0000000180011530 f   libucrt:fflush.obj
 0001:000106c8       setvbuf                    00000001800116c8 f   libucrt:setvbuf.obj
 0001:000107ac       __acrt_get_sigabrt_handler 00000001800117ac f   libucrt:signal.obj
 0001:000107dc       __acrt_initialize_signal_handlers 00000001800117dc f   libucrt:signal.obj
 0001:000107fc       raise                      00000001800117fc f   libucrt:signal.obj
 0001:00010de8       __acrt_freeptd             0000000180011de8 f   libucrt:per_thread_data.obj
 0001:00010e2c       __acrt_getptd              0000000180011e2c f   libucrt:per_thread_data.obj
 0001:00010ef8       __acrt_getptd_head         0000000180011ef8 f   libucrt:per_thread_data.obj
 0001:00010fa0       __acrt_getptd_noexit       0000000180011fa0 f   libucrt:per_thread_data.obj
 0001:00011070       __acrt_initialize_ptd      0000000180012070 f   libucrt:per_thread_data.obj
 0001:000110ac       __acrt_uninitialize_ptd    00000001800120ac f   libucrt:per_thread_data.obj
 0001:000110d0       isdigit                    00000001800120d0 f i libucrt:_ctype.obj
 0001:00011188       _tolower_l                 0000000180012188 f   libucrt:tolower_toupper.obj
 0001:000112c8       tolower                    00000001800122c8 f   libucrt:tolower_toupper.obj
 0001:000112f4       strtol                     00000001800122f4 f   libucrt:strtox.obj
 0001:00011320       wcstol                     0000000180012320 f   libucrt:strtox.obj
 0001:0001134c       _mbtowc_l                  000000018001234c f   libucrt:mbtowc.obj
 0001:00011494       mbtowc                     0000000180012494 f   libucrt:mbtowc.obj
 0001:0001149c       _wctomb_s_l                000000018001249c f   libucrt:wctomb.obj
 0001:00011620       wctomb_s                   0000000180012620 f   libucrt:wctomb.obj
 0001:00011634       strnlen                    0000000180012634 f   libucrt:strnlen.obj
 0001:00011778       wcsnlen                    0000000180012778 f   libucrt:strnlen.obj
 0001:00011940       __acrt_update_locale_info  0000000180012940 f   libucrt:locale_update.obj
 0001:00011974       __acrt_update_multibyte_info 0000000180012974 f   libucrt:locale_update.obj
 0001:00012364       __acrt_fp_format           0000000180013364 f   libucrt:cvt.obj
 0001:000125ec       _fputwc_nolock             00000001800135ec f   libucrt:fputwc.obj
 0001:00012764       _fileno                    0000000180013764 f   libucrt:fileno.obj
 0001:0001278c       _fputc_nolock              000000018001378c f   libucrt:fputc.obj
 0001:000127a4       _get_printf_count_output   00000001800137a4 f   libucrt:printf_count_output.obj
 0001:000127bc       __acrt_stdio_begin_temporary_buffering_nolock 00000001800137bc f   libucrt:_sftbuf.obj
 0001:0001288c       __acrt_stdio_end_temporary_buffering_nolock 000000018001388c f   libucrt:_sftbuf.obj
 0001:00012938       __acrt_set_locale_changed  0000000180013938 f   libucrt:wsetlocale.obj
 0001:00012944       __acrt_uninitialize_locale 0000000180013944 f   libucrt:wsetlocale.obj
 0001:00012b5c       __acrt_initialize_lowio    0000000180013b5c f   libucrt:ioinit.obj
 0001:00012b98       __acrt_uninitialize_lowio  0000000180013b98 f   libucrt:ioinit.obj
 0001:00012bd8       __acrt_initialize_locks    0000000180013bd8 f   libucrt:locks.obj
 0001:00012c20       __acrt_lock                0000000180013c20 f   libucrt:locks.obj
 0001:00012c3c       __acrt_uninitialize_locks  0000000180013c3c f   libucrt:locks.obj
 0001:00012c74       __acrt_unlock              0000000180013c74 f   libucrt:locks.obj
 0001:00012c90       __acrt_get_developer_information_policy 0000000180013c90 f   libucrt:win_policies.obj
 0001:00012ce4       __acrt_get_process_end_policy 0000000180013ce4 f   libucrt:win_policies.obj
 0001:00012d20       __acrt_get_windowing_model_policy 0000000180013d20 f   libucrt:win_policies.obj
 0001:000132f0       __acrt_expand_narrow_argv_wildcards 00000001800142f0 f   libucrt:argv_wildcards.obj
 0001:00013a38       __acrt_initialize_multibyte 0000000180014a38 f   libucrt:mbctype.obj
 0001:00013a98       __acrt_update_thread_multibyte_data 0000000180014a98 f   libucrt:mbctype.obj
 0001:00013ab4       _setmbcp_nolock            0000000180014ab4 f   libucrt:mbctype.obj
 0001:00013dec       _ismbblead                 0000000180014dec f   libucrt:ismbbyte.obj
 0001:00013e00       __acrt_initialize_command_line 0000000180014e00 f   libucrt:argv_data.obj
 0001:00013e28       __dcrt_get_narrow_environment_from_os 0000000180014e28 f   libucrt:get_environment_from_os.obj
 0001:00013f2c       _recalloc                  0000000180014f2c f   libucrt:recalloc.obj
 0001:00013f34       _recalloc_base             0000000180014f34 f   libucrt:recalloc.obj
 0001:000141a4       __acrt_AppPolicyGetProcessTerminationMethodInternal 00000001800151a4 f   libucrt:winapi_thunks.obj
 0001:000141f4       __acrt_AppPolicyGetShowDeveloperDiagnosticInternal 00000001800151f4 f   libucrt:winapi_thunks.obj
 0001:00014244       __acrt_AppPolicyGetWindowingModelInternal 0000000180015244 f   libucrt:winapi_thunks.obj
 0001:00014294       __acrt_FlsAlloc            0000000180015294 f   libucrt:winapi_thunks.obj
 0001:000142dc       __acrt_FlsFree             00000001800152dc f   libucrt:winapi_thunks.obj
 0001:00014324       __acrt_FlsGetValue         0000000180015324 f   libucrt:winapi_thunks.obj
 0001:0001436c       __acrt_FlsSetValue         000000018001536c f   libucrt:winapi_thunks.obj
 0001:000143c0       __acrt_InitializeCriticalSectionEx 00000001800153c0 f   libucrt:winapi_thunks.obj
 0001:00014424       __acrt_LCMapStringEx       0000000180015424 f   libucrt:winapi_thunks.obj
 0001:00014500       __acrt_LocaleNameToLCID    0000000180015500 f   libucrt:winapi_thunks.obj
 0001:00014550       __acrt_MessageBoxW         0000000180015550 f   libucrt:winapi_thunks.obj
 0001:000145c4       __acrt_OutputDebugStringW  00000001800155c4 f   libucrt:winapi_thunks.obj
 0001:000145cc       __acrt_can_show_message_box 00000001800155cc f   libucrt:winapi_thunks.obj
 0001:0001463c       __acrt_get_parent_window   000000018001563c f   libucrt:winapi_thunks.obj
 0001:000146b8       __acrt_initialize_winapi_thunks 00000001800156b8 f   libucrt:winapi_thunks.obj
 0001:00014700       __acrt_is_interactive      0000000180015700 f   libucrt:winapi_thunks.obj
 0001:000147c8       __acrt_uninitialize_winapi_thunks 00000001800157c8 f   libucrt:winapi_thunks.obj
 0001:0001480c       __acrt_initialize_heap     000000018001580c f   libucrt:heap_handle.obj
 0001:00014828       __acrt_uninitialize_heap   0000000180015828 f   libucrt:heap_handle.obj
 0001:00014834       __acrt_execute_initializers 0000000180015834 f   libucrt:shared_initialization.obj
 0001:000148b4       __acrt_execute_uninitializers 00000001800158b4 f   libucrt:shared_initialization.obj
 0001:000148f0       __acrt_has_user_matherr    00000001800158f0 f   libucrt:matherr.obj
 0001:00014910       __acrt_initialize_user_matherr 0000000180015910 f   libucrt:matherr.obj
 0001:00014918       __acrt_invoke_user_matherr 0000000180015918 f   libucrt:matherr.obj
 0001:00014948       _query_new_mode            0000000180015948 f   libucrt:new_mode.obj
 0001:00014950       __pctype_func              0000000180015950 f   libucrt:ctype.obj
 0001:00014980       iswctype                   0000000180015980 f   libucrt:iswctype.obj
 0001:000149f0       _isctype_l                 00000001800159f0 f   libucrt:isctype.obj
 0001:00014b00       _fcloseall                 0000000180015b00 f   libucrt:closeall.obj
 0001:00014bb4       __acrt_stdio_free_buffer_nolock 0000000180015bb4 f   libucrt:_freebuf.obj
 0001:00014c80       _commit                    0000000180015c80 f   libucrt:commit.obj
 0001:000152cc       _write                     00000001800162cc f   libucrt:write.obj
 0001:000153b8       _write_nolock              00000001800163b8 f   libucrt:write.obj
 0001:000156fc       __acrt_add_locale_ref      00000001800166fc f   libucrt:locale_refcounting.obj
 0001:00015788       __acrt_free_locale         0000000180016788 f   libucrt:locale_refcounting.obj
 0001:00015900       __acrt_locale_add_lc_time_reference 0000000180016900 f   libucrt:locale_refcounting.obj
 0001:00015928       __acrt_locale_free_lc_time_if_unreferenced 0000000180016928 f   libucrt:locale_refcounting.obj
 0001:00015960       __acrt_locale_release_lc_time_reference 0000000180016960 f   libucrt:locale_refcounting.obj
 0001:00015988       __acrt_release_locale_ref  0000000180016988 f   libucrt:locale_refcounting.obj
 0001:00015a30       __acrt_update_thread_locale_data 0000000180016a30 f   libucrt:locale_refcounting.obj
 0001:00015aa0       _updatetlocinfoEx_nolock   0000000180016aa0 f   libucrt:locale_refcounting.obj
 0001:00015b08       _isleadbyte_l              0000000180016b08 f i libucrt:_wctype.obj
 0001:00015e60       __acrt_LCMapStringA        0000000180016e60 f   libucrt:lcmapstringa.obj
 0001:00015ef8       __acrt_MultiByteToWideChar 0000000180016ef8 f   libucrt:multibytetowidechar.obj
 0001:00015f00       __acrt_WideCharToMultiByte 0000000180016f00 f   libucrt:widechartomultibyte.obj
 0001:00015f08       __acrt_fp_strflt_to_string 0000000180016f08 f   libucrt:_fptostr.obj
 0001:00015fd0       ?divide@__crt_strtox@@YA_KAEAUbig_integer@1@AEBU21@@Z 0000000180016fd0 f i libucrt:cfout.obj
 0001:00016464       __acrt_fltout              0000000180017464 f   libucrt:cfout.obj
 0001:00017a04       __acrt_stdio_flush_and_write_narrow_nolock 0000000180018a04 f   libucrt:_flsbuf.obj
 0001:00017aec       __acrt_stdio_flush_and_write_wide_nolock 0000000180018aec f   libucrt:_flsbuf.obj
 0001:00017bd8       _isatty                    0000000180018bd8 f   libucrt:isatty.obj
 0001:00017c38       __acrt_locale_free_monetary 0000000180018c38 f   libucrt:initmon.obj
 0001:00017d44       __acrt_locale_free_numeric 0000000180018d44 f   libucrt:initnum.obj
 0001:00017e04       __acrt_locale_free_time    0000000180018e04 f   libucrt:inittime.obj
 0001:00017f0c       __acrt_GetStringTypeA      0000000180018f0c f   libucrt:getstringtypea.obj
 0001:0001809c       __acrt_lowio_create_handle_array 000000018001909c f   libucrt:osfinfo.obj
 0001:00018134       __acrt_lowio_destroy_handle_array 0000000180019134 f   libucrt:osfinfo.obj
 0001:00018184       __acrt_lowio_ensure_fh_exists 0000000180019184 f   libucrt:osfinfo.obj
 0001:0001822c       __acrt_lowio_lock_fh       000000018001922c f   libucrt:osfinfo.obj
 0001:00018250       __acrt_lowio_unlock_fh     0000000180019250 f   libucrt:osfinfo.obj
 0001:00018274       _free_osfhnd               0000000180019274 f   libucrt:osfinfo.obj
 0001:00018330       _get_osfhandle             0000000180019330 f   libucrt:osfinfo.obj
 0001:000183b0       qsort                      00000001800193b0 f   libucrt:qsort.obj
 0001:00018800       strpbrk                    0000000180019800 f   libucrt:strpbrk.obj
 0001:00018be0       _mbsdec                    0000000180019be0 f   libucrt:mbsdec.obj
 0001:00018be8       _mbsdec_l                  0000000180019be8 f   libucrt:mbsdec.obj
 0001:00018c90       _msize                     0000000180019c90 f   libucrt:msize.obj
 0001:00018c98       _msize_base                0000000180019c98 f   libucrt:msize.obj
 0001:00018cd4       _realloc_base              0000000180019cd4 f   libucrt:realloc_base.obj
 0001:00018e1c       __acrt_DownlevelLocaleNameToLCID 0000000180019e1c f   libucrt:lcidtoname_downlevel.obj
 0001:00018e50       __acrt_GetStringTypeW      0000000180019e50 f   libucrt:getstringtypew.obj
 0001:00018e58       _fclose_nolock             0000000180019e58 f   libucrt:fclose.obj
 0001:00018edc       fclose                     0000000180019edc f   libucrt:fclose.obj
 0001:000190cc       _lseeki64                  000000018001a0cc f   libucrt:lseek.obj
 0001:000190d4       _lseeki64_nolock           000000018001a0d4 f   libucrt:lseek.obj
 0001:000190dc       _putwch_nolock             000000018001a0dc f   libucrt:putwch.obj
 0001:00019118       __strncnt                  000000018001a118 f   libucrt:strncnt.obj
 0001:00019130       fegetenv                   000000018001a130 f   libucrt:fegetenv.obj
 0001:00019150       fesetenv                   000000018001a150 f   libucrt:fesetenv.obj
 0001:000191a0       feholdexcept               000000018001a1a0 f   libucrt:feholdexcept.obj
 0001:000191f0       ceil                       000000018001a1f0 f   libucrt:ceil.obj
 0001:000192c0       log10                      000000018001a2c0 f   libucrt:log10.obj
 0001:0001986c       __acrt_stdio_allocate_buffer_nolock 000000018001a86c f   libucrt:_getbuf.obj
 0001:00019944       _close                     000000018001a944 f   libucrt:close.obj
 0001:000199e8       _close_nolock              000000018001a9e8 f   libucrt:close.obj
 0001:00019aa4       ?__acrt_stdio_free_stream@@YAXV__crt_stdio_stream@@@Z 000000018001aaa4 f   libucrt:stream.obj
 0001:00019ac0       __dcrt_lowio_ensure_console_output_initialized 000000018001aac0 f   libucrt:initcon.obj
 0001:00019b14       __dcrt_terminate_console_output 000000018001ab14 f   libucrt:initcon.obj
 0001:00019b30       __dcrt_write_console_w     000000018001ab30 f   libucrt:initcon.obj
 0001:00019bf0       __acrt_fenv_get_control    000000018001abf0 f   libucrt:_fenvutils.obj
 0001:00019cf0       __acrt_fenv_get_status     000000018001acf0 f   libucrt:_fenvutils.obj
 0001:00019d48       __acrt_fenv_set_control    000000018001ad48 f   libucrt:_fenvutils.obj
 0001:00019e90       __acrt_fenv_set_status     000000018001ae90 f   libucrt:_fenvutils.obj
 0001:00019f14       _clearfp                   000000018001af14 f   libucrt:ieee.obj
 0001:0001a0a8       _handle_error              000000018001b0a8 f   libucrt:libm_error.obj
 0001:0001a1d0       _handle_nan                000000018001b1d0 f   libucrt:libm_error.obj
 0001:0001a1f0       __acrt_initialize_fma3     000000018001b1f0 f   libucrt:fma3_available.obj
 0001:0001a260       _log10_special             000000018001b260 f   libucrt:log_special.obj
 0001:0001a330       _get_fpsr                  000000018001b330 f   libucrt:fpsr.obj
 0001:0001a340       _set_fpsr                  000000018001b340 f   libucrt:fpsr.obj
 0001:0001a34a       _fclrf                     000000018001b34a f   libucrt:fpsr.obj
 0001:0001a35e       _frnd                      000000018001b35e f   libucrt:fpsr.obj
 0001:0001a380       _raise_exc                 000000018001b380 f   libucrt:fpexcept.obj
 0001:0001a3a8       _raise_exc_ex              000000018001b3a8 f   libucrt:fpexcept.obj
 0001:0001a6b0       _set_errno_from_matherr    000000018001b6b0 f   libucrt:fpexcept.obj
 0001:0001a6e0       _clrfp                     000000018001b6e0 f   libucrt:fpctrl.obj
 0001:0001a700       _ctrlfp                    000000018001b700 f   libucrt:fpctrl.obj
 0001:0001a77c       _set_statfp                000000018001b77c f   libucrt:fpctrl.obj
 0001:0001a79c       _statfp                    000000018001b79c f   libucrt:fpctrl.obj
 0001:0001a7ad       IsProcessorFeaturePresent  000000018001b7ad f   kernel32:KERNEL32.dll
 0001:0001a7b3       RtlUnwindEx                000000018001b7b3 f   kernel32:KERNEL32.dll
 0001:0001a7bc       __GSHandlerCheck           000000018001b7bc f   LIBCMT:_gshandler_.obj
 0001:0001a7dc       __GSHandlerCheckCommon     000000018001b7dc f   LIBCMT:_gshandler_.obj
 0001:0001a840       _FindPESection             000000018001b840 f   LIBCMT:pesect.obj
 0001:0001a890       _IsNonwritableInCurrentImage 000000018001b890 f   LIBCMT:pesect.obj
 0001:0001a8e0       _ValidateImageBase         000000018001b8e0 f   LIBCMT:pesect.obj
 0001:0001a920       _alloca_probe              000000018001b920 f   LIBCMT:_chkstk_.obj
 0001:0001a920       __chkstk                   000000018001b920 f   LIBCMT:_chkstk_.obj
 0001:0001a974       strrchr                    000000018001b974 f   libvcruntime:strrchr.obj
 0001:0001aad0       memcmp                     000000018001bad0 f   libvcruntime:memcmp.obj
 0001:0001ab98       __GSHandlerCheck_EH        000000018001bb98 f   LIBCMT:gshandlereh.obj
 0001:0001ac30       _guard_dispatch_icall_nop  000000018001bc30 f   LIBCMT:_guard_dispatch_.obj
 0001:0001ac50       __guard_ss_verify_failure  000000018001bc50 f   LIBCMT:_rfgfailure_.obj
 0001:0001ac5b       __guard_ss_verify_failure_rcx 000000018001bc5b     LIBCMT:_rfgfailure_.obj
 0001:0001ac61       __guard_ss_verify_failure_rdx 000000018001bc61     LIBCMT:_rfgfailure_.obj
 0001:0001ac67       __guard_ss_verify_failure_r8 000000018001bc67     LIBCMT:_rfgfailure_.obj
 0001:0001ac6d       __guard_ss_verify_failure_r9 000000018001bc6d     LIBCMT:_rfgfailure_.obj
 0001:0001ac73       __guard_ss_verify_failure_r10 000000018001bc73     LIBCMT:_rfgfailure_.obj
 0001:0001ac80       __guard_ss_verify_failure_default 000000018001bc80 f   LIBCMT:_rfgfailure_.obj
 0001:0001ace0       __guard_ss_verify_sp       000000018001bce0 f   LIBCMT:_rfgfailure_.obj
 0001:0001acf0       __guard_ss_verify_sp_default 000000018001bcf0 f   LIBCMT:_rfgfailure_.obj
 0002:00000000       __imp_RegQueryValueExA     000000018001d000     advapi32:ADVAPI32.dll
 0002:00000008       __imp_RegCloseKey          000000018001d008     advapi32:ADVAPI32.dll
 0002:00000010       \177ADVAPI32_NULL_THUNK_DATA 000000018001d010     advapi32:ADVAPI32.dll
 0002:00000018       __imp_GetCommModemStatus   000000018001d018     kernel32:KERNEL32.dll
 0002:00000020       __imp_WriteFileEx          000000018001d020     kernel32:KERNEL32.dll
 0002:00000028       __imp_WaitForSingleObject  000000018001d028     kernel32:KERNEL32.dll
 0002:00000030       __imp_GetCommMask          000000018001d030     kernel32:KERNEL32.dll
 0002:00000038       __imp_ExitThread           000000018001d038     kernel32:KERNEL32.dll
 0002:00000040       __imp_GetLastError         000000018001d040     kernel32:KERNEL32.dll
 0002:00000048       __imp_EscapeCommFunction   000000018001d048     kernel32:KERNEL32.dll
 0002:00000050       __imp_CreateFileA          000000018001d050     kernel32:KERNEL32.dll
 0002:00000058       __imp_LoadLibraryA         000000018001d058     kernel32:KERNEL32.dll
 0002:00000060       __imp_GetCommState         000000018001d060     kernel32:KERNEL32.dll
 0002:00000068       __imp_CloseHandle          000000018001d068     kernel32:KERNEL32.dll
 0002:00000070       __imp_PurgeComm            000000018001d070     kernel32:KERNEL32.dll
 0002:00000078       __imp_CreateThread         000000018001d078     kernel32:KERNEL32.dll
 0002:00000080       __imp_GetOverlappedResult  000000018001d080     kernel32:KERNEL32.dll
 0002:00000088       __imp_SetCommMask          000000018001d088     kernel32:KERNEL32.dll
 0002:00000090       __imp_GetProcAddress       000000018001d090     kernel32:KERNEL32.dll
 0002:00000098       __imp_SleepEx              000000018001d098     kernel32:KERNEL32.dll
 0002:000000a0       __imp_CreateEventA         000000018001d0a0     kernel32:KERNEL32.dll
 0002:000000a8       __imp_SetCommTimeouts      000000018001d0a8     kernel32:KERNEL32.dll
 0002:000000b0       __imp_SetCommState         000000018001d0b0     kernel32:KERNEL32.dll
 0002:000000b8       __imp_FlushFileBuffers     000000018001d0b8     kernel32:KERNEL32.dll
 0002:000000c0       __imp_SetFilePointerEx     000000018001d0c0     kernel32:KERNEL32.dll
 0002:000000c8       __imp_SetLastError         000000018001d0c8     kernel32:KERNEL32.dll
 0002:000000d0       __imp_ReadFileEx           000000018001d0d0     kernel32:KERNEL32.dll
 0002:000000d8       __imp_ReadFile             000000018001d0d8     kernel32:KERNEL32.dll
 0002:000000e0       __imp_HeapReAlloc          000000018001d0e0     kernel32:KERNEL32.dll
 0002:000000e8       __imp_HeapSize             000000018001d0e8     kernel32:KERNEL32.dll
 0002:000000f0       __imp_SetStdHandle         000000018001d0f0     kernel32:KERNEL32.dll
 0002:000000f8       __imp_GetStringTypeW       000000018001d0f8     kernel32:KERNEL32.dll
 0002:00000100       __imp_GetConsoleMode       000000018001d100     kernel32:KERNEL32.dll
 0002:00000108       __imp_GetConsoleCP         000000018001d108     kernel32:KERNEL32.dll
 0002:00000110       __imp_GetProcessHeap       000000018001d110     kernel32:KERNEL32.dll
 0002:00000118       __imp_LCMapStringW         000000018001d118     kernel32:KERNEL32.dll
 0002:00000120       __imp_OutputDebugStringW   000000018001d120     kernel32:KERNEL32.dll
 0002:00000128       __imp_FreeEnvironmentStringsW 000000018001d128     kernel32:KERNEL32.dll
 0002:00000130       __imp_GetEnvironmentStringsW 000000018001d130     kernel32:KERNEL32.dll
 0002:00000138       __imp_GetCommandLineW      000000018001d138     kernel32:KERNEL32.dll
 0002:00000140       __imp_GetCommandLineA      000000018001d140     kernel32:KERNEL32.dll
 0002:00000148       __imp_GetCPInfo            000000018001d148     kernel32:KERNEL32.dll
 0002:00000150       __imp_GetOEMCP             000000018001d150     kernel32:KERNEL32.dll
 0002:00000158       __imp_IsValidCodePage      000000018001d158     kernel32:KERNEL32.dll
 0002:00000160       __imp_FindNextFileA        000000018001d160     kernel32:KERNEL32.dll
 0002:00000168       __imp_FindFirstFileExA     000000018001d168     kernel32:KERNEL32.dll
 0002:00000170       __imp_FindClose            000000018001d170     kernel32:KERNEL32.dll
 0002:00000178       __imp_GetACP               000000018001d178     kernel32:KERNEL32.dll
 0002:00000180       __imp_WriteFile            000000018001d180     kernel32:KERNEL32.dll
 0002:00000188       __imp_HeapAlloc            000000018001d188     kernel32:KERNEL32.dll
 0002:00000190       __imp_HeapFree             000000018001d190     kernel32:KERNEL32.dll
 0002:00000198       __imp_WideCharToMultiByte  000000018001d198     kernel32:KERNEL32.dll
 0002:000001a0       __imp_MultiByteToWideChar  000000018001d1a0     kernel32:KERNEL32.dll
 0002:000001a8       __imp_ExitProcess          000000018001d1a8     kernel32:KERNEL32.dll
 0002:000001b0       __imp_WriteConsoleW        000000018001d1b0     kernel32:KERNEL32.dll
 0002:000001b8       __imp_GetModuleHandleExW   000000018001d1b8     kernel32:KERNEL32.dll
 0002:000001c0       __imp_GetModuleFileNameW   000000018001d1c0     kernel32:KERNEL32.dll
 0002:000001c8       __imp_GetModuleFileNameA   000000018001d1c8     kernel32:KERNEL32.dll
 0002:000001d0       __imp_GetFileType          000000018001d1d0     kernel32:KERNEL32.dll
 0002:000001d8       __imp_GetStdHandle         000000018001d1d8     kernel32:KERNEL32.dll
 0002:000001e0       __imp_LoadLibraryExW       000000018001d1e0     kernel32:KERNEL32.dll
 0002:000001e8       __imp_FreeLibrary          000000018001d1e8     kernel32:KERNEL32.dll
 0002:000001f0       __imp_TlsFree              000000018001d1f0     kernel32:KERNEL32.dll
 0002:000001f8       __imp_TlsSetValue          000000018001d1f8     kernel32:KERNEL32.dll
 0002:00000200       __imp_TlsGetValue          000000018001d200     kernel32:KERNEL32.dll
 0002:00000208       __imp_TlsAlloc             000000018001d208     kernel32:KERNEL32.dll
 0002:00000210       __imp_InitializeCriticalSectionAndSpinCount 000000018001d210     kernel32:KERNEL32.dll
 0002:00000218       __imp_DeleteCriticalSection 000000018001d218     kernel32:KERNEL32.dll
 0002:00000220       __imp_LeaveCriticalSection 000000018001d220     kernel32:KERNEL32.dll
 0002:00000228       __imp_EnterCriticalSection 000000018001d228     kernel32:KERNEL32.dll
 0002:00000230       __imp_EncodePointer        000000018001d230     kernel32:KERNEL32.dll
 0002:00000238       __imp_InterlockedFlushSList 000000018001d238     kernel32:KERNEL32.dll
 0002:00000240       __imp_RaiseException       000000018001d240     kernel32:KERNEL32.dll
 0002:00000248       __imp_RtlPcToFileHeader    000000018001d248     kernel32:KERNEL32.dll
 0002:00000250       __imp_RtlUnwindEx          000000018001d250     kernel32:KERNEL32.dll
 0002:00000258       __imp_InitializeSListHead  000000018001d258     kernel32:KERNEL32.dll
 0002:00000260       __imp_GetSystemTimeAsFileTime 000000018001d260     kernel32:KERNEL32.dll
 0002:00000268       __imp_GetCurrentThreadId   000000018001d268     kernel32:KERNEL32.dll
 0002:00000270       __imp_CreateFileW          000000018001d270     kernel32:KERNEL32.dll
 0002:00000278       __imp_GetCurrentProcessId  000000018001d278     kernel32:KERNEL32.dll
 0002:00000280       __imp_QueryPerformanceCounter 000000018001d280     kernel32:KERNEL32.dll
 0002:00000288       __imp_GetModuleHandleW     000000018001d288     kernel32:KERNEL32.dll
 0002:00000290       __imp_GetStartupInfoW      000000018001d290     kernel32:KERNEL32.dll
 0002:00000298       __imp_IsDebuggerPresent    000000018001d298     kernel32:KERNEL32.dll
 0002:000002a0       __imp_IsProcessorFeaturePresent 000000018001d2a0     kernel32:KERNEL32.dll
 0002:000002a8       __imp_TerminateProcess     000000018001d2a8     kernel32:KERNEL32.dll
 0002:000002b0       __imp_GetCurrentProcess    000000018001d2b0     kernel32:KERNEL32.dll
 0002:000002b8       __imp_SetUnhandledExceptionFilter 000000018001d2b8     kernel32:KERNEL32.dll
 0002:000002c0       __imp_UnhandledExceptionFilter 000000018001d2c0     kernel32:KERNEL32.dll
 0002:000002c8       __imp_RtlVirtualUnwind     000000018001d2c8     kernel32:KERNEL32.dll
 0002:000002d0       __imp_RtlLookupFunctionEntry 000000018001d2d0     kernel32:KERNEL32.dll
 0002:000002d8       __imp_RtlCaptureContext    000000018001d2d8     kernel32:KERNEL32.dll
 0002:000002e0       \177KERNEL32_NULL_THUNK_DATA 000000018001d2e0     kernel32:KERNEL32.dll
 0002:000002e8       __imp_SetupDiEnumDeviceInfo 000000018001d2e8     setupapi:SETUPAPI.dll
 0002:000002f0       __imp_SetupDiGetDeviceInstanceIdA 000000018001d2f0     setupapi:SETUPAPI.dll
 0002:000002f8       __imp_SetupDiOpenDevRegKey 000000018001d2f8     setupapi:SETUPAPI.dll
 0002:00000300       __imp_SetupDiGetClassDevsA 000000018001d300     setupapi:SETUPAPI.dll
 0002:00000308       __imp_SetupDiDestroyDeviceInfoList 000000018001d308     setupapi:SETUPAPI.dll
 0002:00000310       __imp_SetupDiGetDeviceRegistryPropertyA 000000018001d310     setupapi:SETUPAPI.dll
 0002:00000318       \177SETUPAPI_NULL_THUNK_DATA 000000018001d318     setupapi:SETUPAPI.dll
 0002:00000320       __imp_uv_async_init        000000018001d320     iojs:node.dll
 0002:00000328       __imp_uv_async_send        000000018001d328     iojs:node.dll
 0002:00000330       __imp_?Length@Buffer@node@@YA_KV?$Local@VObject@v8@@@v8@@@Z 000000018001d330     iojs:node.dll
 0002:00000338       __imp_?Data@Buffer@node@@YAPEADV?$Local@VObject@v8@@@v8@@@Z 000000018001d338     iojs:node.dll
 0002:00000340       __imp_?HasInstance@Buffer@node@@YA_NV?$Local@VValue@v8@@@v8@@@Z 000000018001d340     iojs:node.dll
 0002:00000348       __imp_?Set@Object@v8@@QEAA?AV?$Maybe@_N@2@V?$Local@VContext@v8@@@2@IV?$Local@VValue@v8@@@2@@Z 000000018001d348     iojs:node.dll
 0002:00000350       __imp_?Set@Object@v8@@QEAA?AV?$Maybe@_N@2@V?$Local@VContext@v8@@@2@V?$Local@VValue@v8@@@2@1@Z 000000018001d350     iojs:node.dll
 0002:00000358       __imp_?ToInteger@Value@v8@@QEBA?AV?$MaybeLocal@VInteger@v8@@@2@V?$Local@VContext@v8@@@2@@Z 000000018001d358     iojs:node.dll
 0002:00000360       __imp_?New@Array@v8@@SA?AV?$Local@VArray@v8@@@2@PEAVIsolate@2@H@Z 000000018001d360     iojs:node.dll
 0002:00000368       __imp_??1EscapableHandleScope@v8@@QEAA@XZ 000000018001d368     iojs:node.dll
 0002:00000370       __imp_?ToString@Value@v8@@QEBA?AV?$Local@VString@v8@@@2@XZ 000000018001d370     iojs:node.dll
 0002:00000378       __imp_?ToObject@Value@v8@@QEBA?AV?$Local@VObject@v8@@@2@XZ 000000018001d378     iojs:node.dll
 0002:00000380       __imp_uv_default_loop      000000018001d380     iojs:node.dll
 0002:00000388       __imp_?MakeCallback@node@@YA?AV?$Local@VValue@v8@@@v8@@PEAVIsolate@3@V?$Local@VObject@v8@@@3@V?$Local@VFunction@v8@@@3@HPEAV23@@Z 000000018001d388     iojs:node.dll
 0002:00000390       __imp_node_module_register 000000018001d390     iojs:node.dll
 0002:00000398       __imp_?New@ObjectTemplate@v8@@SA?AV?$Local@VObjectTemplate@v8@@@2@PEAVIsolate@2@V?$Local@VFunctionTemplate@v8@@@2@@Z 000000018001d398     iojs:node.dll
 0002:000003a0       __imp_?NewInstance@ObjectTemplate@v8@@QEAA?AV?$MaybeLocal@VObject@v8@@@2@V?$Local@VContext@v8@@@2@@Z 000000018001d3a0     iojs:node.dll
 0002:000003a8       __imp_?SetInternalFieldCount@ObjectTemplate@v8@@QEAAXH@Z 000000018001d3a8     iojs:node.dll
 0002:000003b0       __imp_?Set@Object@v8@@QEAA_NV?$Local@VValue@v8@@@2@0@Z 000000018001d3b0     iojs:node.dll
 0002:000003b8       __imp_?Get@Object@v8@@QEAA?AV?$MaybeLocal@VValue@v8@@@2@V?$Local@VContext@v8@@@2@V?$Local@VValue@v8@@@2@@Z 000000018001d3b8     iojs:node.dll
 0002:000003c0       __imp_?Has@Object@v8@@QEAA?AV?$Maybe@_N@2@V?$Local@VContext@v8@@@2@V?$Local@VValue@v8@@@2@@Z 000000018001d3c0     iojs:node.dll
 0002:000003c8       __imp_?SetInternalField@Object@v8@@QEAAXHV?$Local@VValue@v8@@@2@@Z 000000018001d3c8     iojs:node.dll
 0002:000003d0       __imp_?New@Object@v8@@SA?AV?$Local@VObject@v8@@@2@PEAVIsolate@2@@Z 000000018001d3d0     iojs:node.dll
 0002:000003d8       __imp_?SlowGetInternalField@Object@v8@@AEAA?AV?$Local@VValue@v8@@@2@H@Z 000000018001d3d8     iojs:node.dll
 0002:000003e0       __imp_?Value@Int32@v8@@QEBAHXZ 000000018001d3e0     iojs:node.dll
 0002:000003e8       __imp_?Length@String@v8@@QEBAHXZ 000000018001d3e8     iojs:node.dll
 0002:000003f0       __imp_?WriteUtf8@String@v8@@QEBAHPEADHPEAHH@Z 000000018001d3f0     iojs:node.dll
 0002:000003f8       __imp_?NewFromUtf8@String@v8@@SA?AV?$MaybeLocal@VString@v8@@@2@PEAVIsolate@2@PEBDW4NewStringType@2@H@Z 000000018001d3f8     iojs:node.dll
 0002:00000400       __imp_??0Utf8Value@String@v8@@QEAA@V?$Local@VValue@v8@@@2@@Z 000000018001d400     iojs:node.dll
 0002:00000408       __imp_??1Utf8Value@String@v8@@QEAA@XZ 000000018001d408     iojs:node.dll
 0002:00000410       __imp_??0EscapableHandleScope@v8@@QEAA@PEAVIsolate@1@@Z 000000018001d410     iojs:node.dll
 0002:00000418       __imp_?Escape@EscapableHandleScope@v8@@AEAAPEAPEAVObject@internal@2@PEAPEAV342@@Z 000000018001d418     iojs:node.dll
 0002:00000420       __imp_?IsFunction@Value@v8@@QEBA_NXZ 000000018001d420     iojs:node.dll
 0002:00000428       __imp_?IsObject@Value@v8@@QEBA_NXZ 000000018001d428     iojs:node.dll
 0002:00000430       __imp_?IsInt32@Value@v8@@QEBA_NXZ 000000018001d430     iojs:node.dll
 0002:00000438       __imp_?ToBoolean@Value@v8@@QEBA?AV?$MaybeLocal@VBoolean@v8@@@2@V?$Local@VContext@v8@@@2@@Z 000000018001d438     iojs:node.dll
 0002:00000440       __imp_?ToString@Value@v8@@QEBA?AV?$MaybeLocal@VString@v8@@@2@V?$Local@VContext@v8@@@2@@Z 000000018001d440     iojs:node.dll
 0002:00000448       __imp_?ToInt32@Value@v8@@QEBA?AV?$MaybeLocal@VInt32@v8@@@2@V?$Local@VContext@v8@@@2@@Z 000000018001d448     iojs:node.dll
 0002:00000450       __imp_?NumberValue@Value@v8@@QEBA?AV?$Maybe@N@2@V?$Local@VContext@v8@@@2@@Z 000000018001d450     iojs:node.dll
 0002:00000458       __imp_?Int32Value@Value@v8@@QEBA?AV?$Maybe@H@2@V?$Local@VContext@v8@@@2@@Z 000000018001d458     iojs:node.dll
 0002:00000460       __imp_?GlobalizeReference@V8@v8@@CAPEAPEAVObject@internal@2@PEAVIsolate@42@PEAPEAV342@@Z 000000018001d460     iojs:node.dll
 0002:00000468       __imp_?DisposeGlobal@V8@v8@@CAXPEAPEAVObject@internal@2@@Z 000000018001d468     iojs:node.dll
 0002:00000470       __imp_?FromJustIsNothing@V8@v8@@CAXXZ 000000018001d470     iojs:node.dll
 0002:00000478       __imp_?ToLocalEmpty@V8@v8@@CAXXZ 000000018001d478     iojs:node.dll
 0002:00000480       __imp_?Value@Boolean@v8@@QEBA_NXZ 000000018001d480     iojs:node.dll
 0002:00000488       __imp_?New@FunctionTemplate@v8@@SA?AV?$Local@VFunctionTemplate@v8@@@2@PEAVIsolate@2@P6AXAEBV?$FunctionCallbackInfo@VValue@v8@@@2@@ZV?$Local@VValue@v8@@@2@V?$Local@VSignature@v8@@@2@HW4ConstructorBehavior@2@@Z 000000018001d488     iojs:node.dll
 0002:00000490       __imp_?GetFunction@FunctionTemplate@v8@@QEAA?AV?$MaybeLocal@VFunction@v8@@@2@V?$Local@VContext@v8@@@2@@Z 000000018001d490     iojs:node.dll
 0002:00000498       __imp_?SetClassName@FunctionTemplate@v8@@QEAAXV?$Local@VString@v8@@@2@@Z 000000018001d498     iojs:node.dll
 0002:000004a0       __imp_?TypeError@Exception@v8@@SA?AV?$Local@VValue@v8@@@2@V?$Local@VString@v8@@@2@@Z 000000018001d4a0     iojs:node.dll
 0002:000004a8       __imp_?Error@Exception@v8@@SA?AV?$Local@VValue@v8@@@2@V?$Local@VString@v8@@@2@@Z 000000018001d4a8     iojs:node.dll
 0002:000004b0       __imp_??0HandleScope@v8@@QEAA@PEAVIsolate@1@@Z 000000018001d4b0     iojs:node.dll
 0002:000004b8       __imp_??1HandleScope@v8@@QEAA@XZ 000000018001d4b8     iojs:node.dll
 0002:000004c0       __imp_?CreateHandle@HandleScope@v8@@CAPEAPEAVObject@internal@2@PEAVHeapObject@42@PEAV342@@Z 000000018001d4c0     iojs:node.dll
 0002:000004c8       __imp_?CreateHandle@HandleScope@v8@@KAPEAPEAVObject@internal@2@PEAVIsolate@42@PEAV342@@Z 000000018001d4c8     iojs:node.dll
 0002:000004d0       __imp_?GetCurrent@Isolate@v8@@SAPEAV12@XZ 000000018001d4d0     iojs:node.dll
 0002:000004d8       __imp_?GetCurrentContext@Isolate@v8@@QEAA?AV?$Local@VContext@v8@@@2@XZ 000000018001d4d8     iojs:node.dll
 0002:000004e0       __imp_?ThrowException@Isolate@v8@@QEAA?AV?$Local@VValue@v8@@@2@V32@@Z 000000018001d4e0     iojs:node.dll
 0002:000004e8       __imp_?New@Integer@v8@@SA?AV?$Local@VInteger@v8@@@2@PEAVIsolate@2@H@Z 000000018001d4e8     iojs:node.dll
 0002:000004f0       __imp_?New@External@v8@@SA?AV?$Local@VExternal@v8@@@2@PEAVIsolate@2@PEAX@Z 000000018001d4f0     iojs:node.dll
 0002:000004f8       __imp_?Value@External@v8@@QEBAPEAXXZ 000000018001d4f8     iojs:node.dll
 0002:00000500       __imp_?Global@Context@v8@@QEAA?AV?$Local@VObject@v8@@@2@XZ 000000018001d500     iojs:node.dll
 0002:00000508       __imp_uv_queue_work        000000018001d508     iojs:node.dll
[...]
 0004:000012cc       $pdata$_commit             000000018002f2cc     libucrt:commit.obj
 0004:000012d8       $pdata$?write_double_translated_ansi_nolock@@YA?AUwrite_result@?A0x17268360@@HQEBDI@Z 000000018002f2d8     libucrt:write.obj
 0004:000012e4       $pdata$?write_text_ansi_nolock@@YA?AUwrite_result@?A0x17268360@@HQEBDI@Z 000000018002f2e4     libucrt:write.obj
 0004:000012f0       $pdata$?write_text_utf16le_nolock@@YA?AUwrite_result@?A0x17268360@@HQEBDI@Z 000000018002f2f0     libucrt:write.obj
 0004:000012fc       $pdata$?write_text_utf8_nolock@@YA?AUwrite_result@?A0x17268360@@HQEBDI@Z 000000018002f2fc     libucrt:write.obj
 0004:00001308       $pdata$_write              000000018002f308     libucrt:write.obj
 0004:00001314       $pdata$_write_nolock       000000018002f314     libucrt:write.obj
 0004:00001320       $pdata$__acrt_free_locale  000000018002f320     libucrt:locale_refcounting.obj
 0004:0000132c       $pdata$__acrt_locale_free_lc_time_if_unreferenced 000000018002f32c     libucrt:locale_refcounting.obj
 0004:00001338       $pdata$__acrt_release_locale_ref 000000018002f338     libucrt:locale_refcounting.obj
 0004:00001344       $pdata$__acrt_update_thread_locale_data 000000018002f344     libucrt:locale_refcounting.obj
 0004:00001350       $pdata$_updatetlocinfoEx_nolock 000000018002f350     libucrt:locale_refcounting.obj
 0004:0000135c       $pdata$_isleadbyte_l       000000018002f35c     libucrt:_wctype.obj
 0004:00001368       $pdata$?__acrt_LCMapStringA_stat@@YAHPEAU__crt_locale_pointers@@PEB_WKPEBDHPEADHHH@Z 000000018002f368     libucrt:lcmapstringa.obj
 0004:00001374       $pdata$__acrt_LCMapStringA 000000018002f374     libucrt:lcmapstringa.obj
 0004:00001380       $pdata$__acrt_fp_strflt_to_string 000000018002f380     libucrt:_fptostr.obj
 0004:0000138c       $pdata$?divide@__crt_strtox@@YA_KAEAUbig_integer@1@AEBU21@@Z 000000018002f38c     libucrt:cfout.obj
 0004:00001398       $pdata$5$?divide@__crt_strtox@@YA_KAEAUbig_integer@1@AEBU21@@Z 000000018002f398     libucrt:cfout.obj
 0004:000013a4       $pdata$6$?divide@__crt_strtox@@YA_KAEAUbig_integer@1@AEBU21@@Z 000000018002f3a4     libucrt:cfout.obj
 0004:000013b0       $pdata$__acrt_fltout       000000018002f3b0     libucrt:cfout.obj
 0004:000013bc       $pdata$memcpy_s            000000018002f3bc     libucrt:cfout.obj
 0004:000013c8       $pdata$??$write_buffer_nolock@D@@YA_NDV__crt_stdio_stream@@@Z 000000018002f3c8     libucrt:_flsbuf.obj
 0004:000013d4       $pdata$??$write_buffer_nolock@_W@@YA_N_WV__crt_stdio_stream@@@Z 000000018002f3d4     libucrt:_flsbuf.obj
 0004:000013e0       $pdata$__acrt_stdio_flush_and_write_narrow_nolock 000000018002f3e0     libucrt:_flsbuf.obj
 0004:000013ec       $pdata$__acrt_stdio_flush_and_write_wide_nolock 000000018002f3ec     libucrt:_flsbuf.obj
 0004:000013f8       $pdata$_isatty             000000018002f3f8     libucrt:isatty.obj
 0004:00001404       $pdata$__acrt_locale_free_monetary 000000018002f404     libucrt:initmon.obj
 0004:00001410       $pdata$__acrt_locale_free_numeric 000000018002f410     libucrt:initnum.obj
 0004:0000141c       $pdata$?free_crt_array_internal@@YAXQEAPEBX_K@Z 000000018002f41c     libucrt:inittime.obj
 0004:00001428       $pdata$__acrt_locale_free_time 000000018002f428     libucrt:inittime.obj
 0004:00001434       $pdata$__acrt_GetStringTypeA 000000018002f434     libucrt:getstringtypea.obj
 0004:00001440       $pdata$__acrt_lowio_create_handle_array 000000018002f440     libucrt:osfinfo.obj
 0004:0000144c       $pdata$__acrt_lowio_destroy_handle_array 000000018002f44c     libucrt:osfinfo.obj
 0004:00001458       $pdata$__acrt_lowio_ensure_fh_exists 000000018002f458     libucrt:osfinfo.obj
 0004:00001464       $pdata$_free_osfhnd        000000018002f464     libucrt:osfinfo.obj
 0004:00001470       $pdata$_get_osfhandle      000000018002f470     libucrt:osfinfo.obj
 0004:0000147c       $pdata$qsort               000000018002f47c     libucrt:qsort.obj
 0004:00001488       $pdata$4$qsort             000000018002f488     libucrt:qsort.obj
 0004:00001494       $pdata$5$qsort             000000018002f494     libucrt:qsort.obj
 0004:000014a0       $pdata$fallbackMethod      000000018002f4a0     libucrt:strpbrk.obj
 0004:000014ac       $pdata$strpbrk             000000018002f4ac     libucrt:strpbrk.obj
 0004:000014b8       $pdata$_mbsdec_l           000000018002f4b8     libucrt:mbsdec.obj
 0004:000014c4       $pdata$?initialize_multibyte@@YAHXZ 000000018002f4c4     libucrt:multibyte_initializer.obj
 0004:000014d0       $pdata$_msize_base         000000018002f4d0     libucrt:msize.obj
 0004:000014dc       $pdata$_realloc_base       000000018002f4dc     libucrt:realloc_base.obj
 0004:000014e8       $pdata$?GetTableIndexFromLocaleName@@YAHPEB_W@Z 000000018002f4e8     libucrt:lcidtoname_downlevel.obj
 0004:000014f4       $pdata$__acrt_DownlevelLocaleNameToLCID 000000018002f4f4     libucrt:lcidtoname_downlevel.obj
 0004:00001500       $pdata$_fclose_nolock      000000018002f500     libucrt:fclose.obj
 0004:0000150c       $pdata$fclose              000000018002f50c     libucrt:fclose.obj
 0004:00001518       $pdata$??$common_lseek@_J@@YA_JH_JH@Z 000000018002f518     libucrt:lseek.obj
 0004:00001524       $pdata$??$common_lseek_nolock@_J@@YA_JH_JH@Z 000000018002f524     libucrt:lseek.obj
 0004:00001530       $pdata$_putwch_nolock      000000018002f530     libucrt:putwch.obj
 0004:0000153c       $pdata$fegetenv            000000018002f53c     libucrt:fegetenv.obj
 0004:00001548       $pdata$fesetenv            000000018002f548     libucrt:fesetenv.obj
 0004:00001554       $pdata$feholdexcept        000000018002f554     libucrt:feholdexcept.obj
 0004:0000156c       $pdata$__acrt_stdio_allocate_buffer_nolock 000000018002f56c     libucrt:_getbuf.obj
 0004:00001578       $pdata$??$?RV<lambda_751a882b2c74d4b022dec766aa51a29a>@@AEAV<lambda_628dfdc04ba53c8bfc02c9951375f3f5>@@V<lambda_f6c7be5f7998530c34de24c7437d6b54>@@@?$__crt_seh_guarded_call@H@@QEAAH$$QEAV<lambda_751a882b2c74d4b022dec766aa51a29a>@@AEAV<lambda_628dfdc04ba53c8bfc02c9951375f3f5>@@$$QEAV<lambda_f6c7be5f7998530c34de24c7437d6b54>@@@Z 000000018002f578     libucrt:close.obj
 0004:00001584       $pdata$_close              000000018002f584     libucrt:close.obj
 0004:00001590       $pdata$_close_nolock       000000018002f590     libucrt:close.obj
 0004:0000159c       $pdata$__dcrt_lowio_ensure_console_output_initialized 000000018002f59c     libucrt:initcon.obj
 0004:000015a8       $pdata$__dcrt_terminate_console_output 000000018002f5a8     libucrt:initcon.obj
 0004:000015b4       $pdata$__dcrt_write_console_w 000000018002f5b4     libucrt:initcon.obj
 0004:000015c0       $pdata$__acrt_fenv_set_control 000000018002f5c0     libucrt:_fenvutils.obj
 0004:000015cc       $pdata$_clearfp            000000018002f5cc     libucrt:ieee.obj
 0004:000015d8       $pdata$_call_matherr       000000018002f5d8     libucrt:libm_error.obj
 0004:000015e4       $pdata$_exception_enabled  000000018002f5e4     libucrt:libm_error.obj
 0004:000015f0       $pdata$_handle_error       000000018002f5f0     libucrt:libm_error.obj
 0004:000015fc       $pdata$__acrt_initialize_fma3 000000018002f5fc     libucrt:fma3_available.obj
 0004:00001608       $pdata$_log10_special      000000018002f608     libucrt:log_special.obj
 0004:00001614       $pdata$_log_special_common 000000018002f614     libucrt:log_special.obj
 0004:0000162c       $pdata$_raise_exc          000000018002f62c     libucrt:fpexcept.obj
 0004:00001638       $pdata$_raise_exc_ex       000000018002f638     libucrt:fpexcept.obj
 0004:00001644       $pdata$_set_errno_from_matherr 000000018002f644     libucrt:fpexcept.obj
 0004:00001650       $pdata$_clrfp              000000018002f650     libucrt:fpctrl.obj
 0004:0000165c       $pdata$_ctrlfp             000000018002f65c     libucrt:fpctrl.obj
 0004:00001668       $pdata$_set_statfp         000000018002f668     libucrt:fpctrl.obj
 0004:00001674       $pdata$_statfp             000000018002f674     libucrt:fpctrl.obj
 0004:00001680       $pdata$__GSHandlerCheck    000000018002f680     LIBCMT:_gshandler_.obj
 0004:0000168c       $pdata$__GSHandlerCheckCommon 000000018002f68c     LIBCMT:_gshandler_.obj
 0004:00001698       $pdata$_IsNonwritableInCurrentImage 000000018002f698     LIBCMT:pesect.obj
 0004:000016b0       $pdata$strrchr             000000018002f6b0     libvcruntime:strrchr.obj
 0004:000016c8       $pdata$__GSHandlerCheck_EH 000000018002f6c8     LIBCMT:gshandlereh.obj
 0004:00001710       $pdata$?dtor$1@?0??Open@@YAXAEBV?$FunctionCallbackInfo@VValue@v8@@@Nan@@@Z@4HA 000000018002f710     serialport.obj
 0004:0000171c       $pdata$?dtor$0@?0??Update@@YAXAEBV?$FunctionCallbackInfo@VValue@v8@@@Nan@@@Z@4HA 000000018002f71c     serialport.obj
 0004:00001728       $pdata$?dtor$0@?0??Close@@YAXAEBV?$FunctionCallbackInfo@VValue@v8@@@Nan@@@Z@4HA 000000018002f728     serialport.obj
 0004:00001734       $pdata$?dtor$0@?0??Drain@@YAXAEBV?$FunctionCallbackInfo@VValue@v8@@@Nan@@@Z@4HA 000000018002f734     serialport.obj
 0004:00001734       $pdata$?dtor$0@?0??Flush@@YAXAEBV?$FunctionCallbackInfo@VValue@v8@@@Nan@@@Z@4HA 000000018002f734     serialport.obj
 0004:00001740       $pdata$?dtor$0@?0??Set@@YAXAEBV?$FunctionCallbackInfo@VValue@v8@@@Nan@@@Z@4HA 000000018002f740     serialport.obj
 0004:0000174c       $pdata$?dtor$0@?0??Get@@YAXAEBV?$FunctionCallbackInfo@VValue@v8@@@Nan@@@Z@4HA 000000018002f74c     serialport.obj
 0004:00001758       $pdata$?dtor$0@?0??Write@@YAXAEBV?$FunctionCallbackInfo@VValue@v8@@@Nan@@@Z@4HA 000000018002f758     serialport_win.obj
 0004:00001764       $pdata$?dtor$0@?0??Read@@YAXAEBV?$FunctionCallbackInfo@VValue@v8@@@Nan@@@Z@4HA 000000018002f764     serialport_win.obj
 0004:00001770       $pdata$?dtor$0@?0??List@@YAXAEBV?$FunctionCallbackInfo@VValue@v8@@@Nan@@@Z@4HA 000000018002f770     serialport_win.obj
 0004:0000177c       $pdata$__scrt_is_nonwritable_in_current_image$filt$0 000000018002f77c     LIBCMT:utility.obj
 0004:00001788       $pdata$?fin$0@?0??dllmain_crt_process_attach@@YAHQEAUHINSTANCE__@@QEAX@Z@4HA 000000018002f788     LIBCMT:dll_dllmain.obj
 0004:00001794       $pdata$?fin$0@?0??dllmain_crt_process_detach@@YAH_N@Z@4HA 000000018002f794     LIBCMT:dll_dllmain.obj
 0004:000017a0       $pdata$?filt$0@?0??dllmain_dispatch@@YAHQEAUHINSTANCE__@@KQEAX@Z@4HA 000000018002f7a0     LIBCMT:dll_dllmain.obj
 0004:000017ac       $pdata$_CallSETranslator$filt$0 000000018002f7ac     libvcruntime:risctrnsctrl.obj
 0004:000017b8       $pdata$__CxxCallCatchBlock$filt$0 000000018002f7b8     libvcruntime:frame.obj
 0004:000017c4       $pdata$__CxxCallCatchBlock$fin$1 000000018002f7c4     libvcruntime:frame.obj
 0004:000017d0       $pdata$__FrameUnwindToState$filt$0 000000018002f7d0     libvcruntime:frame.obj
 0004:000017dc       $pdata$__FrameUnwindToState$fin$1 000000018002f7dc     libvcruntime:frame.obj
 0004:000017e8       $pdata$__DestructExceptionObject$filt$0 000000018002f7e8     libvcruntime:ehhelpers.obj
 0004:000017f4       $pdata$_query_new_handler$fin$0 000000018002f7f4     libucrt:new_handler.obj
 0004:00001800       $pdata$?filt$0@?0???R<lambda_6e4b09c48022b2350581041d5f6b0c4c>@@QEBA@XZ@4HA 000000018002f800     libucrt:exit.obj
 0004:0000180c       $pdata$?fin$0@?0???$?RV<lambda_7777bce6b2f8c936911f934f8298dc43>@@AEAV<lambda_f03950bc5685219e0bcd2087efbe011e>@@V<lambda_3883c3dff614d5e0c5f61bb1ac94921c>@@@?$__crt_seh_guarded_call@H@@QEAAH$$QEAV<lambda_7777bce6b2f8c936911f934f8298dc43>@@AEAV<lambda_f03950bc5685219e0bcd2087efbe011e>@@$$QEAV<lambda_3883c3dff614d5e0c5f61bb1ac94921c>@@@Z@4HA 000000018002f80c     libucrt:onexit.obj
 0004:0000180c       $pdata$?fin$0@?0???$?RV<lambda_d80eeec6fff315bfe5c115232f3240e3>@@AEAV<lambda_6e4b09c48022b2350581041d5f6b0c4c>@@V<lambda_2358e3775559c9db80273638284d5e45>@@@?$__crt_seh_guarded_call@X@@QEAAX$$QEAV<lambda_d80eeec6fff315bfe5c115232f3240e3>@@AEAV<lambda_6e4b09c48022b2350581041d5f6b0c4c>@@$$QEAV<lambda_2358e3775559c9db80273638284d5e45>@@@Z@4HA 000000018002f80c     libucrt:exit.obj
 0004:0000180c       $pdata$?fin$0@?0???$?RV<lambda_2d41944a1d46af3157314b8a01080d33>@@AEAV<lambda_8f455de75cd7d7f24b4096f044d8b9e6>@@V<lambda_aa500f224e6afead328df44964fe2772>@@@?$__crt_seh_guarded_call@X@@QEAAX$$QEAV<lambda_2d41944a1d46af3157314b8a01080d33>@@AEAV<lambda_8f455de75cd7d7f24b4096f044d8b9e6>@@$$QEAV<lambda_aa500f224e6afead328df44964fe2772>@@@Z@4HA 000000018002f80c     libucrt:per_thread_data.obj
 0004:0000180c       $pdata$?fin$0@?0???$?RV<lambda_f2e299630e499de9f9a165e60fcd3db5>@@AEAV<lambda_2ae9d31cdba2644fcbeaf08da7c24588>@@V<lambda_40d01ff24d0e7b3814fdbdcee8eab3c7>@@@?$__crt_seh_guarded_call@X@@QEAAX$$QEAV<lambda_f2e299630e499de9f9a165e60fcd3db5>@@AEAV<lambda_2ae9d31cdba2644fcbeaf08da7c24588>@@$$QEAV<lambda_40d01ff24d0e7b3814fdbdcee8eab3c7>@@@Z@4HA 000000018002f80c     libucrt:per_thread_data.obj
 0004:0000180c       $pdata$?fin$0@?0???$?RV<lambda_aa87e3671a710a21b5dc78c0bdf72e11>@@AEAV<lambda_92619d2358a28f41a33ba319515a20b9>@@V<lambda_6992ecaafeb10aed2b74cb1fae11a551>@@@?$__crt_seh_guarded_call@X@@QEAAX$$QEAV<lambda_aa87e3671a710a21b5dc78c0bdf72e11>@@AEAV<lambda_92619d2358a28f41a33ba319515a20b9>@@$$QEAV<lambda_6992ecaafeb10aed2b74cb1fae11a551>@@@Z@4HA 000000018002f80c     libucrt:per_thread_data.obj
 0004:0000180c       $pdata$?fin$0@?0???$?RV<lambda_0ae27a3a962d80f24befdcbee591983d>@@AEAV<lambda_8d0ee55de4b1038c4002e0adecdf1839>@@V<lambda_dc504788e8f1664fe9b84e20bfb512f2>@@@?$__crt_seh_guarded_call@X@@QEAAX$$QEAV<lambda_0ae27a3a962d80f24befdcbee591983d>@@AEAV<lambda_8d0ee55de4b1038c4002e0adecdf1839>@@$$QEAV<lambda_dc504788e8f1664fe9b84e20bfb512f2>@@@Z@4HA 000000018002f80c     libucrt:per_thread_data.obj
 0004:0000180c       $pdata$?fin$0@?0???$?RV<lambda_8369fcb7c4df1e85de37618bd2b85f07>@@AEAV<lambda_a10e4b102d4a2c3aac6f4f48bbdf488f>@@V<lambda_5b7707bd6d7a0c4713179f36c7fd995d>@@@?$__crt_seh_guarded_call@H@@QEAAH$$QEAV<lambda_8369fcb7c4df1e85de37618bd2b85f07>@@AEAV<lambda_a10e4b102d4a2c3aac6f4f48bbdf488f>@@$$QEAV<lambda_5b7707bd6d7a0c4713179f36c7fd995d>@@@Z@4HA 000000018002f80c     libucrt:onexit.obj
 0004:0000180c       $pdata$?fin$0@?0???$?RV<lambda_450d765d439847d4c735a33c368b5fc0>@@AEAV<lambda_44731a7d0e6d81c3e6aa82d741081786>@@V<lambda_601a2a7da3b7a96e9554ac7215c4b07c>@@@?$__crt_seh_guarded_call@P6AXH@Z@@QEAAP6AXH@Z$$QEAV<lambda_450d765d439847d4c735a33c368b5fc0>@@AEAV<lambda_44731a7d0e6d81c3e6aa82d741081786>@@$$QEAV<lambda_601a2a7da3b7a96e9554ac7215c4b07c>@@@Z@4HA 000000018002f80c     libucrt:signal.obj
 0004:0000180c       $pdata$?fin$0@?0???$?RV<lambda_efdfa57d1f175319df784efa44bb7b81>@@AEAV<lambda_5f0a4c1567f8adc6734073e5d1e1b35c>@@V<lambda_2e8a7d3640ea6ccb4c2413664c2db6fd>@@@?$__crt_seh_guarded_call@X@@QEAAX$$QEAV<lambda_efdfa57d1f175319df784efa44bb7b81>@@AEAV<lambda_5f0a4c1567f8adc6734073e5d1e1b35c>@@$$QEAV<lambda_2e8a7d3640ea6ccb4c2413664c2db6fd>@@@Z@4HA 000000018002f80c     libucrt:mbctype.obj
 0004:00001818       $pdata$?fin$0@?0???$?RV<lambda_84ec643ea9557e2f7dc01bb0e9624395>@@AEAV<lambda_ca71763b3c0644891230e4f79ea54fa6>@@V<lambda_439a761618c59b0600e24586724d733b>@@@?$__crt_seh_guarded_call@H@@QEAAH$$QEAV<lambda_84ec643ea9557e2f7dc01bb0e9624395>@@AEAV<lambda_ca71763b3c0644891230e4f79ea54fa6>@@$$QEAV<lambda_439a761618c59b0600e24586724d733b>@@@Z@4HA 000000018002f818     libucrt:setvbuf.obj
 0004:00001818       $pdata$?fin$0@?0???$?RV<lambda_0d412022a4b28cc8a401ea49574e8ae6>@@AEAV<lambda_a775ed57af18ba8e4d5dc780aa9068fe>@@V<lambda_975a71a6baa488a08f4e15f6b0339b9e>@@@?$__crt_seh_guarded_call@H@@QEAAH$$QEAV<lambda_0d412022a4b28cc8a401ea49574e8ae6>@@AEAV<lambda_a775ed57af18ba8e4d5dc780aa9068fe>@@$$QEAV<lambda_975a71a6baa488a08f4e15f6b0339b9e>@@@Z@4HA 000000018002f818     libucrt:output.obj
 0004:00001818       $pdata$?fin$0@?0???$?RV<lambda_842d9ff0dc9ef11c61343bbaebe7f885>@@AEAV<lambda_c5860995281e5c4ce005b3de8f5874ee>@@V<lambda_d90129c13df834fdcbf8d2b88dafcf2d>@@@?$__crt_seh_guarded_call@X@@QEAAX$$QEAV<lambda_842d9ff0dc9ef11c61343bbaebe7f885>@@AEAV<lambda_c5860995281e5c4ce005b3de8f5874ee>@@$$QEAV<lambda_d90129c13df834fdcbf8d2b88dafcf2d>@@@Z@4HA 000000018002f818     libucrt:fflush.obj
 0004:00001818       $pdata$?fin$0@?0???$?RV<lambda_c376a267cfb53b6959b3b692ec76b120>@@AEAV<lambda_9a32fed5bf61b6b509b2d3f6003082a1>@@V<lambda_572fbb9fa0ab338edf41edfd4b5fcc8d>@@@?$__crt_seh_guarded_call@H@@QEAAH$$QEAV<lambda_c376a267cfb53b6959b3b692ec76b120>@@AEAV<lambda_9a32fed5bf61b6b509b2d3f6003082a1>@@$$QEAV<lambda_572fbb9fa0ab338edf41edfd4b5fcc8d>@@@Z@4HA 000000018002f818     libucrt:fflush.obj
 0004:00001824       $pdata$?fin$0@?0???$?RV<lambda_886d6c58226a84441f68b9f2b8217b83>@@AEAV<lambda_ab61a845afdef5b7c387490eaf3616ee>@@V<lambda_f7f22ab5edc0698d5f6905b0d3f44752>@@@?$__crt_seh_guarded_call@X@@QEAAX$$QEAV<lambda_886d6c58226a84441f68b9f2b8217b83>@@AEAV<lambda_ab61a845afdef5b7c387490eaf3616ee>@@$$QEAV<lambda_f7f22ab5edc0698d5f6905b0d3f44752>@@@Z@4HA 000000018002f824     libucrt:fflush.obj
 0004:00001830       $pdata$raise$fin$0         000000018002f830     libucrt:signal.obj
 0004:0000183c       $pdata$?fin$0@?0???$?RV<lambda_410d79af7f07d98d83a3f525b3859a53>@@AEAV<lambda_3e16ef9562a7dcce91392c22ab16ea36>@@V<lambda_38119f0e861e05405d8a144b9b982f0a>@@@?$__crt_seh_guarded_call@X@@QEAAX$$QEAV<lambda_410d79af7f07d98d83a3f525b3859a53>@@AEAV<lambda_3e16ef9562a7dcce91392c22ab16ea36>@@$$QEAV<lambda_38119f0e861e05405d8a144b9b982f0a>@@@Z@4HA 000000018002f83c     libucrt:wsetlocale.obj
 0004:00001848       $pdata$__acrt_initialize_lowio$fin$0 000000018002f848     libucrt:ioinit.obj
 0004:00001848       $pdata$__acrt_lowio_ensure_fh_exists$fin$0 000000018002f848     libucrt:osfinfo.obj
 0004:00001854       $pdata$?fin$0@?0??update_thread_multibyte_data_internal@@YAPEAU__crt_multibyte_data@@QEAU__acrt_ptd@@QEAPEAU1@@Z@4HA 000000018002f854     libucrt:mbctype.obj
 0004:00001860       $pdata$_fcloseall$fin$0    000000018002f860     libucrt:closeall.obj
 0004:0000186c       $pdata$__acrt_update_thread_locale_data$fin$0 000000018002f86c     libucrt:locale_refcounting.obj
 0004:00001878       $pdata$fclose$fin$0        000000018002f878     libucrt:fclose.obj
 0004:00001884       $pdata$_write$fin$0        000000018002f884     libucrt:write.obj
 0004:00001884       $pdata$?fin$0@?0???$common_lseek@_J@@YA_JH_JH@Z@4HA 000000018002f884     libucrt:lseek.obj
 0004:00001890       $pdata$?fin$0@?0???$?RV<lambda_a37b2b86f63e897a80ea819b0eb08c01>@@AEAV<lambda_38ce7e780aa69e748d6df282ebc68efe>@@V<lambda_99fb1378e971ab6e7edea83e3a7a83a2>@@@?$__crt_seh_guarded_call@H@@QEAAH$$QEAV<lambda_a37b2b86f63e897a80ea819b0eb08c01>@@AEAV<lambda_38ce7e780aa69e748d6df282ebc68efe>@@$$QEAV<lambda_99fb1378e971ab6e7edea83e3a7a83a2>@@@Z@4HA 000000018002f890     libucrt:commit.obj
 0004:00001890       $pdata$?fin$0@?0???$?RV<lambda_751a882b2c74d4b022dec766aa51a29a>@@AEAV<lambda_628dfdc04ba53c8bfc02c9951375f3f5>@@V<lambda_f6c7be5f7998530c34de24c7437d6b54>@@@?$__crt_seh_guarded_call@H@@QEAAH$$QEAV<lambda_751a882b2c74d4b022dec766aa51a29a>@@AEAV<lambda_628dfdc04ba53c8bfc02c9951375f3f5>@@$$QEAV<lambda_f6c7be5f7998530c34de24c7437d6b54>@@@Z@4HA 000000018002f890     libucrt:close.obj
 0004:0000189c       $pdata$_ctrlfp$filt$0      000000018002f89c     libucrt:fpctrl.obj
 0004:000018a8       $pdata$_IsNonwritableInCurrentImage$filt$0 000000018002f8a8     LIBCMT:pesect.obj
 0004:000018b4       $pdata$??__Fg_closingHandles@@YAXXZ 000000018002f8b4     serialport_win.obj
 0005:00000060       $R000000                   0000000180030060     * linker generated manifest res *

 Exports

  ordinal    name

        1    _register_serialport_
