 serialport

 Timestamp is 5a5579da (Tue Jan  9 20:26:34 2018)

 Preferred load address is 10000000

 Start         Length     Name                   Class
 0001:00000000 00000070H .text$di                CODE
 0001:00000070 00019240H .text$mn                CODE
 0001:000192b0 00000c90H .text$x                 CODE
 0001:00019f40 0000008aH .text$yd                CODE
 0002:00000000 00000284H .idata$5                DATA
 0002:00000284 00000004H .00cfg                  DATA
 0002:00000288 00000004H .CRT$XCA                DATA
 0002:0000028c 00000008H .CRT$XCU                DATA
 0002:00000294 00000004H .CRT$XCZ                DATA
 0002:00000298 00000004H .CRT$XIA                DATA
 0002:0000029c 0000000cH .CRT$XIC                DATA
 0002:000002a8 00000004H .CRT$XIZ                DATA
 0002:000002ac 00000004H .CRT$XPA                DATA
 0002:000002b0 00000008H .CRT$XPX                DATA
 0002:000002b8 00000004H .CRT$XPXA               DATA
 0002:000002bc 00000004H .CRT$XPZ                DATA
 0002:000002c0 00000004H .CRT$XTA                DATA
 0002:000002c4 0000000cH .CRT$XTZ                DATA
 0002:000002c8 00000000H .gfids$y                DATA
 0002:000002d0 00006360H .rdata                  DATA
 0002:00006630 00000220H .rdata$r                DATA
 0002:00006850 000000b8H .rdata$sxdata           DATA
 0002:00006908 0000036cH .rdata$zzzdbg           DATA
 0002:00006c74 00000004H .rtc$IAA                DATA
 0002:00006c78 00000004H .rtc$IZZ                DATA
 0002:00006c7c 00000004H .rtc$TAA                DATA
 0002:00006c80 00000008H .rtc$TZZ                DATA
 0002:00006c88 00001288H .xdata$x                DATA
 0002:00007f10 00000058H .edata                  DATA
 0002:00007f68 00000050H .idata$2                DATA
 0002:00007fb8 00000014H .idata$3                DATA
 0002:00007fcc 00000284H .idata$4                DATA
 0002:00008250 00001610H .idata$6                DATA
 0003:00000000 000007b4H .data                   DATA
 0003:000007b4 000000dcH .data$r                 DATA
 0003:00000890 00000a30H .bss                    DATA
 0004:00000000 00000060H .rsrc$01                DATA
 0004:00000060 00000180H .rsrc$02                DATA

  Address         Publics by Value              Rva+Base       Lib:Object

 0000:00000000       ___guard_fids_count        00000000     <absolute>
 0000:00000000       ___enclave_config          00000000     <absolute>
 0000:00000000       ___guard_longjmp_count     00000000     <absolute>
 0000:00000000       __except_list              00000000     <absolute>
 0000:00000000       ___guard_longjmp_table     00000000     <absolute>
 0000:00000000       ___guard_iat_table         00000000     <absolute>
 0000:00000000       ___guard_iat_count         00000000     <absolute>
 0000:00000000       ___hybrid_auxiliary_iat    00000000     <absolute>
 0000:00000000       ___hybrid_code_map         00000000     <absolute>
 0000:00000000       ___guard_fids_table        00000000     <absolute>
 0000:00000000       ___hybrid_code_map_count   00000000     <absolute>
 0000:00000000       ___dynamic_value_reloc_table 00000000     <absolute>
 0000:0000002e       ___safe_se_handler_count   0000002e     <absolute>
 0000:00000100       ___guard_flags             00000100     <absolute>
 0000:00000000       ___ImageBase               10000000     <linker-defined>
 0001:00000130       ?New@?$Factory@VFunctionTemplate@v8@@@imp@Nan@@SA?AV?$Local@VFunctionTemplate@v8@@@v8@@P6AXABV?$FunctionCallbackInfo@VValue@v8@@@3@@ZV?$Local@VValue@v8@@@5@V?$Local@VSignature@v8@@@5@@Z 10001130 f i serialport.obj
 0001:000002c0       ??1EscapableHandleScope@Nan@@QAE@XZ 100012c0 f i serialport.obj
 0001:00000310       ??1HandleScope@Nan@@QAE@XZ 10001310 f i serialport.obj
 0001:00000360       ?ThrowTypeError@Nan@@YAXPBD@Z 10001360 f i serialport.obj
 0001:00000410       ??1Utf8String@Nan@@QAE@XZ  10001410 f i serialport.obj
 0001:00000460       ??1Callback@Nan@@QAE@XZ    10001460 f i serialport.obj
 0001:000004d0       ?Reset@Callback@Nan@@QAEXABV?$Local@VFunction@v8@@@v8@@@Z 100014d0 f i serialport.obj
 0001:00000510       ?Call@Callback@Nan@@QBE?AV?$Local@VValue@v8@@@v8@@HQAV34@@Z 10001510 f i serialport.obj
 0001:00000610       ??1?$Persistent@VFunction@v8@@V?$NonCopyablePersistentTraits@VFunction@v8@@@2@@Nan@@QAE@XZ 10001610 f i serialport.obj
 0001:00000610       ??1?$Persistent@VObject@v8@@V?$NonCopyablePersistentTraits@VObject@v8@@@2@@Nan@@QAE@XZ 10001610 f i serialport_win.obj
 0001:00000650       ?getValueFromObject@@YA?AV?$Local@VValue@v8@@@v8@@V?$Local@VObject@v8@@@2@V?$basic_string@DU?$char_traits@D@std@@V?$allocator@D@2@@std@@@Z 10001650 f   serialport.obj
 0001:00000780       ?getIntFromObject@@YAHV?$Local@VObject@v8@@@v8@@V?$basic_string@DU?$char_traits@D@std@@V?$allocator@D@2@@std@@@Z 10001780 f   serialport.obj
 0001:000008a0       ?getBoolFromObject@@YA_NV?$Local@VObject@v8@@@v8@@V?$basic_string@DU?$char_traits@D@std@@V?$allocator@D@2@@std@@@Z 100018a0 f   serialport.obj
 0001:000009d0       ?Open@@YAXABV?$FunctionCallbackInfo@VValue@v8@@@Nan@@@Z 100019d0 f   serialport.obj
 0001:00001020       ?EIO_AfterOpen@@YAXPAUuv_work_s@@@Z 10002020 f   serialport.obj
 0001:000011b0       ?Update@@YAXABV?$FunctionCallbackInfo@VValue@v8@@@Nan@@@Z 100021b0 f   serialport.obj
 0001:00001480       ?EIO_AfterUpdate@@YAXPAUuv_work_s@@@Z 10002480 f   serialport.obj
 0001:00001590       ?Close@@YAXABV?$FunctionCallbackInfo@VValue@v8@@@Nan@@@Z 10002590 f   serialport.obj
 0001:00001740       ?EIO_AfterDrain@@YAXPAUuv_work_s@@@Z 10002740 f   serialport.obj
 0001:00001740       ?EIO_AfterClose@@YAXPAUuv_work_s@@@Z 10002740 f   serialport.obj
 0001:00001740       ?EIO_AfterFlush@@YAXPAUuv_work_s@@@Z 10002740 f   serialport.obj
 0001:00001850       ?Flush@@YAXABV?$FunctionCallbackInfo@VValue@v8@@@Nan@@@Z 10002850 f   serialport.obj
 0001:00001a30       ?Set@@YAXABV?$FunctionCallbackInfo@VValue@v8@@@Nan@@@Z 10002a30 f   serialport.obj
 0001:00001d90       ?EIO_AfterSet@@YAXPAUuv_work_s@@@Z 10002d90 f   serialport.obj
 0001:00001ea0       ?Get@@YAXABV?$FunctionCallbackInfo@VValue@v8@@@Nan@@@Z 10002ea0 f   serialport.obj
 0001:00002090       ?EIO_AfterGet@@YAXPAUuv_work_s@@@Z 10003090 f   serialport.obj
 0001:000022c0       ?Drain@@YAXABV?$FunctionCallbackInfo@VValue@v8@@@Nan@@@Z 100032c0 f   serialport.obj
 0001:000024a0       ?ToParityEnum@@YA?AW4SerialPortParity@@ABV?$Local@VString@v8@@@v8@@@Z 100034a0 f i serialport.obj
 0001:000026a0       _init                      100036a0 f   serialport.obj
 0001:000027d0       ??1?$Persistent@VFunction@v8@@V?$NonCopyablePersistentTraits@VFunction@v8@@@2@@v8@@QAE@XZ 100037d0 f i serialport.obj
 0001:000027d0       ??1?$Persistent@VObject@v8@@V?$NonCopyablePersistentTraits@VObject@v8@@@2@@v8@@QAE@XZ 100037d0 f i serialport_win.obj
 0001:00002810       ??1?$basic_string@DU?$char_traits@D@std@@V?$allocator@D@2@@std@@QAE@XZ 10003810 f i serialport.obj
 0001:00002870       ??0?$basic_string@DU?$char_traits@D@std@@V?$allocator@D@2@@std@@QAE@ABV01@@Z 10003870 f i serialport.obj
 0001:00002930       ?assign@?$basic_string@DU?$char_traits@D@std@@V?$allocator@D@2@@std@@QAEAAV12@QBDI@Z 10003930 f i serialport.obj
 0001:00002a70       ??$To@VInt32@v8@@@Nan@@YA?AV?$MaybeLocal@VInt32@v8@@@v8@@V?$Local@VValue@v8@@@2@@Z 10003a70 f i serialport.obj
 0001:00002b10       ??$New@VString@v8@@V?$basic_string@DU?$char_traits@D@std@@V?$allocator@D@2@@std@@@Nan@@YA?AV?$MaybeLocal@VString@v8@@@v8@@V?$basic_string@DU?$char_traits@D@std@@V?$allocator@D@2@@std@@@Z 10003b10 f i serialport.obj
 0001:00002bf0       ??$SetMethod@VObject@v8@@VLocal@2@@Nan@@YAXV?$Local@VObject@v8@@@v8@@PBDP6AXABV?$FunctionCallbackInfo@VValue@v8@@@0@@Z@Z 10003bf0 f i serialport.obj
 0001:00002cb0       ?_Xlen@?$basic_string@DU?$char_traits@D@std@@V?$allocator@D@2@@std@@SAXXZ 10003cb0 f i serialport.obj
 0001:00002cc0       ??$SetMethodAux@V?$Local@VObject@v8@@@v8@@@imp@Nan@@YAXV?$Local@VObject@v8@@@v8@@V?$Local@VString@v8@@@3@V?$Local@VFunctionTemplate@v8@@@3@ZZ 10003cc0 f i serialport.obj
 0001:00002d70       ___local_stdio_printf_options 10003d70 f i serialport_win.obj
 0001:00002d80       __snprintf_s               10003d80 f i serialport_win.obj
 0001:00002dc0       ?ErrorCodeToString@@YAXPBDHPAD@Z 10003dc0 f   serialport_win.obj
 0001:00002e80       ?AsyncCloseCallback@@YAXPAUuv_handle_s@@@Z 10003e80 f   serialport_win.obj
 0001:00002e90       ?EIO_Open@@YAXPAUuv_work_s@@@Z 10003e90 f   serialport_win.obj
 0001:000031e0       ?EIO_Update@@YAXPAUuv_work_s@@@Z 100041e0 f   serialport_win.obj
 0001:00003290       ?EIO_Set@@YAXPAUuv_work_s@@@Z 10004290 f   serialport_win.obj
 0001:00003340       ?EIO_Get@@YAXPAUuv_work_s@@@Z 10004340 f   serialport_win.obj
 0001:000033b0       ?Write@@YAXABV?$FunctionCallbackInfo@VValue@v8@@@Nan@@@Z 100043b0 f   serialport_win.obj
 0001:00003650       ?WriteIOCompletion@@YGXKKPAU_OVERLAPPED@@@Z 10004650 f   serialport_win.obj
 0001:000036b0       ?WriteThread@@YGKPAX@Z     100046b0 f   serialport_win.obj
 0001:00003760       ?EIO_AfterWrite@@YAXPAUuv_async_s@@@Z 10004760 f   serialport_win.obj
 0001:00003890       ?Read@@YAXABV?$FunctionCallbackInfo@VValue@v8@@@Nan@@@Z 10004890 f   serialport_win.obj
 0001:00003bd0       ?ReadIOCompletion@@YGXKKPAU_OVERLAPPED@@@Z 10004bd0 f   serialport_win.obj
 0001:00003da0       ?ReadThread@@YGKPAX@Z      10004da0 f   serialport_win.obj
 0001:00003ea0       ?EIO_AfterRead@@YAXPAUuv_async_s@@@Z 10004ea0 f   serialport_win.obj
 0001:00004080       ?EIO_Close@@YAXPAUuv_work_s@@@Z 10005080 f   serialport_win.obj
 0001:00004120       ?List@@YAXABV?$FunctionCallbackInfo@VValue@v8@@@Nan@@@Z 10005120 f   serialport_win.obj
 0001:00004270       ?EIO_List@@YAXPAUuv_work_s@@@Z 10005270 f   serialport_win.obj
 0001:000047f0       ?setIfNotEmpty@@YAXV?$Local@VObject@v8@@@v8@@V?$basic_string@DU?$char_traits@D@std@@V?$allocator@D@2@@std@@PBD@Z 100057f0 f   serialport_win.obj
 0001:00004970       ?EIO_AfterList@@YAXPAUuv_work_s@@@Z 10005970 f   serialport_win.obj
 0001:00004da0       ??1ListResultItem@@QAE@XZ  10005da0 f i serialport_win.obj
 0001:00005070       ?EIO_Flush@@YAXPAUuv_work_s@@@Z 10006070 f   serialport_win.obj
 0001:000050a0       ?EIO_Drain@@YAXPAUuv_work_s@@@Z 100060a0 f   serialport_win.obj
 0001:000050d0       ??1?$list@PAUListResultItem@@V?$allocator@PAUListResultItem@@@std@@@std@@QAE@XZ 100060d0 f i serialport_win.obj
 0001:00005150       ??1?$_List_buy@HV?$allocator@H@std@@@std@@QAE@XZ 10006150 f i serialport_win.obj
 0001:000051a0       ??1?$_List_buy@PAUListResultItem@@V?$allocator@PAUListResultItem@@@std@@@std@@QAE@XZ 100061a0 f i serialport_win.obj
 0001:000051f0       ??1?$_List_alloc@U?$_List_base_types@HV?$allocator@H@std@@@std@@@std@@QAE@XZ 100061f0 f i serialport_win.obj
 0001:00005200       ??1?$_List_alloc@U?$_List_base_types@PAUListResultItem@@V?$allocator@PAUListResultItem@@@std@@@std@@@std@@QAE@XZ 10006200 f i serialport_win.obj
 0001:00005209       ??0bad_alloc@std@@QAE@ABV01@@Z 10006209 f i libcpmt:xthrow.obj
 0001:00005224       ??0bad_alloc@std@@QAE@XZ   10006224 f i libcpmt:xthrow.obj
 0001:0000523c       ??0exception@std@@QAE@ABV01@@Z 1000623c f i libcpmt:xthrow.obj
 0001:00005268       ??0exception@std@@QAE@QBD@Z 10006268 f i libcpmt:xthrow.obj
 0001:0000529f       ??0length_error@std@@QAE@ABV01@@Z 1000629f f i libcpmt:xthrow.obj
 0001:000052ba       ??0length_error@std@@QAE@PBD@Z 100062ba f i libcpmt:xthrow.obj
 0001:000052db       ??0logic_error@std@@QAE@ABV01@@Z 100062db f i libcpmt:xthrow.obj
 0001:000052f6       ??_Glength_error@std@@UAEPAXI@Z 100062f6 f i libcpmt:xthrow.obj
 0001:000052f6       ??_Elogic_error@std@@UAEPAXI@Z 100062f6 f i libcpmt:xthrow.obj
 0001:000052f6       ??_Ebad_alloc@std@@UAEPAXI@Z 100062f6 f i libcpmt:xthrow.obj
 0001:000052f6       ??_Elength_error@std@@UAEPAXI@Z 100062f6 f i libcpmt:xthrow.obj
 0001:000052f6       ??_Glogic_error@std@@UAEPAXI@Z 100062f6 f i libcpmt:xthrow.obj
 0001:000052f6       ??_Gbad_exception@std@@UAEPAXI@Z 100062f6 f i libvcruntime:frame.obj
 0001:000052f6       ??_Eexception@std@@UAEPAXI@Z 100062f6 f i libcpmt:xthrow.obj
 0001:000052f6       ??_Gexception@std@@UAEPAXI@Z 100062f6 f i libcpmt:xthrow.obj
 0001:000052f6       ??_Gbad_alloc@std@@UAEPAXI@Z 100062f6 f i libcpmt:xthrow.obj
 0001:000052f6       ??_Ebad_exception@std@@UAEPAXI@Z 100062f6 f i libvcruntime:frame.obj
 0001:000052f6       ??_Gbad_array_new_length@std@@UAEPAXI@Z 100062f6 f i LIBCMT:throw_bad_alloc.obj
 0001:000052f6       ??_Ebad_array_new_length@std@@UAEPAXI@Z 100062f6 f i LIBCMT:throw_bad_alloc.obj
 0001:00005323       ?_Xlength_error@std@@YAXPBD@Z 10006323 f   libcpmt:xthrow.obj
 0001:00005343       ?what@exception@std@@UBEPBDXZ 10006343 f i libcpmt:xthrow.obj
 0001:00005350       @__security_check_cookie@4 10006350 f   LIBCMT:_secchk_.obj
 0001:00005361       ??2@YAPAXI@Z               10006361 f   LIBCMT:new_scalar.obj
 0001:00005391       ??3@YAXPAX@Z               10006391 f   LIBCMT:delete_scalar.obj
 0001:00005396       ??3@YAXPAXI@Z              10006396 f   LIBCMT:delete_scalar_size.obj
 0001:000053a4       ___raise_securityfailure   100063a4 f   LIBCMT:gs_report.obj
 0001:000053cc       ___report_gsfailure        100063cc f   LIBCMT:gs_report.obj
 0001:000054c7       ___report_rangecheckfailure 100064c7 f   LIBCMT:gs_report.obj
 0001:000054d3       ___report_securityfailure  100064d3 f   LIBCMT:gs_report.obj
 0001:000055e7       ___scrt_acquire_startup_lock 100065e7 f   LIBCMT:utility.obj
 0001:0000561c       ___scrt_dllmain_after_initialize_c 1000661c f   LIBCMT:utility.obj
 0001:00005647       ___scrt_dllmain_before_initialize_c 10006647 f   LIBCMT:utility.obj
 0001:00005655       ___scrt_dllmain_crt_thread_attach 10006655 f   LIBCMT:utility.obj
 0001:00005674       ___scrt_dllmain_crt_thread_detach 10006674 f   LIBCMT:utility.obj
 0001:00005681       ___scrt_dllmain_exception_filter 10006681 f   LIBCMT:utility.obj
 0001:000056b4       ___scrt_dllmain_uninitialize_c 100066b4 f   LIBCMT:utility.obj
 0001:000056d7       ___scrt_dllmain_uninitialize_critical 100066d7 f   LIBCMT:utility.obj
 0001:000056e4       ___scrt_initialize_crt     100066e4 f   LIBCMT:utility.obj
 0001:0000571d       ___scrt_initialize_onexit_tables 1000671d f   LIBCMT:utility.obj
 0001:000057c7       ___scrt_is_nonwritable_in_current_image 100067c7 f   LIBCMT:utility.obj
 0001:00005851       ___scrt_release_startup_lock 10006851 f   LIBCMT:utility.obj
 0001:0000586e       ___scrt_uninitialize_crt   1000686e f   LIBCMT:utility.obj
 0001:00005896       __onexit                   10006896 f   LIBCMT:utility.obj
 0001:000058d1       _atexit                    100068d1 f   LIBCMT:utility.obj
 0001:00005be0       __DllMainCRTStartup@12     10006be0 f   LIBCMT:dll_dllmain.obj
 0001:00005c03       ??_Etype_info@@UAEPAXI@Z   10006c03 f i LIBCMT:std_type_info_static.obj
 0001:00005c03       ??_Gtype_info@@UAEPAXI@Z   10006c03 f i LIBCMT:std_type_info_static.obj
 0001:00005c26       ??0bad_array_new_length@std@@QAE@ABV01@@Z 10006c26 f i LIBCMT:throw_bad_alloc.obj
 0001:00005c41       ??0bad_array_new_length@std@@QAE@XZ 10006c41 f i LIBCMT:throw_bad_alloc.obj
 0001:00005c59       ?_Xbad_alloc@std@@YAXXZ    10006c59 f   libcpmt:xthrow.obj
 0001:00005c59       ?__scrt_throw_std_bad_alloc@@YAXXZ 10006c59 f   LIBCMT:throw_bad_alloc.obj
 0001:00005c76       ?__scrt_throw_std_bad_array_new_length@@YAXXZ 10006c76 f   LIBCMT:throw_bad_alloc.obj
 0001:00005c93       ___isa_available_init      10006c93 f   LIBCMT:_cpu_disp_.obj
 0001:00005e32       __get_startup_argv_mode    10006e32 f   LIBCMT:argv_mode.obj
 0001:00005e36       ___scrt_is_ucrt_dll_in_use 10006e36 f   LIBCMT:ucrt_detection.obj
 0001:00005e42       ___scrt_fastfail           10006e42 f   LIBCMT:utility_desktop.obj
 0001:00005f5e       __crt_debugger_hook        10006f5e f   LIBCMT:utility_desktop.obj
 0001:00005f66       @_guard_check_icall@4      10006f66 f i LIBCMT:checkcfg.obj
 0001:00005f70       __SEH_prolog4              10006f70 f   LIBCMT:_sehprolg4_.obj
 0001:00005fb6       __SEH_epilog4              10006fb6 f   LIBCMT:_sehprolg4_.obj
 0001:0000601a       ___security_init_cookie    1000701a f   LIBCMT:gs_support.obj
 0001:0000606d       _DllMain@12                1000706d f   LIBCMT:dll_dllmain_stub.obj
 0001:00006073       ?__scrt_initialize_type_info@@YAXXZ 10007073 f   LIBCMT:tncleanup.obj
 0001:0000607f       ?__scrt_uninitialize_type_info@@YAXXZ 1000707f f   LIBCMT:tncleanup.obj
 0001:0000608b       ___local_stdio_scanf_options 1000708b f i LIBCMT:default_local_stdio_options.obj
 0001:00006091       ___scrt_initialize_default_local_stdio_options 10007091 f   LIBCMT:default_local_stdio_options.obj
 0001:000060ae       ___scrt_get_dyn_tls_init_callback 100070ae f   LIBCMT:dyn_tls_init.obj
 0001:000060b4       __RTC_Initialize           100070b4 f   LIBCMT:_initsect_.obj
 0001:000060df       __RTC_Terminate            100070df f   LIBCMT:_initsect_.obj
 0001:0000610a       @_guard_check_icall_nop@4  1000710a f i LIBCMT:guard_support.obj
 0001:0000610b       ?_CallCatchBlock2@@YAPAXPAUEHRegistrationNode@@PBU_s_FuncInfo@@PAXHK@Z 1000710b f   libvcruntime:trnsctrl.obj
 0001:0000616b       ?_CallSETranslator@@YAHPAUEHExceptionRecord@@PAUEHRegistrationNode@@PAX2PBU_s_FuncInfo@@H1@Z 1000716b f   libvcruntime:trnsctrl.obj
 0001:00006248       ?_GetRangeOfTrysToCheck@@YAPBU_s_TryBlockMapEntry@@PBU_s_FuncInfo@@HHPAI1@Z 10007248 f   libvcruntime:trnsctrl.obj
 0001:000062c0       ?_JumpToContinuation@@YGXPAXPAUEHRegistrationNode@@@Z 100072c0 f   libvcruntime:trnsctrl.obj
 0001:000062f2       ?_UnwindNestedFrames@@YGXPAUEHRegistrationNode@@PAUEHExceptionRecord@@@Z 100072f2 f   libvcruntime:trnsctrl.obj
 0001:00006347       __CatchGuardHandler        10007347 f   libvcruntime:trnsctrl.obj
 0001:00006378       __CreateFrameInfo          10007378 f   libvcruntime:trnsctrl.obj
 0001:0000639c       __FindAndUnlinkFrame       1000739c f   libvcruntime:trnsctrl.obj
 0001:000063e6       __TranslatorGuardHandler   100073e6 f   libvcruntime:trnsctrl.obj
 0001:00006485       ___CxxFrameHandler3        10007485 f   libvcruntime:trnsctrl.obj
 0001:000064c0       _memmove                   100074c0 f   libvcruntime:memmove.obj
 0001:00006a40       _strstr                    10007a40 f   libvcruntime:strstr.obj
 0001:00006ca3       ___std_exception_copy      10007ca3 f   libvcruntime:std_exception.obj
 0001:00006d06       ___std_exception_destroy   10007d06 f   libvcruntime:std_exception.obj
 0001:00006d25       __CxxThrowException@8      10007d25 f   libvcruntime:throw.obj
 0001:00006d93       ___vcrt_initialize         10007d93 f   libvcruntime:initialization.obj
 0001:00006dbc       ___vcrt_thread_attach      10007dbc f   libvcruntime:initialization.obj
 0001:00006dc7       ___vcrt_thread_detach      10007dc7 f   libvcruntime:initialization.obj
 0001:00006dd2       ___vcrt_uninitialize       10007dd2 f   libvcruntime:initialization.obj
 0001:00006df1       ___vcrt_uninitialize_critical 10007df1 f   libvcruntime:initialization.obj
 0001:00006e40       __except_handler4          10007e40 f   libvcruntime:_chandler4_.obj
 0001:00006fb0       _memset                    10007fb0 f   libvcruntime:memset.obj
 0001:0000710a       ___std_type_info_compare   1000810a f   libvcruntime:std_type_info.obj
 0001:00007146       ___std_type_info_destroy_list 10008146 f   libvcruntime:std_type_info.obj
 0001:00007169       ___vcrt_freefls@4          10008169 f   libvcruntime:per_thread_data.obj
 0001:00007185       ___vcrt_freeptd            10008185 f   libvcruntime:per_thread_data.obj
 0001:000071bb       ___vcrt_getptd             100081bb f   libvcruntime:per_thread_data.obj
 0001:000071c9       ___vcrt_getptd_noexit      100081c9 f   libvcruntime:per_thread_data.obj
 0001:0000725b       ___vcrt_initialize_ptd     1000825b f   libvcruntime:per_thread_data.obj
 0001:0000728e       ___vcrt_uninitialize_ptd   1000828e f   libvcruntime:per_thread_data.obj
 0001:000072b0       __CallSettingFrame@12      100082b0 f   libvcruntime:lowhelpr.obj
 0001:000072d7       __NLG_Return               100082d7     libvcruntime:lowhelpr.obj
 0001:000072fc       ??0bad_exception@std@@QAE@ABV01@@Z 100082fc f i libvcruntime:frame.obj
 0001:00007317       ??0bad_exception@std@@QAE@XZ 10008317 f i libvcruntime:frame.obj
 0001:0000732f       ??1bad_array_new_length@std@@UAE@XZ 1000832f f i LIBCMT:throw_bad_alloc.obj
 0001:0000732f       ??1bad_alloc@std@@UAE@XZ   1000832f f i libcpmt:xthrow.obj
 0001:0000732f       ??1bad_exception@std@@UAE@XZ 1000832f f i libvcruntime:frame.obj
 0001:0000732f       ??1length_error@std@@UAE@XZ 1000832f f i libcpmt:xthrow.obj
 0001:00007340       ??8type_info@@QBE_NABV0@@Z 10008340 f i libvcruntime:frame.obj
 0001:00007b57       ?_CallMemberFunction1@@YGXQAX00@Z 10008b57 f i libvcruntime:frame.obj
 0001:00007b67       ?_CallMemberFunction2@@YGXQAX00H@Z 10008b67 f i libvcruntime:frame.obj
 0001:00007b7a       ___BuildCatchObject        10008b7a f   libvcruntime:frame.obj
 0001:00007c09       ___BuildCatchObjectHelper  10008c09 f   libvcruntime:frame.obj
 0001:00007d37       ___FrameUnwindToState      10008d37 f   libvcruntime:frame.obj
 0001:00007dff       ___InternalCxxFrameHandler 10008dff f   libvcruntime:frame.obj
 0001:00007efb       ___TypeMatch               10008efb f   libvcruntime:frame.obj
 0001:00007f89       ___except_validate_context_record 10008f89 f   libvcruntime:jbcxrval.obj
 0001:00007fb9       ___except_validate_jump_buffer 10008fb9 f   libvcruntime:jbcxrval.obj
 0001:00007ff0       _strchr                    10008ff0 f   libvcruntime:strchr.obj
 0001:0000805e       ___from_strstr_to_strchr   1000905e     libvcruntime:strchr.obj
 0001:0000811b       ___vcrt_initialize_locks   1000911b f   libvcruntime:locks.obj
 0001:00008157       ___vcrt_uninitialize_locks 10009157 f   libvcruntime:locks.obj
 0001:00008186       ??$__crt_fast_encode_pointer@PAX@@YAPAXQAX@Z 10009186 f i libvcruntime:winapi_downlevel.obj
 0001:00008186       ??$__crt_fast_encode_pointer@PAP6AXXZ@@YAPAP6AXXZQAP6AXXZ@Z 10009186 f i LIBCMT:utility.obj
 0001:000082e9       ___vcrt_FlsAlloc           100092e9 f   libvcruntime:winapi_downlevel.obj
 0001:00008323       ___vcrt_FlsFree            10009323 f   libvcruntime:winapi_downlevel.obj
 0001:0000835d       ___vcrt_FlsGetValue        1000935d f   libvcruntime:winapi_downlevel.obj
 0001:00008397       ___vcrt_FlsSetValue        10009397 f   libvcruntime:winapi_downlevel.obj
 0001:000083d4       ___vcrt_InitializeCriticalSectionEx 100093d4 f   libvcruntime:winapi_downlevel.obj
 0001:0000841a       ___vcrt_initialize_winapi_thunks 1000941a f   libvcruntime:winapi_downlevel.obj
 0001:00008454       ___vcrt_uninitialize_winapi_thunks 10009454 f   libvcruntime:winapi_downlevel.obj
 0001:00008486       ___vcrt_initialize_pure_virtual_call_handler 10009486 f   libvcruntime:purevirt_data.obj
 0001:000084b0       __local_unwind4            100094b0 f   libvcruntime:_exsup4_.obj
 0001:00008588       __seh_longjmp_unwind4@4    10009588 f   libvcruntime:_exsup4_.obj
 0001:000085b0       @_EH4_CallFilterFunc@8     100095b0 f   libvcruntime:_exsup4_.obj
 0001:000085c8       @_EH4_TransferToHandler@8  100095c8 f   libvcruntime:_exsup4_.obj
 0001:000085e4       @_EH4_GlobalUnwind2@8      100095e4 f   libvcruntime:_exsup4_.obj
 0001:00008600       @_EH4_LocalUnwind@16       10009600 f   libvcruntime:_exsup4_.obj
 0001:00008620       __global_unwind2           10009620 f   libvcruntime:_exsup_.obj
 0001:00008686       __local_unwind2            10009686 f   libvcruntime:_exsup_.obj
 0001:0000870a       __abnormal_termination     1000970a f   libvcruntime:_exsup_.obj
 0001:00008730       __NLG_Notify1              10009730 f   libvcruntime:_exsup_.obj
 0001:0000873c       __NLG_Notify               1000973c f   libvcruntime:_exsup_.obj
 0001:00008753       __NLG_Dispatch2            10009753     libvcruntime:_exsup_.obj
 0001:00008753       __NLG_Dispatch             10009753     libvcruntime:_exsup_.obj
 0001:0000875b       __NLG_Call                 1000975b f   libvcruntime:_exsup_.obj
 0001:0000875d       __NLG_Return2              1000975d     libvcruntime:_exsup_.obj
 0001:0000875e       _unexpected                1000975e f   libvcruntime:unexpected.obj
 0001:0000877a       ___DestructExceptionObject 1000977a f   libvcruntime:ehhelpers.obj
 0001:0000880e       ?_CallMemberFunction0@@YGXQAX0@Z 1000980e f i libvcruntime:ehhelpers.obj
 0001:0000881b       __IsExceptionObjectToBeDestroyed 1000981b f   libvcruntime:ehhelpers.obj
 0001:00008841       ___AdjustPointer           10009841 f   libvcruntime:ehhelpers.obj
 0001:00008866       ___FrameUnwindFilter       10009866 f   libvcruntime:ehhelpers.obj
 0001:000088ab       _free                      100098ab f   libucrt:free.obj
 0001:00008f26       ??$ftprintf@PAU_iobuf@@PB_WABQB_WABQB_WABI@?$__crt_char_traits@_W@@SAH$$QAPAU_iobuf@@$$QAPB_WABQB_W2ABI@Z 10009f26 f i libucrt:assert.obj
 0001:00009005       __vfwprintf_l              1000a005 f i libucrt:assert.obj
 0001:0000902a       __vswprintf_c_l            1000a02a f i libucrt:assert.obj
 0001:00009059       __wassert                  1000a059 f   libucrt:assert.obj
 0001:000090a1       _fwprintf                  1000a0a1 f i libucrt:assert.obj
 0001:0000913d       _swprintf                  1000a13d f i libucrt:assert.obj
 0001:0000915b       ___acrt_call_reportfault   1000a15b f   libucrt:invalid_parameter.obj
 0001:00009296       ___acrt_initialize_invalid_parameter_handler 1000a296 f   libucrt:invalid_parameter.obj
 0001:000092a5       __invalid_parameter        1000a2a5 f   libucrt:invalid_parameter.obj
 0001:00009320       __invalid_parameter_noinfo 1000a320 f   libucrt:invalid_parameter.obj
 0001:00009330       __invalid_parameter_noinfo_noreturn 1000a330 f   libucrt:invalid_parameter.obj
 0001:0000934d       __invoke_watson            1000a34d f   libucrt:invalid_parameter.obj
 0001:00009381       _malloc                    1000a381 f   libucrt:malloc.obj
 0001:0000943d       _strncpy_s                 1000a43d f   libucrt:strncpy_s.obj
 0001:000098a6       ??$count@D@formatting_buffer@__crt_stdio_output@@QBEIXZ 1000a8a6 f i libucrt:output.obj
 0001:000098be       ??$count@_W@formatting_buffer@__crt_stdio_output@@QBEIXZ 1000a8be f i libucrt:output.obj
 0001:000098d7       ??$ensure_buffer_is_big_enough@D@formatting_buffer@__crt_stdio_output@@QAE_NI@Z 1000a8d7 f i libucrt:output.obj
 0001:00009956       ??$ensure_buffer_is_big_enough@_W@formatting_buffer@__crt_stdio_output@@QAE_NI@Z 1000a956 f i libucrt:output.obj
 0001:000099d6       ??$is_wide_character_specifier@D@__crt_stdio_output@@YA_N_KDW4length_modifier@0@@Z 1000a9d6 f i libucrt:output.obj
 0001:00009a07       ??$is_wide_character_specifier@_W@__crt_stdio_output@@YA_N_K_WW4length_modifier@0@@Z 1000aa07 f i libucrt:output.obj
 0001:00009a55       ??$scratch_data@D@formatting_buffer@__crt_stdio_output@@QAEPADXZ 1000aa55 f i libucrt:output.obj
 0001:00009a73       ??$type_case_integer_parse_into_buffer@I@?$output_processor@DV?$string_output_adapter@D@__crt_stdio_output@@V?$format_validation_base@DV?$string_output_adapter@D@__crt_stdio_output@@@2@@__crt_stdio_output@@AAEXII_N@Z 1000aa73 f i libucrt:output.obj
 0001:00009ae0       ??$type_case_integer_parse_into_buffer@I@?$output_processor@_WV?$string_output_adapter@_W@__crt_stdio_output@@V?$standard_base@_WV?$string_output_adapter@_W@__crt_stdio_output@@@2@@__crt_stdio_output@@AAEXII_N@Z 1000aae0 f i libucrt:output.obj
 0001:00009ae0       ??$type_case_integer_parse_into_buffer@I@?$output_processor@_WV?$stream_output_adapter@_W@__crt_stdio_output@@V?$standard_base@_WV?$stream_output_adapter@_W@__crt_stdio_output@@@2@@__crt_stdio_output@@AAEXII_N@Z 1000aae0 f i libucrt:output.obj
 0001:00009b61       ??$type_case_integer_parse_into_buffer@_K@?$output_processor@DV?$string_output_adapter@D@__crt_stdio_output@@V?$format_validation_base@DV?$string_output_adapter@D@__crt_stdio_output@@@2@@__crt_stdio_output@@AAEX_KI_N@Z 1000ab61 f i libucrt:output.obj
 0001:00009be3       ??$type_case_integer_parse_into_buffer@_K@?$output_processor@_WV?$stream_output_adapter@_W@__crt_stdio_output@@V?$standard_base@_WV?$stream_output_adapter@_W@__crt_stdio_output@@@2@@__crt_stdio_output@@AAEX_KI_N@Z 1000abe3 f i libucrt:output.obj
 0001:00009be3       ??$type_case_integer_parse_into_buffer@_K@?$output_processor@_WV?$string_output_adapter@_W@__crt_stdio_output@@V?$standard_base@_WV?$string_output_adapter@_W@__crt_stdio_output@@@2@@__crt_stdio_output@@AAEX_KI_N@Z 1000abe3 f i libucrt:output.obj
 0001:00009c79       ??$write_multiple_characters@V?$stream_output_adapter@_W@__crt_stdio_output@@D@__crt_stdio_output@@YAXABV?$stream_output_adapter@_W@0@DHQAH@Z 1000ac79 f i libucrt:output.obj
 0001:00009cb4       ??$write_multiple_characters@V?$string_output_adapter@D@__crt_stdio_output@@D@__crt_stdio_output@@YAXABV?$string_output_adapter@D@0@DHQAH@Z 1000acb4 f i libucrt:output.obj
 0001:00009ce0       ??$write_multiple_characters@V?$string_output_adapter@_W@__crt_stdio_output@@D@__crt_stdio_output@@YAXABV?$string_output_adapter@_W@0@DHQAH@Z 1000ace0 f i libucrt:output.obj
 0001:00009d11       ??0?$common_data@D@__crt_stdio_output@@IAE@XZ 1000ad11 f i libucrt:output.obj
 0001:00009d58       ??0?$common_data@_W@__crt_stdio_output@@IAE@XZ 1000ad58 f i libucrt:output.obj
 0001:00009da4       ??0?$output_adapter_data@DV?$string_output_adapter@D@__crt_stdio_output@@@__crt_stdio_output@@IAE@ABV?$string_output_adapter@D@1@_KQBDQAU__crt_locale_pointers@@QAD@Z 1000ada4 f i libucrt:output.obj
 0001:00009de0       ??0?$output_adapter_data@_WV?$stream_output_adapter@_W@__crt_stdio_output@@@__crt_stdio_output@@IAE@ABV?$stream_output_adapter@_W@1@_KQB_WQAU__crt_locale_pointers@@QAD@Z 1000ade0 f i libucrt:output.obj
 0001:00009de0       ??0?$output_adapter_data@_WV?$string_output_adapter@_W@__crt_stdio_output@@@__crt_stdio_output@@IAE@ABV?$string_output_adapter@_W@1@_KQB_WQAU__crt_locale_pointers@@QAD@Z 1000ade0 f i libucrt:output.obj
 0001:00009e1c       ??0_LocaleUpdate@@QAE@QAU__crt_locale_pointers@@@Z 1000ae1c f i libucrt:output.obj
 0001:00009e9f       ??1formatting_buffer@__crt_stdio_output@@QAE@XZ 1000ae9f f i libucrt:output.obj
 0001:00009eb9       ??4?$__crt_unique_heap_ptr@DU__crt_internal_free_policy@@@@QAEAAV0@$$QAV0@@Z 1000aeb9 f i libucrt:output.obj
 0001:00009f9e       ?crop_zeroes@__crt_stdio_output@@YAXPADQAU__crt_locale_pointers@@@Z 1000af9e f i libucrt:output.obj
 0001:00009ff5       ?find_next_state@?$output_processor@DV?$string_output_adapter@D@__crt_stdio_output@@V?$format_validation_base@DV?$string_output_adapter@D@__crt_stdio_output@@@2@@__crt_stdio_output@@ABE?AW4state@2@DW432@@Z 1000aff5 f i libucrt:output.obj
 0001:0000a02a       ?find_next_state@?$output_processor@_WV?$stream_output_adapter@_W@__crt_stdio_output@@V?$standard_base@_WV?$stream_output_adapter@_W@__crt_stdio_output@@@2@@__crt_stdio_output@@ABE?AW4state@2@_WW432@@Z 1000b02a f i libucrt:output.obj
 0001:0000a02a       ?find_next_state@?$output_processor@_WV?$string_output_adapter@_W@__crt_stdio_output@@V?$standard_base@_WV?$string_output_adapter@_W@__crt_stdio_output@@@2@@__crt_stdio_output@@ABE?AW4state@2@_WW432@@Z 1000b02a f i libucrt:output.obj
 0001:0000a05e       ?force_decimal_point@__crt_stdio_output@@YAXPADQAU__crt_locale_pointers@@@Z 1000b05e f i libucrt:output.obj
 0001:0000a0ba       ?parse_int_from_format_string@?$output_processor@DV?$string_output_adapter@D@__crt_stdio_output@@V?$format_validation_base@DV?$string_output_adapter@D@__crt_stdio_output@@@2@@__crt_stdio_output@@AAE_NQAH@Z 1000b0ba f i libucrt:output.obj
 0001:0000a132       ?parse_int_from_format_string@?$output_processor@_WV?$stream_output_adapter@_W@__crt_stdio_output@@V?$standard_base@_WV?$stream_output_adapter@_W@__crt_stdio_output@@@2@@__crt_stdio_output@@AAE_NQAH@Z 1000b132 f i libucrt:output.obj
 0001:0000a132       ?parse_int_from_format_string@?$output_processor@_WV?$string_output_adapter@_W@__crt_stdio_output@@V?$standard_base@_WV?$string_output_adapter@_W@__crt_stdio_output@@@2@@__crt_stdio_output@@AAE_NQAH@Z 1000b132 f i libucrt:output.obj
 0001:0000a1ac       ?process@?$output_processor@DV?$string_output_adapter@D@__crt_stdio_output@@V?$format_validation_base@DV?$string_output_adapter@D@__crt_stdio_output@@@2@@__crt_stdio_output@@QAEHXZ 1000b1ac f i libucrt:output.obj
 0001:0000a2d4       ?process@?$output_processor@_WV?$stream_output_adapter@_W@__crt_stdio_output@@V?$standard_base@_WV?$stream_output_adapter@_W@__crt_stdio_output@@@2@@__crt_stdio_output@@QAEHXZ 1000b2d4 f i libucrt:output.obj
 0001:0000a3f4       ?process@?$output_processor@_WV?$string_output_adapter@_W@__crt_stdio_output@@V?$standard_base@_WV?$string_output_adapter@_W@__crt_stdio_output@@@2@@__crt_stdio_output@@QAEHXZ 1000b3f4 f i libucrt:output.obj
 0001:0000a514       ?state_case_flag@?$output_processor@DV?$string_output_adapter@D@__crt_stdio_output@@V?$format_validation_base@DV?$string_output_adapter@D@__crt_stdio_output@@@2@@__crt_stdio_output@@AAE_NXZ 1000b514 f i libucrt:output.obj
 0001:0000a551       ?state_case_flag@?$output_processor@_WV?$stream_output_adapter@_W@__crt_stdio_output@@V?$standard_base@_WV?$stream_output_adapter@_W@__crt_stdio_output@@@2@@__crt_stdio_output@@AAE_NXZ 1000b551 f i libucrt:output.obj
 0001:0000a551       ?state_case_flag@?$output_processor@_WV?$string_output_adapter@_W@__crt_stdio_output@@V?$standard_base@_WV?$string_output_adapter@_W@__crt_stdio_output@@@2@@__crt_stdio_output@@AAE_NXZ 1000b551 f i libucrt:output.obj
 0001:0000a58e       ?state_case_normal@?$output_processor@DV?$string_output_adapter@D@__crt_stdio_output@@V?$format_validation_base@DV?$string_output_adapter@D@__crt_stdio_output@@@2@@__crt_stdio_output@@AAE_NXZ 1000b58e f i libucrt:output.obj
 0001:0000a5ad       ?state_case_normal@?$output_processor@_WV?$stream_output_adapter@_W@__crt_stdio_output@@V?$standard_base@_WV?$stream_output_adapter@_W@__crt_stdio_output@@@2@@__crt_stdio_output@@AAE_NXZ 1000b5ad f i libucrt:output.obj
 0001:0000a5cc       ?state_case_normal@?$output_processor@_WV?$string_output_adapter@_W@__crt_stdio_output@@V?$standard_base@_WV?$string_output_adapter@_W@__crt_stdio_output@@@2@@__crt_stdio_output@@AAE_NXZ 1000b5cc f i libucrt:output.obj
 0001:0000a5eb       ?state_case_normal_common@?$output_processor@DV?$string_output_adapter@D@__crt_stdio_output@@V?$format_validation_base@DV?$string_output_adapter@D@__crt_stdio_output@@@2@@__crt_stdio_output@@AAE_NXZ 1000b5eb f i libucrt:output.obj
 0001:0000a615       ?state_case_normal_common@?$output_processor@_WV?$stream_output_adapter@_W@__crt_stdio_output@@V?$standard_base@_WV?$stream_output_adapter@_W@__crt_stdio_output@@@2@@__crt_stdio_output@@AAE_NXZ 1000b615 f i libucrt:output.obj
 0001:0000a63f       ?state_case_normal_common@?$output_processor@_WV?$string_output_adapter@_W@__crt_stdio_output@@V?$standard_base@_WV?$string_output_adapter@_W@__crt_stdio_output@@@2@@__crt_stdio_output@@AAE_NXZ 1000b63f f i libucrt:output.obj
 0001:0000a65a       ?state_case_normal_tchar@?$output_processor@DV?$string_output_adapter@D@__crt_stdio_output@@V?$format_validation_base@DV?$string_output_adapter@D@__crt_stdio_output@@@2@@__crt_stdio_output@@AAE_ND@Z 1000b65a f i libucrt:output.obj
 0001:0000a6b6       ?state_case_precision@?$output_processor@DV?$string_output_adapter@D@__crt_stdio_output@@V?$format_validation_base@DV?$string_output_adapter@D@__crt_stdio_output@@@2@@__crt_stdio_output@@AAE_NXZ 1000b6b6 f i libucrt:output.obj
 0001:0000a6de       ?state_case_precision@?$output_processor@_WV?$string_output_adapter@_W@__crt_stdio_output@@V?$standard_base@_WV?$string_output_adapter@_W@__crt_stdio_output@@@2@@__crt_stdio_output@@AAE_NXZ 1000b6de f i libucrt:output.obj
 0001:0000a6de       ?state_case_precision@?$output_processor@_WV?$stream_output_adapter@_W@__crt_stdio_output@@V?$standard_base@_WV?$stream_output_adapter@_W@__crt_stdio_output@@@2@@__crt_stdio_output@@AAE_NXZ 1000b6de f i libucrt:output.obj
 0001:0000a707       ?state_case_size@?$output_processor@DV?$string_output_adapter@D@__crt_stdio_output@@V?$format_validation_base@DV?$string_output_adapter@D@__crt_stdio_output@@@2@@__crt_stdio_output@@AAE_NXZ 1000b707 f i libucrt:output.obj
 0001:0000a878       ?state_case_size@?$output_processor@_WV?$stream_output_adapter@_W@__crt_stdio_output@@V?$standard_base@_WV?$stream_output_adapter@_W@__crt_stdio_output@@@2@@__crt_stdio_output@@AAE_NXZ 1000b878 f i libucrt:output.obj
 0001:0000a9fc       ?state_case_size@?$output_processor@_WV?$string_output_adapter@_W@__crt_stdio_output@@V?$standard_base@_WV?$string_output_adapter@_W@__crt_stdio_output@@@2@@__crt_stdio_output@@AAE_NXZ 1000b9fc f i libucrt:output.obj
 0001:0000ab80       ?state_case_type@?$output_processor@DV?$string_output_adapter@D@__crt_stdio_output@@V?$format_validation_base@DV?$string_output_adapter@D@__crt_stdio_output@@@2@@__crt_stdio_output@@AAE_NXZ 1000bb80 f i libucrt:output.obj
 0001:0000ada8       ?state_case_type@?$output_processor@_WV?$stream_output_adapter@_W@__crt_stdio_output@@V?$standard_base@_WV?$stream_output_adapter@_W@__crt_stdio_output@@@2@@__crt_stdio_output@@AAE_NXZ 1000bda8 f i libucrt:output.obj
 0001:0000b009       ?state_case_type@?$output_processor@_WV?$string_output_adapter@_W@__crt_stdio_output@@V?$standard_base@_WV?$string_output_adapter@_W@__crt_stdio_output@@@2@@__crt_stdio_output@@AAE_NXZ 1000c009 f i libucrt:output.obj
 0001:0000b26a       ?state_case_width@?$output_processor@DV?$string_output_adapter@D@__crt_stdio_output@@V?$format_validation_base@DV?$string_output_adapter@D@__crt_stdio_output@@@2@@__crt_stdio_output@@AAE_NXZ 1000c26a f i libucrt:output.obj
 0001:0000b297       ?state_case_width@?$output_processor@_WV?$string_output_adapter@_W@__crt_stdio_output@@V?$standard_base@_WV?$string_output_adapter@_W@__crt_stdio_output@@@2@@__crt_stdio_output@@AAE_NXZ 1000c297 f i libucrt:output.obj
 0001:0000b297       ?state_case_width@?$output_processor@_WV?$stream_output_adapter@_W@__crt_stdio_output@@V?$standard_base@_WV?$stream_output_adapter@_W@__crt_stdio_output@@@2@@__crt_stdio_output@@AAE_NXZ 1000c297 f i libucrt:output.obj
 0001:0000b2c5       ?to_integer_size@__crt_stdio_output@@YAIW4length_modifier@1@@Z 1000c2c5 f i libucrt:output.obj
 0001:0000b321       ?type_case_Z@?$output_processor@DV?$string_output_adapter@D@__crt_stdio_output@@V?$format_validation_base@DV?$string_output_adapter@D@__crt_stdio_output@@@2@@__crt_stdio_output@@AAE_NXZ 1000c321 f i libucrt:output.obj
 0001:0000b384       ?type_case_Z@?$output_processor@_WV?$stream_output_adapter@_W@__crt_stdio_output@@V?$standard_base@_WV?$stream_output_adapter@_W@__crt_stdio_output@@@2@@__crt_stdio_output@@AAE_NXZ 1000c384 f i libucrt:output.obj
 0001:0000b384       ?type_case_Z@?$output_processor@_WV?$string_output_adapter@_W@__crt_stdio_output@@V?$standard_base@_WV?$string_output_adapter@_W@__crt_stdio_output@@@2@@__crt_stdio_output@@AAE_NXZ 1000c384 f i libucrt:output.obj
 0001:0000b3e7       ?type_case_a@?$output_processor@DV?$string_output_adapter@D@__crt_stdio_output@@V?$format_validation_base@DV?$string_output_adapter@D@__crt_stdio_output@@@2@@__crt_stdio_output@@AAE_NXZ 1000c3e7 f i libucrt:output.obj
 0001:0000b545       ?type_case_a@?$output_processor@_WV?$stream_output_adapter@_W@__crt_stdio_output@@V?$standard_base@_WV?$stream_output_adapter@_W@__crt_stdio_output@@@2@@__crt_stdio_output@@AAE_NXZ 1000c545 f i libucrt:output.obj
 0001:0000b545       ?type_case_a@?$output_processor@_WV?$string_output_adapter@_W@__crt_stdio_output@@V?$standard_base@_WV?$string_output_adapter@_W@__crt_stdio_output@@@2@@__crt_stdio_output@@AAE_NXZ 1000c545 f i libucrt:output.obj
 0001:0000b6bb       ?type_case_c_tchar@?$output_processor@DV?$string_output_adapter@D@__crt_stdio_output@@V?$format_validation_base@DV?$string_output_adapter@D@__crt_stdio_output@@@2@@__crt_stdio_output@@AAE_ND@Z 1000c6bb f i libucrt:output.obj
 0001:0000b74b       ?type_case_c_tchar@?$output_processor@_WV?$stream_output_adapter@_W@__crt_stdio_output@@V?$standard_base@_WV?$stream_output_adapter@_W@__crt_stdio_output@@@2@@__crt_stdio_output@@AAE_N_W@Z 1000c74b f i libucrt:output.obj
 0001:0000b74b       ?type_case_c_tchar@?$output_processor@_WV?$string_output_adapter@_W@__crt_stdio_output@@V?$standard_base@_WV?$string_output_adapter@_W@__crt_stdio_output@@@2@@__crt_stdio_output@@AAE_N_W@Z 1000c74b f i libucrt:output.obj
 0001:0000b7e3       ?type_case_integer@?$output_processor@DV?$string_output_adapter@D@__crt_stdio_output@@V?$format_validation_base@DV?$string_output_adapter@D@__crt_stdio_output@@@2@@__crt_stdio_output@@AAE_NI_N@Z 1000c7e3 f i libucrt:output.obj
 0001:0000b934       ?type_case_integer@?$output_processor@_WV?$stream_output_adapter@_W@__crt_stdio_output@@V?$standard_base@_WV?$stream_output_adapter@_W@__crt_stdio_output@@@2@@__crt_stdio_output@@AAE_NI_N@Z 1000c934 f i libucrt:output.obj
 0001:0000b934       ?type_case_integer@?$output_processor@_WV?$string_output_adapter@_W@__crt_stdio_output@@V?$standard_base@_WV?$string_output_adapter@_W@__crt_stdio_output@@@2@@__crt_stdio_output@@AAE_NI_N@Z 1000c934 f i libucrt:output.obj
 0001:0000ba89       ?type_case_n@?$output_processor@_WV?$string_output_adapter@_W@__crt_stdio_output@@V?$standard_base@_WV?$string_output_adapter@_W@__crt_stdio_output@@@2@@__crt_stdio_output@@AAE_NXZ 1000ca89 f i libucrt:output.obj
 0001:0000ba89       ?type_case_n@?$output_processor@DV?$string_output_adapter@D@__crt_stdio_output@@V?$format_validation_base@DV?$string_output_adapter@D@__crt_stdio_output@@@2@@__crt_stdio_output@@AAE_NXZ 1000ca89 f i libucrt:output.obj
 0001:0000ba89       ?type_case_n@?$output_processor@_WV?$stream_output_adapter@_W@__crt_stdio_output@@V?$standard_base@_WV?$stream_output_adapter@_W@__crt_stdio_output@@@2@@__crt_stdio_output@@AAE_NXZ 1000ca89 f i libucrt:output.obj
 0001:0000bafd       ?type_case_o@?$output_processor@DV?$string_output_adapter@D@__crt_stdio_output@@V?$format_validation_base@DV?$string_output_adapter@D@__crt_stdio_output@@@2@@__crt_stdio_output@@AAE_NXZ 1000cafd f i libucrt:output.obj
 0001:0000bb1c       ?type_case_o@?$output_processor@_WV?$stream_output_adapter@_W@__crt_stdio_output@@V?$standard_base@_WV?$stream_output_adapter@_W@__crt_stdio_output@@@2@@__crt_stdio_output@@AAE_NXZ 1000cb1c f i libucrt:output.obj
 0001:0000bb1c       ?type_case_o@?$output_processor@_WV?$string_output_adapter@_W@__crt_stdio_output@@V?$standard_base@_WV?$string_output_adapter@_W@__crt_stdio_output@@@2@@__crt_stdio_output@@AAE_NXZ 1000cb1c f i libucrt:output.obj
 0001:0000bb3b       ?type_case_p@?$output_processor@DV?$string_output_adapter@D@__crt_stdio_output@@V?$format_validation_base@DV?$string_output_adapter@D@__crt_stdio_output@@@2@@__crt_stdio_output@@AAE_NXZ 1000cb3b f i libucrt:output.obj
 0001:0000bb53       ?type_case_p@?$output_processor@_WV?$string_output_adapter@_W@__crt_stdio_output@@V?$standard_base@_WV?$string_output_adapter@_W@__crt_stdio_output@@@2@@__crt_stdio_output@@AAE_NXZ 1000cb53 f i libucrt:output.obj
 0001:0000bb53       ?type_case_p@?$output_processor@_WV?$stream_output_adapter@_W@__crt_stdio_output@@V?$standard_base@_WV?$stream_output_adapter@_W@__crt_stdio_output@@@2@@__crt_stdio_output@@AAE_NXZ 1000cb53 f i libucrt:output.obj
 0001:0000bb6b       ?type_case_s@?$output_processor@DV?$string_output_adapter@D@__crt_stdio_output@@V?$format_validation_base@DV?$string_output_adapter@D@__crt_stdio_output@@@2@@__crt_stdio_output@@AAE_NXZ 1000cb6b f i libucrt:output.obj
 0001:0000bbde       ?type_case_s@?$output_processor@_WV?$string_output_adapter@_W@__crt_stdio_output@@V?$standard_base@_WV?$string_output_adapter@_W@__crt_stdio_output@@@2@@__crt_stdio_output@@AAE_NXZ 1000cbde f i libucrt:output.obj
 0001:0000bbde       ?type_case_s@?$output_processor@_WV?$stream_output_adapter@_W@__crt_stdio_output@@V?$standard_base@_WV?$stream_output_adapter@_W@__crt_stdio_output@@@2@@__crt_stdio_output@@AAE_NXZ 1000cbde f i libucrt:output.obj
 0001:0000bc52       ?type_case_s_compute_narrow_string_length@?$output_processor@_WV?$string_output_adapter@_W@__crt_stdio_output@@V?$standard_base@_WV?$string_output_adapter@_W@__crt_stdio_output@@@2@@__crt_stdio_output@@ABEHH_W@Z 1000cc52 f i libucrt:output.obj
 0001:0000bc52       ?type_case_s_compute_narrow_string_length@?$output_processor@_WV?$stream_output_adapter@_W@__crt_stdio_output@@V?$standard_base@_WV?$stream_output_adapter@_W@__crt_stdio_output@@@2@@__crt_stdio_output@@ABEHH_W@Z 1000cc52 f i libucrt:output.obj
 0001:0000bc8f       ?validate@?$c_string_character_source@_W@__crt_strtox@@QBE_NXZ 1000cc8f f i libucrt:atox.obj
 0001:0000bc8f       ?validate@?$c_string_character_source@D@__crt_strtox@@QBE_NXZ 1000cc8f f i libucrt:atox.obj
 0001:0000bc8f       ?validate@?$stream_output_adapter@_W@__crt_stdio_output@@QBE_NXZ 1000cc8f f i libucrt:output.obj
 0001:0000bc8f       ?validate@?$string_output_adapter@D@__crt_stdio_output@@QBE_NXZ 1000cc8f f i libucrt:output.obj
 0001:0000bc8f       ?validate@?$string_output_adapter@_W@__crt_stdio_output@@QBE_NXZ 1000cc8f f i libucrt:output.obj
 0001:0000bcaa       ?validate_and_update_state_at_end_of_format_string@?$format_validation_base@DV?$string_output_adapter@D@__crt_stdio_output@@@__crt_stdio_output@@IBE_NXZ 1000ccaa f i libucrt:output.obj
 0001:0000bccc       ?write_character@?$string_output_adapter@D@__crt_stdio_output@@QBE_NDQAH@Z 1000cccc f i libucrt:output.obj
 0001:0000bd0e       ?write_character@?$string_output_adapter@_W@__crt_stdio_output@@QBE_N_WQAH@Z 1000cd0e f i libucrt:output.obj
 0001:0000bd53       ?write_character_without_count_update@?$stream_output_adapter@_W@__crt_stdio_output@@QBE_N_W@Z 1000cd53 f i libucrt:output.obj
 0001:0000bd8b       ?write_stored_string_tchar@?$output_processor@DV?$string_output_adapter@D@__crt_stdio_output@@V?$format_validation_base@DV?$string_output_adapter@D@__crt_stdio_output@@@2@@__crt_stdio_output@@AAE_ND@Z 1000cd8b f i libucrt:output.obj
 0001:0000be34       ?write_stored_string_tchar@?$output_processor@_WV?$stream_output_adapter@_W@__crt_stdio_output@@V?$standard_base@_WV?$stream_output_adapter@_W@__crt_stdio_output@@@2@@__crt_stdio_output@@AAE_N_W@Z 1000ce34 f i libucrt:output.obj
 0001:0000bec9       ?write_stored_string_tchar@?$output_processor@_WV?$string_output_adapter@_W@__crt_stdio_output@@V?$standard_base@_WV?$string_output_adapter@_W@__crt_stdio_output@@@2@@__crt_stdio_output@@AAE_N_W@Z 1000cec9 f i libucrt:output.obj
 0001:0000bf55       ?write_string@?$stream_output_adapter@_W@__crt_stdio_output@@QBEXQB_WHQAHAAV__crt_deferred_errno_cache@@@Z 1000cf55 f i libucrt:output.obj
 0001:0000bf80       ?write_string@?$string_output_adapter@D@__crt_stdio_output@@QBEXQBDHQAHAAV__crt_deferred_errno_cache@@@Z 1000cf80 f i libucrt:output.obj
 0001:0000bfe7       ?write_string@?$string_output_adapter@_W@__crt_stdio_output@@QBEXQB_WHQAHAAV__crt_deferred_errno_cache@@@Z 1000cfe7 f i libucrt:output.obj
 0001:0000c05a       ?write_string_impl@?$output_adapter_common@_WV?$stream_output_adapter@_W@__crt_stdio_output@@@__crt_stdio_output@@IBEXQB_WHQAHAAV__crt_deferred_errno_cache@@@Z 1000d05a f i libucrt:output.obj
 0001:0000c0fd       ___stdio_common_vfwprintf  1000d0fd f   libucrt:output.obj
 0001:0000c182       ___stdio_common_vsnprintf_s 1000d182 f   libucrt:output.obj
 0001:0000c1a9       ___stdio_common_vswprintf  1000d1a9 f   libucrt:output.obj
 0001:0000c1d0       _strncpy                   1000d1d0 f   libucrt:strncpy.obj
 0001:0000c2f4       ___acrt_initialize_new_handler 1000d2f4 f   libucrt:new_handler.obj
 0001:0000c303       __callnewh                 1000d303 f   libucrt:new_handler.obj
 0001:0000c347       __query_new_handler        1000d347 f   libucrt:new_handler.obj
 0001:0000c399       __seh_filter_dll           1000d399 f   libucrt:exception_filter.obj
 0001:0000c3b9       __seh_filter_exe           1000d3b9 f   libucrt:exception_filter.obj
 0001:0000c7b4       ___acrt_initialize_thread_local_exit_callback 1000d7b4 f   libucrt:exit.obj
 0001:0000c7c3       __cexit                    1000d7c3 f   libucrt:exit.obj
 0001:0000c7d2       __exit                     1000d7d2 f   libucrt:exit.obj
 0001:0000c7e8       __is_c_termination_complete 1000d7e8 f   libucrt:exit.obj
 0001:0000ca98       ___acrt_allocate_buffer_for_argv 1000da98 f   libucrt:argv_parsing.obj
 0001:0000cae7       __configure_narrow_argv    1000dae7 f   libucrt:argv_parsing.obj
 0001:0000cc45       ??$uninitialize@A6AXAAPAPA_W@Z@?$dual_state_global@PAPA_W@__crt_state_management@@QAEXA6AXAAPAPA_W@Z@Z 1000dc45 f i libucrt:environment_initialization.obj
 0001:0000cc45       ??$uninitialize@A6AXAAPAPAD@Z@?$dual_state_global@PAPAD@__crt_state_management@@QAEXA6AXAAPAPAD@Z@Z 1000dc45 f i libucrt:environment_initialization.obj
 0001:0000ccbb       ___dcrt_uninitialize_environments_nolock 1000dcbb f   libucrt:environment_initialization.obj
 0001:0000ccf2       __initialize_narrow_environment 1000dcf2 f   libucrt:environment_initialization.obj
 0001:0000cd99       ??$__crt_fast_encode_pointer@P6AHXZ@@YAP6AHXZQ6AHXZ@Z 1000dd99 f i libucrt:onexit.obj
 0001:0000d01d       __crt_atexit               1000e01d f   libucrt:onexit.obj
 0001:0000d033       __execute_onexit_table     1000e033 f   libucrt:onexit.obj
 0001:0000d062       __initialize_onexit_table  1000e062 f   libucrt:onexit.obj
 0001:0000d09f       __register_onexit_function 1000e09f f   libucrt:onexit.obj
 0001:0000d1e0       ___acrt_initialize         1000e1e0 f   libucrt:initialization.obj
 0001:0000d1f2       ___acrt_thread_attach      1000e1f2 f   libucrt:initialization.obj
 0001:0000d1fd       ___acrt_thread_detach      1000e1fd f   libucrt:initialization.obj
 0001:0000d205       ___acrt_uninitialize       1000e205 f   libucrt:initialization.obj
 0001:0000d235       ___acrt_uninitialize_critical 1000e235 f   libucrt:initialization.obj
 0001:0000d247       __initterm                 1000e247 f   libucrt:initterm.obj
 0001:0000d2a3       __initterm_e               1000e2a3 f   libucrt:initterm.obj
 0001:0000d2e8       _terminate                 1000e2e8 f   libucrt:terminate.obj
 0001:0000d324       _strnicmp                  1000e324 f   libucrt:strnicmp.obj
 0001:0000d324       __strnicmp                 1000e324 f   libucrt:strnicmp.obj
 0001:0000d391       __strnicmp_l               1000e391 f   libucrt:strnicmp.obj
 0001:0000d448       __strdup                   1000e448 f   libucrt:strdup.obj
 0001:0000d448       _strdup                    1000e448 f   libucrt:strdup.obj
 0001:0000d49e       _strcpy_s                  1000e49e f   libucrt:strcpy_s.obj
 0001:0000d4f8       __free_base                1000e4f8 f   libucrt:free_base.obj
 0001:0000d532       __malloc_base              1000e532 f   libucrt:malloc_base.obj
 0001:0000d580       _abort                     1000e580 f   libucrt:abort.obj
 0001:0000d5c4       __calloc_base              1000e5c4 f   libucrt:calloc_base.obj
 0001:0000d621       _wcsncmp                   1000e621 f   libucrt:wcsncmp.obj
 0001:0000d65b       ??$is_overflow_condition@K@__crt_strtox@@YA_NIK@Z 1000e65b f i libucrt:atox.obj
 0001:0000d68c       ??$parse_integer@KV?$c_string_character_source@D@__crt_strtox@@@__crt_strtox@@YAKQAU__crt_locale_pointers@@V?$c_string_character_source@D@0@H_N@Z 1000e68c f i libucrt:atox.obj
 0001:0000d8b5       ??$parse_integer@KV?$c_string_character_source@_W@__crt_strtox@@@__crt_strtox@@YAKQAU__crt_locale_pointers@@V?$c_string_character_source@_W@0@H_N@Z 1000e8b5 f i libucrt:atox.obj
 0001:0000df96       ?unget@?$c_string_character_source@D@__crt_strtox@@QAEXD@Z 1000ef96 f i libucrt:atox.obj
 0001:0000dfbe       ?unget@?$c_string_character_source@_W@__crt_strtox@@QAEX_W@Z 1000efbe f i libucrt:atox.obj
 0001:0000dfea       __chvalidchk_l             1000efea f i libucrt:atox.obj
 0001:0000e014       __ischartype_l             1000f014 f i libucrt:atox.obj
 0001:0000e047       __query_app_type           1000f047 f   libucrt:report_runtime_error.obj
 0001:0000e04d       ___acrt_errno_from_os_error 1000f04d f   libucrt:errno.obj
 0001:0000e090       ___acrt_errno_map_os_error 1000f090 f   libucrt:errno.obj
 0001:0000e0b3       ___doserrno                1000f0b3 f   libucrt:errno.obj
 0001:0000e0c6       __errno                    1000f0c6 f   libucrt:errno.obj
 0001:0000e1e0       __itow_s                   1000f1e0 f   libucrt:xtoa.obj
 0001:0000e215       __set_error_mode           1000f215 f   libucrt:set_error_mode.obj
 0001:0000e254       _wcscat_s                  1000f254 f   libucrt:wcscat_s.obj
 0001:0000e2c9       _wcscpy_s                  1000f2c9 f   libucrt:wcscpy_s.obj
 0001:0000e416       _wcsncat_s                 1000f416 f   libucrt:wcsncat_s.obj
 0001:0000e49e       ___acrt_show_wide_message_box 1000f49e f   libucrt:crtmbox.obj
 0001:0000e4a9       ___acrt_initialize_stdio   1000f4a9 f   libucrt:_file.obj
 0001:0000e571       ___acrt_iob_func           1000f571 f   libucrt:_file.obj
 0001:0000e581       ___acrt_uninitialize_stdio 1000f581 f   libucrt:_file.obj
 0001:0000e5cd       __lock_file                1000f5cd f   libucrt:_file.obj
 0001:0000e5e1       __unlock_file              1000f5e1 f   libucrt:_file.obj
 0001:0000e812       ___acrt_stdio_flush_nolock 1000f812 f   libucrt:fflush.obj
 0001:0000e875       __fflush_nolock            1000f875 f   libucrt:fflush.obj
 0001:0000e8bc       __flushall                 1000f8bc f   libucrt:fflush.obj
 0001:0000e8c5       _fflush                    1000f8c5 f   libucrt:fflush.obj
 0001:0000ea37       _setvbuf                   1000fa37 f   libucrt:setvbuf.obj
 0001:0000eb7f       ___acrt_get_sigabrt_handler 1000fb7f f   libucrt:signal.obj
 0001:0000eba8       ___acrt_initialize_signal_handlers 1000fba8 f   libucrt:signal.obj
 0001:0000ebc6       ___fpecode                 1000fbc6 f   libucrt:signal.obj
 0001:0000ebcf       _raise                     1000fbcf f   libucrt:signal.obj
 0001:0000f0df       ___acrt_freeptd            100100df f   libucrt:per_thread_data.obj
 0001:0000f10b       ___acrt_getptd             1001010b f   libucrt:per_thread_data.obj
 0001:0000f1bf       ___acrt_getptd_head        100101bf f   libucrt:per_thread_data.obj
 0001:0000f259       ___acrt_getptd_noexit      10010259 f   libucrt:per_thread_data.obj
 0001:0000f30c       ___acrt_initialize_ptd     1001030c f   libucrt:per_thread_data.obj
 0001:0000f338       ___acrt_uninitialize_ptd   10010338 f   libucrt:per_thread_data.obj
 0001:0000f352       __isdigit_l                10010352 f i libucrt:_ctype.obj
 0001:0000f38a       _isdigit                   1001038a f i libucrt:_ctype.obj
 0001:0000f51d       __tolower_l                1001051d f   libucrt:tolower_toupper.obj
 0001:0000f537       _tolower                   10010537 f   libucrt:tolower_toupper.obj
 0001:0000f567       ??$make_c_string_character_source@DPAPAD@__crt_strtox@@YA?AV?$c_string_character_source@D@0@QBDQAPAD@Z 10010567 f i libucrt:strtox.obj
 0001:0000f567       ??$make_c_string_character_source@_WPAPA_W@__crt_strtox@@YA?AV?$c_string_character_source@_W@0@QB_WQAPA_W@Z 10010567 f i libucrt:strtox.obj
 0001:0000f582       _strtol                    10010582 f   libucrt:strtox.obj
 0001:0000f5ae       _wcstol                    100105ae f   libucrt:strtox.obj
 0001:0000f5da       __mbtowc_l                 100105da f   libucrt:mbtowc.obj
 0001:0000f6d8       _mbtowc                    100106d8 f   libucrt:mbtowc.obj
 0001:0000f6f2       __wctomb_s_l               100106f2 f   libucrt:wctomb.obj
 0001:0000f815       _wctomb_s                  10010815 f   libucrt:wctomb.obj
 0001:0000f832       _strnlen                   10010832 f   libucrt:strnlen.obj
 0001:0000f954       _wcsnlen                   10010954 f   libucrt:strnlen.obj
 0001:0000faff       ___acrt_update_locale_info 10010aff f   libucrt:locale_update.obj
 0001:0000fb2c       ___acrt_update_multibyte_info 10010b2c f   libucrt:locale_update.obj
 0001:0000fb59       ?__acrt_fp_classify@@YA?AW4__acrt_fp_class@@ABN@Z 10010b59 f i libucrt:cvt.obj
 0001:0001041f       ___acrt_fp_format          1001141f f   libucrt:cvt.obj
 0001:0001058a       __fputwc_nolock            1001158a f   libucrt:fputwc.obj
 0001:000106b4       __fileno                   100116b4 f   libucrt:fileno.obj
 0001:000106da       __fputc_nolock             100116da f   libucrt:fputc.obj
 0001:00010703       __get_printf_count_output  10011703 f   libucrt:printf_count_output.obj
 0001:00010718       ___acrt_stdio_begin_temporary_buffering_nolock 10011718 f   libucrt:_sftbuf.obj
 0001:000107cd       ___acrt_stdio_end_temporary_buffering_nolock 100117cd f   libucrt:_sftbuf.obj
 0001:0001086a       ___acrt_set_locale_changed 1001186a f   libucrt:wsetlocale.obj
 0001:00010875       ___acrt_uninitialize_locale 10011875 f   libucrt:wsetlocale.obj
 0001:00010a0a       ___acrt_initialize_lowio   10011a0a f   libucrt:ioinit.obj
 0001:00010a60       ___acrt_uninitialize_lowio 10011a60 f   libucrt:ioinit.obj
 0001:00010a8c       ___acrt_initialize_locks   10011a8c f   libucrt:locks.obj
 0001:00010acd       ___acrt_lock               10011acd f   libucrt:locks.obj
 0001:00010ae4       ___acrt_uninitialize_locks 10011ae4 f   libucrt:locks.obj
 0001:00010b15       ___acrt_unlock             10011b15 f   libucrt:locks.obj
 0001:00010b2c       ___acrt_get_developer_information_policy 10011b2c f   libucrt:win_policies.obj
 0001:00010b71       ___acrt_get_process_end_policy 10011b71 f   libucrt:win_policies.obj
 0001:00010ba4       ___acrt_get_windowing_model_policy 10011ba4 f   libucrt:win_policies.obj
 0001:000110b3       ___acrt_expand_narrow_argv_wildcards 100120b3 f   libucrt:argv_wildcards.obj
 0001:000115dc       ___acrt_initialize_multibyte 100125dc f   libucrt:mbctype.obj
 0001:00011624       ___acrt_update_thread_multibyte_data 10012624 f   libucrt:mbctype.obj
 0001:00011637       __setmbcp_nolock           10012637 f   libucrt:mbctype.obj
 0001:0001188a       __ismbblead                1001288a f   libucrt:ismbbyte.obj
 0001:000118a2       ___acrt_initialize_command_line 100128a2 f   libucrt:argv_data.obj
 0001:000118bb       ___acrt_uninitialize_command_line 100128bb f   libucrt:argv_data.obj
 0001:000118f5       ___dcrt_get_narrow_environment_from_os 100128f5 f   libucrt:get_environment_from_os.obj
 0001:00011978       __recalloc                 10012978 f   libucrt:recalloc.obj
 0001:00011983       __recalloc_base            10012983 f   libucrt:recalloc.obj
 0001:00011ba2       ___acrt_AppPolicyGetProcessTerminationMethodInternal@4 10012ba2 f   libucrt:winapi_thunks.obj
 0001:00011bf9       ___acrt_AppPolicyGetShowDeveloperDiagnosticInternal@4 10012bf9 f   libucrt:winapi_thunks.obj
 0001:00011c50       ___acrt_AppPolicyGetWindowingModelInternal@4 10012c50 f   libucrt:winapi_thunks.obj
 0001:00011ca7       ___acrt_FlsAlloc@4         10012ca7 f   libucrt:winapi_thunks.obj
 0001:00011cfd       ___acrt_FlsFree@4          10012cfd f   libucrt:winapi_thunks.obj
 0001:00011d53       ___acrt_FlsGetValue@4      10012d53 f   libucrt:winapi_thunks.obj
 0001:00011da9       ___acrt_FlsSetValue@8      10012da9 f   libucrt:winapi_thunks.obj
 0001:00011e02       ___acrt_InitializeCriticalSectionEx@12 10012e02 f   libucrt:winapi_thunks.obj
 0001:00011e64       ___acrt_LCMapStringEx@36   10012e64 f   libucrt:winapi_thunks.obj
 0001:00011ed8       ___acrt_LocaleNameToLCID@8 10012ed8 f   libucrt:winapi_thunks.obj
 0001:00011f20       ___acrt_MessageBoxW@16     10012f20 f   libucrt:winapi_thunks.obj
 0001:00011f69       ___acrt_OutputDebugStringW@4 10012f69 f   libucrt:winapi_thunks.obj
 0001:00011f6f       ___acrt_can_show_message_box 10012f6f f   libucrt:winapi_thunks.obj
 0001:00011f97       ___acrt_get_parent_window  10012f97 f   libucrt:winapi_thunks.obj
 0001:00012016       ___acrt_initialize_winapi_thunks 10013016 f   libucrt:winapi_thunks.obj
 0001:00012052       ___acrt_is_interactive     10013052 f   libucrt:winapi_thunks.obj
 0001:000120f8       ___acrt_uninitialize_winapi_thunks 100130f8 f   libucrt:winapi_thunks.obj
 0001:0001212e       ___acrt_initialize_heap    1001312e f   libucrt:heap_handle.obj
 0001:0001213f       ___acrt_uninitialize_heap  1001313f f   libucrt:heap_handle.obj
 0001:00012149       ___acrt_execute_initializers 10013149 f   libucrt:shared_initialization.obj
 0001:000121cc       ___acrt_execute_uninitializers 100131cc f   libucrt:shared_initialization.obj
 0001:00012214       ___acrt_has_user_matherr   10013214 f   libucrt:matherr.obj
 0001:0001222c       ___acrt_initialize_user_matherr 1001322c f   libucrt:matherr.obj
 0001:0001223b       ___acrt_invoke_user_matherr 1001323b f   libucrt:matherr.obj
 0001:00012290       ___ascii_strnicmp          10013290 f   libucrt:_strnicm.obj
 0001:000122f1       __query_new_mode           100132f1 f   libucrt:new_mode.obj
 0001:000122f7       ___pctype_func             100132f7 f   libucrt:ctype.obj
 0001:0001231d       _iswctype                  1001331d f   libucrt:iswctype.obj
 0001:00012388       __isctype_l                10013388 f   libucrt:isctype.obj
 0001:0001245a       __fcloseall                1001345a f   libucrt:closeall.obj
 0001:000124fa       ___acrt_stdio_free_buffer_nolock 100134fa f   libucrt:_freebuf.obj
 0001:000125d0       __commit                   100135d0 f   libucrt:commit.obj
 0001:00012bf0       __write                    10013bf0 f   libucrt:write.obj
 0001:00012cd8       __write_nolock             10013cd8 f   libucrt:write.obj
 0001:00012eea       ___acrt_add_locale_ref     10013eea f   libucrt:locale_refcounting.obj
 0001:00012f67       ___acrt_free_locale        10013f67 f   libucrt:locale_refcounting.obj
 0001:000130b1       ___acrt_locale_add_lc_time_reference 100140b1 f   libucrt:locale_refcounting.obj
 0001:000130da       ___acrt_locale_free_lc_time_if_unreferenced 100140da f   libucrt:locale_refcounting.obj
 0001:0001310a       ___acrt_locale_release_lc_time_reference 1001410a f   libucrt:locale_refcounting.obj
 0001:00013133       ___acrt_release_locale_ref 10014133 f   libucrt:locale_refcounting.obj
 0001:000131b4       ___acrt_update_thread_locale_data 100141b4 f   libucrt:locale_refcounting.obj
 0001:0001322b       __updatetlocinfoEx_nolock  1001422b f   libucrt:locale_refcounting.obj
 0001:0001327b       __isleadbyte_l             1001427b f i libucrt:_wctype.obj
 0001:0001349a       ___acrt_LCMapStringA       1001449a f   libucrt:lcmapstringa.obj
 0001:000134e5       __freea_crt                100144e5 f i libucrt:lcmapstringa.obj
 0001:00013505       ___acrt_MultiByteToWideChar 10014505 f   libucrt:multibytetowidechar.obj
 0001:00013524       ___acrt_WideCharToMultiByte 10014524 f   libucrt:widechartomultibyte.obj
 0001:00013549       ___acrt_fp_strflt_to_string 10014549 f   libucrt:_fptostr.obj
 0001:00013610       ?divide@__crt_strtox@@YA_KAAUbig_integer@1@ABU21@@Z 10014610 f i libucrt:cfout.obj
 0001:00013ab2       ___acrt_fltout             10014ab2 f   libucrt:cfout.obj
 0001:000151e3       ___acrt_stdio_flush_and_write_narrow_nolock 100161e3 f   libucrt:_flsbuf.obj
 0001:000151ee       ___acrt_stdio_flush_and_write_wide_nolock 100161ee f   libucrt:_flsbuf.obj
 0001:000151f9       __isatty                   100161f9 f   libucrt:isatty.obj
 0001:0001524f       ___acrt_locale_free_monetary 1001624f f   libucrt:initmon.obj
 0001:0001534d       ___acrt_locale_free_numeric 1001634d f   libucrt:initnum.obj
 0001:000153ee       ___acrt_locale_free_time   100163ee f   libucrt:inittime.obj
 0001:000154d2       ___acrt_GetStringTypeA     100164d2 f   libucrt:getstringtypea.obj
 0001:000155d6       ___acrt_lowio_create_handle_array 100165d6 f   libucrt:osfinfo.obj
 0001:00015650       ___acrt_lowio_destroy_handle_array 10016650 f   libucrt:osfinfo.obj
 0001:00015685       ___acrt_lowio_ensure_fh_exists 10016685 f   libucrt:osfinfo.obj
 0001:00015719       ___acrt_lowio_lock_fh      10016719 f   libucrt:osfinfo.obj
 0001:0001573c       ___acrt_lowio_unlock_fh    1001673c f   libucrt:osfinfo.obj
 0001:0001575f       __free_osfhnd              1001675f f   libucrt:osfinfo.obj
 0001:000157f0       __get_osfhandle            100167f0 f   libucrt:osfinfo.obj
 0001:000158a0       _qsort                     100168a0 f   libucrt:qsort.obj
 0001:00015cf0       _strpbrk                   10016cf0 f   libucrt:strpbrk.obj
 0001:00015d30       __mbsdec                   10016d30 f   libucrt:mbsdec.obj
 0001:00015d47       __mbsdec_l                 10016d47 f   libucrt:mbsdec.obj
 0001:00015dcd       __msize                    10016dcd f   libucrt:msize.obj
 0001:00015dd8       __msize_base               10016dd8 f   libucrt:msize.obj
 0001:00015e0b       __realloc_base             10016e0b f   libucrt:realloc_base.obj
 0001:00015f28       ___acrt_DownlevelLocaleNameToLCID 10016f28 f   libucrt:lcidtoname_downlevel.obj
 0001:00015f54       ___acrt_GetStringTypeW     10016f54 f   libucrt:getstringtypew.obj
 0001:00015f6d       __fclose_nolock            10016f6d f   libucrt:fclose.obj
 0001:00015fe3       _fclose                    10016fe3 f   libucrt:fclose.obj
 0001:000161dc       __lseeki64                 100171dc f   libucrt:lseek.obj
 0001:000161f7       __lseeki64_nolock          100171f7 f   libucrt:lseek.obj
 0001:00016212       __putwch_nolock            10017212 f   libucrt:putwch.obj
 0001:00016246       ___strncnt                 10017246 f   libucrt:strncnt.obj
 0001:00016262       _fegetenv                  10017262 f   libucrt:fegetenv.obj
 0001:0001627f       _fesetenv                  1001727f f   libucrt:fesetenv.obj
 0001:000162cc       _feholdexcept              100172cc f   libucrt:feholdexcept.obj
 0001:00016320       __CIlog10                  10017320 f   libucrt:log10_impl.obj
 0001:0001635b       __CIlog10_default          1001735b f   libucrt:log10_impl.obj
 0001:0001636f       __log10_default            1001736f     libucrt:log10_impl.obj
 0001:00016430       _ceil                      10017430 f   libucrt:ceil_pentium4.obj
 0001:00016470       __ceil_pentium4            10017470 f   libucrt:ceil_pentium4.obj
 0001:0001654d       ___acrt_stdio_allocate_buffer_nolock 1001754d f   libucrt:_getbuf.obj
 0001:0001662c       __close                    1001762c f   libucrt:close.obj
 0001:000166bb       __close_nolock             100176bb f   libucrt:close.obj
 0001:00016757       ?__acrt_stdio_free_stream@@YAXV__crt_stdio_stream@@@Z 10017757 f   libucrt:stream.obj
 0001:000167b1       ___dcrt_lowio_ensure_console_output_initialized 100177b1 f   libucrt:initcon.obj
 0001:000167d0       ___dcrt_terminate_console_output 100177d0 f   libucrt:initcon.obj
 0001:000167e7       ___dcrt_write_console_w    100177e7 f   libucrt:initcon.obj
 0001:00016bbc       ___acrt_fenv_get_control   10017bbc f   libucrt:_fenvutils.obj
 0001:00016c3e       ___acrt_fenv_get_status    10017c3e f   libucrt:_fenvutils.obj
 0001:00016d01       ___acrt_fenv_set_control   10017d01 f   libucrt:_fenvutils.obj
 0001:00016d6b       ___acrt_fenv_set_status    10017d6b f   libucrt:_fenvutils.obj
 0001:00016e64       __clearfp                  10017e64 f   libucrt:ieee87.obj
 0001:00016f44       ___acrt_initialize_sse2    10017f44 f   libucrt:mathfcns.obj
 0001:00016f60       __CIlog10_pentium4         10017f60 f   libucrt:log10_pentium4.obj
 0001:00016f78       __log10_pentium4           10017f78     libucrt:log10_pentium4.obj
 0001:00017201       __fFEXP                    10018201     libucrt:87tran.obj
 0001:00017258       __rtinfpopse               10018258     libucrt:87tran.obj
 0001:0001725a       __rtinfnpopse              1001825a     libucrt:87tran.obj
 0001:0001726a       __fFLN                     1001826a     libucrt:87tran.obj
 0001:0001731f       __rtinfpop                 1001831f     libucrt:87tran.obj
 0001:00017321       __rtinfnpop                10018321     libucrt:87tran.obj
 0001:0001733e       __ffexpm1                  1001833e     libucrt:87tran.obj
 0001:000173f0       __trandisp1                100183f0 f   libucrt:87disp.obj
 0001:00017457       __trandisp2                10018457 f   libucrt:87disp.obj
 0001:000174e3       __rttospopde               100184e3     libucrt:87disp.obj
 0001:000174e8       __rttospop                 100184e8     libucrt:87disp.obj
 0001:000174ea       __rtnospop                 100184ea     libucrt:87disp.obj
 0001:000174ec       __rttosnpop                100184ec     libucrt:87disp.obj
 0001:000174ed       __rtnospopde               100184ed     libucrt:87disp.obj
 0001:000174f4       __rtzeropop                100184f4     libucrt:87disp.obj
 0001:000174f6       __rtzeronpop               100184f6     libucrt:87disp.obj
 0001:000174fb       __rtzerospop               100184fb     libucrt:87disp.obj
 0001:00017508       __rtonepop                 10018508     libucrt:87disp.obj
 0001:0001750a       __rtonenpop                1001850a     libucrt:87disp.obj
 0001:0001750f       __tosnan1                  1001850f     libucrt:87disp.obj
 0001:0001753a       __nosnan2                  1001853a     libucrt:87disp.obj
 0001:0001753c       __tosnan2                  1001853c     libucrt:87disp.obj
 0001:00017564       __nan2                     10018564     libucrt:87disp.obj
 0001:000175a3       __rtindfpop                100185a3     libucrt:87disp.obj
 0001:000175a5       __rtindfnpop               100185a5     libucrt:87disp.obj
 0001:000175b6       __rttosnpopde              100185b6     libucrt:87disp.obj
 0001:000175c0       __rtatan2inf               100185c0     libucrt:87disp.obj
 0001:000175dd       __rtchsifneg               100185dd     libucrt:87disp.obj
 0001:000175f0       __twoToTOS                 100185f0 f   libucrt:common.obj
 0001:00017605       __load_CW                  10018605 f   libucrt:common.obj
 0001:0001761c       __convertTOStoQNaN         1001861c f   libucrt:common.obj
 0001:00017635       __fload_withFB             10018635 f   libucrt:common.obj
 0001:00017678       __checkTOS_withFB          10018678 f   libucrt:common.obj
 0001:0001768e       __fast_exit                1001868e f   libucrt:common.obj
 0001:0001769b       __math_exit                1001869b f   libucrt:common.obj
 0001:000176c5       __check_overflow_exit      100186c5 f   libucrt:common.obj
 0001:000176d9       __check_range_exit         100186d9 f   libucrt:common.obj
 0001:00017780       __startTwoArgErrorHandling 10018780 f   libucrt:genexcep.obj
 0001:00017797       __startOneArgErrorHandling 10018797 f   libucrt:genexcep.obj
 0001:000177d3       ___libm_error_support      100187d3 f   libucrt:libm_error.obj
 0001:000179eb       __ceil_default             100189eb f   libucrt:ceil.obj
 0001:00017aa4       __clrfp                    10018aa4 f   libucrt:fpctrl.obj
 0001:00017ab7       __ctrlfp                   10018ab7 f   libucrt:fpctrl.obj
 0001:00017ae3       __set_statfp               10018ae3 f   libucrt:fpctrl.obj
 0001:00017b3e       __statfp                   10018b3e f   libucrt:fpctrl.obj
 0001:00017b50       __d_inttype                10018b50 f   libucrt:powhlp.obj
 0001:00017bba       __powhlp                   10018bba f   libucrt:powhlp.obj
 0001:00017ce5       __87except                 10018ce5 f   libucrt:87except.obj
 0001:00017df0       __frnd                     10018df0 f   libucrt:frnd.obj
 0001:00017e06       __errcode                  10018e06 f   libucrt:fpexcept.obj
 0001:00017e3a       __except1                  10018e3a f   libucrt:fpexcept.obj
 0001:00017f08       __handle_exc               10018f08 f   libucrt:fpexcept.obj
 0001:000180f5       __raise_exc                100190f5 f   libucrt:fpexcept.obj
 0001:00018118       __raise_exc_ex             10019118 f   libucrt:fpexcept.obj
 0001:00018409       __set_errno_from_matherr   10019409 f   libucrt:fpexcept.obj
 0001:00018438       __umatherr                 10019438 f   libucrt:fpexcept.obj
 0001:000184da       __decomp                   100194da f   libucrt:util.obj
 0001:000185ae       __set_exp                  100195ae f   libucrt:util.obj
 0001:000185dd       __sptype                   100195dd f   libucrt:util.obj
 0001:0001863b       __fpclass                  1001963b f   libucrt:ieeemisc.obj
 0001:000186df       _IsProcessorFeaturePresent@4 100196df f   kernel32:KERNEL32.dll
 0001:000186f0       __FindPESection            100196f0 f   LIBCMT:pesect.obj
 0001:00018740       __IsNonwritableInCurrentImage 10019740 f   LIBCMT:pesect.obj
 0001:00018800       __ValidateImageBase        10019800 f   LIBCMT:pesect.obj
 0001:00018831       __EH_prolog3_catch         10019831 f   LIBCMT:ehprolg3.obj
 0001:00018870       __aulldvrm                 10019870 f   LIBCMT:ulldvrm.obj
 0001:00018910       __SEH_prolog4_GS           10019910 f   LIBCMT:_sehprolg4gs_.obj
 0001:00018959       __SEH_epilog4_GS           10019959 f   LIBCMT:_sehprolg4gs_.obj
 0001:00018970       __allmul                   10019970 f   LIBCMT:llmul.obj
 0001:000189b0       __alldvrm                  100199b0 f   LIBCMT:lldvrm.obj
 0001:00018a90       __aullshr                  10019a90 f   LIBCMT:ullshr.obj
 0001:00018ab0       __alloca_probe             10019ab0 f   LIBCMT:chkstk.obj
 0001:00018ab0       __chkstk                   10019ab0 f   LIBCMT:chkstk.obj
 0001:00018ae0       __alloca_probe_16          10019ae0 f   LIBCMT:alloca16.obj
 0001:00018af6       __alloca_probe_8           10019af6     LIBCMT:alloca16.obj
 0001:00018b10       __allshl                   10019b10 f   LIBCMT:llshl.obj
 0001:00018b30       __ftol2_sse                10019b30 f   LIBCMT:_ftol2_.obj
 0001:00018b39       __ftol2_pentium4           10019b39 f   LIBCMT:_ftol2_.obj
 0001:00018b4c       __ftol2_sse_excpt          10019b4c f   LIBCMT:_ftol2_.obj
 0001:00018b70       __ftol2                    10019b70 f   LIBCMT:_ftol2_.obj
 0001:00018bf0       _memcpy                    10019bf0 f   libvcruntime:memcpy.obj
 0001:00019170       _strrchr                   1001a170 f   libvcruntime:strrchr.obj
 0002:00000000       __imp__RegQueryValueExA@24 1001b000     advapi32:ADVAPI32.dll
 0002:00000004       __imp__RegCloseKey@4       1001b004     advapi32:ADVAPI32.dll
 0002:00000008       \177ADVAPI32_NULL_THUNK_DATA 1001b008     advapi32:ADVAPI32.dll
 0002:0000000c       __imp__GetCommModemStatus@8 1001b00c     kernel32:KERNEL32.dll
 0002:00000010       __imp__WriteFileEx@20      1001b010     kernel32:KERNEL32.dll
 0002:00000014       __imp__WaitForSingleObject@8 1001b014     kernel32:KERNEL32.dll
 0002:00000018       __imp__GetCommMask@8       1001b018     kernel32:KERNEL32.dll
 0002:0000001c       __imp__ExitThread@4        1001b01c     kernel32:KERNEL32.dll
 0002:00000020       __imp__GetLastError@0      1001b020     kernel32:KERNEL32.dll
 0002:00000024       __imp__EscapeCommFunction@8 1001b024     kernel32:KERNEL32.dll
 0002:00000028       __imp__CreateFileA@28      1001b028     kernel32:KERNEL32.dll
 0002:0000002c       __imp__LoadLibraryA@4      1001b02c     kernel32:KERNEL32.dll
 0002:00000030       __imp__GetCommState@8      1001b030     kernel32:KERNEL32.dll
 0002:00000034       __imp__CloseHandle@4       1001b034     kernel32:KERNEL32.dll
 0002:00000038       __imp__PurgeComm@8         1001b038     kernel32:KERNEL32.dll
 0002:0000003c       __imp__CreateThread@24     1001b03c     kernel32:KERNEL32.dll
 0002:00000040       __imp__GetOverlappedResult@16 1001b040     kernel32:KERNEL32.dll
 0002:00000044       __imp__SetCommMask@8       1001b044     kernel32:KERNEL32.dll
 0002:00000048       __imp__GetProcAddress@8    1001b048     kernel32:KERNEL32.dll
 0002:0000004c       __imp__SleepEx@8           1001b04c     kernel32:KERNEL32.dll
 0002:00000050       __imp__CreateEventA@16     1001b050     kernel32:KERNEL32.dll
 0002:00000054       __imp__SetCommTimeouts@8   1001b054     kernel32:KERNEL32.dll
 0002:00000058       __imp__SetCommState@8      1001b058     kernel32:KERNEL32.dll
 0002:0000005c       __imp__FlushFileBuffers@4  1001b05c     kernel32:KERNEL32.dll
 0002:00000060       __imp__CreateFileW@28      1001b060     kernel32:KERNEL32.dll
 0002:00000064       __imp__SetLastError@4      1001b064     kernel32:KERNEL32.dll
 0002:00000068       __imp__ReadFileEx@20       1001b068     kernel32:KERNEL32.dll
 0002:0000006c       __imp__ReadFile@20         1001b06c     kernel32:KERNEL32.dll
 0002:00000070       __imp__SetFilePointerEx@20 1001b070     kernel32:KERNEL32.dll
 0002:00000074       __imp__HeapReAlloc@16      1001b074     kernel32:KERNEL32.dll
 0002:00000078       __imp__HeapSize@12         1001b078     kernel32:KERNEL32.dll
 0002:0000007c       __imp__SetStdHandle@8      1001b07c     kernel32:KERNEL32.dll
 0002:00000080       __imp__GetStringTypeW@16   1001b080     kernel32:KERNEL32.dll
 0002:00000084       __imp__GetConsoleMode@8    1001b084     kernel32:KERNEL32.dll
 0002:00000088       __imp__GetConsoleCP@0      1001b088     kernel32:KERNEL32.dll
 0002:0000008c       __imp__GetProcessHeap@0    1001b08c     kernel32:KERNEL32.dll
 0002:00000090       __imp__LCMapStringW@24     1001b090     kernel32:KERNEL32.dll
 0002:00000094       __imp__OutputDebugStringW@4 1001b094     kernel32:KERNEL32.dll
 0002:00000098       __imp__FreeEnvironmentStringsW@4 1001b098     kernel32:KERNEL32.dll
 0002:0000009c       __imp__GetEnvironmentStringsW@0 1001b09c     kernel32:KERNEL32.dll
 0002:000000a0       __imp__GetCommandLineW@0   1001b0a0     kernel32:KERNEL32.dll
 0002:000000a4       __imp__GetCommandLineA@0   1001b0a4     kernel32:KERNEL32.dll
 0002:000000a8       __imp__GetCPInfo@8         1001b0a8     kernel32:KERNEL32.dll
 0002:000000ac       __imp__GetOEMCP@0          1001b0ac     kernel32:KERNEL32.dll
 0002:000000b0       __imp__IsValidCodePage@4   1001b0b0     kernel32:KERNEL32.dll
 0002:000000b4       __imp__FindNextFileA@8     1001b0b4     kernel32:KERNEL32.dll
 0002:000000b8       __imp__FindFirstFileExA@24 1001b0b8     kernel32:KERNEL32.dll
 0002:000000bc       __imp__FindClose@4         1001b0bc     kernel32:KERNEL32.dll
 0002:000000c0       __imp__GetACP@0            1001b0c0     kernel32:KERNEL32.dll
 0002:000000c4       __imp__WriteFile@20        1001b0c4     kernel32:KERNEL32.dll
 0002:000000c8       __imp__HeapAlloc@12        1001b0c8     kernel32:KERNEL32.dll
 0002:000000cc       __imp__HeapFree@12         1001b0cc     kernel32:KERNEL32.dll
 0002:000000d0       __imp__WideCharToMultiByte@32 1001b0d0     kernel32:KERNEL32.dll
 0002:000000d4       __imp__MultiByteToWideChar@24 1001b0d4     kernel32:KERNEL32.dll
 0002:000000d8       __imp__ExitProcess@4       1001b0d8     kernel32:KERNEL32.dll
 0002:000000dc       __imp__WriteConsoleW@20    1001b0dc     kernel32:KERNEL32.dll
 0002:000000e0       __imp__GetModuleHandleExW@12 1001b0e0     kernel32:KERNEL32.dll
 0002:000000e4       __imp__GetModuleFileNameW@12 1001b0e4     kernel32:KERNEL32.dll
 0002:000000e8       __imp__GetModuleFileNameA@12 1001b0e8     kernel32:KERNEL32.dll
 0002:000000ec       __imp__GetFileType@4       1001b0ec     kernel32:KERNEL32.dll
 0002:000000f0       __imp__GetStdHandle@4      1001b0f0     kernel32:KERNEL32.dll
 0002:000000f4       __imp__LoadLibraryExW@12   1001b0f4     kernel32:KERNEL32.dll
[...]
 0002:00007384       __unwindtable$??$To@VInt32@v8@@@Nan@@YA?AV?$MaybeLocal@VInt32@v8@@@v8@@V?$Local@VValue@v8@@@2@@Z 10022384     serialport.obj
 0002:00007394       __ehfuncinfo$??$To@VInt32@v8@@@Nan@@YA?AV?$MaybeLocal@VInt32@v8@@@v8@@V?$Local@VValue@v8@@@2@@Z 10022394     serialport.obj
 0002:00007394       __ehfuncinfo$??$SetMethodAux@V?$Local@VObject@v8@@@v8@@@imp@Nan@@YAXV?$Local@VObject@v8@@@v8@@V?$Local@VString@v8@@@3@V?$Local@VFunctionTemplate@v8@@@3@ZZ 10022394     serialport.obj
 0002:000073b8       __unwindtable$??$New@VString@v8@@V?$basic_string@DU?$char_traits@D@std@@V?$allocator@D@2@@std@@@Nan@@YA?AV?$MaybeLocal@VString@v8@@@v8@@V?$basic_string@DU?$char_traits@D@std@@V?$allocator@D@2@@std@@@Z 100223b8     serialport.obj
 0002:000073c0       __ehfuncinfo$??$New@VString@v8@@V?$basic_string@DU?$char_traits@D@std@@V?$allocator@D@2@@std@@@Nan@@YA?AV?$MaybeLocal@VString@v8@@@v8@@V?$basic_string@DU?$char_traits@D@std@@V?$allocator@D@2@@std@@@Z 100223c0     serialport.obj
 0002:000073e4       __unwindtable$??$SetMethod@VObject@v8@@VLocal@2@@Nan@@YAXV?$Local@VObject@v8@@@v8@@PBDP6AXABV?$FunctionCallbackInfo@VValue@v8@@@0@@Z@Z 100223e4     serialport.obj
 0002:000073fc       __ehfuncinfo$??$SetMethod@VObject@v8@@VLocal@2@@Nan@@YAXV?$Local@VObject@v8@@@v8@@PBDP6AXABV?$FunctionCallbackInfo@VValue@v8@@@0@@Z@Z 100223fc     serialport.obj
 0002:00007420       __unwindtable$??__Eg_closingHandles@@YAXXZ 10022420     serialport_win.obj
 0002:00007430       __ehfuncinfo$??__Eg_closingHandles@@YAXXZ 10022430     serialport_win.obj
 0002:00007454       __unwindtable$??__Fg_closingHandles@@YAXXZ 10022454     serialport_win.obj
 0002:00007464       __ehfuncinfo$??__Fg_closingHandles@@YAXXZ 10022464     serialport_win.obj
 0002:00007488       __ehfuncinfo$?Write@@YAXABV?$FunctionCallbackInfo@VValue@v8@@@Nan@@@Z 10022488     serialport_win.obj
 0002:000074ac       __unwindtable$?Write@@YAXABV?$FunctionCallbackInfo@VValue@v8@@@Nan@@@Z 100224ac     serialport_win.obj
 0002:000074e4       __ehfuncinfo$?EIO_AfterWrite@@YAXPAUuv_async_s@@@Z 100224e4     serialport_win.obj
 0002:00007508       __unwindtable$?EIO_AfterWrite@@YAXPAUuv_async_s@@@Z 10022508     serialport_win.obj
 0002:00007548       __ehfuncinfo$?Read@@YAXABV?$FunctionCallbackInfo@VValue@v8@@@Nan@@@Z 10022548     serialport_win.obj
 0002:0000756c       __unwindtable$?Read@@YAXABV?$FunctionCallbackInfo@VValue@v8@@@Nan@@@Z 1002256c     serialport_win.obj
 0002:00007594       __ehfuncinfo$?EIO_AfterRead@@YAXPAUuv_async_s@@@Z 10022594     serialport_win.obj
 0002:000075b8       __unwindtable$?EIO_AfterRead@@YAXPAUuv_async_s@@@Z 100225b8     serialport_win.obj
 0002:00007618       __ehfuncinfo$?List@@YAXABV?$FunctionCallbackInfo@VValue@v8@@@Nan@@@Z 10022618     serialport_win.obj
 0002:0000763c       __unwindtable$?List@@YAXABV?$FunctionCallbackInfo@VValue@v8@@@Nan@@@Z 1002263c     serialport_win.obj
 0002:00007674       __ehfuncinfo$?EIO_List@@YAXPAUuv_work_s@@@Z 10022674     serialport_win.obj
 0002:00007698       __unwindtable$?EIO_List@@YAXPAUuv_work_s@@@Z 10022698     serialport_win.obj
 0002:000076d0       __unwindtable$?setIfNotEmpty@@YAXV?$Local@VObject@v8@@@v8@@V?$basic_string@DU?$char_traits@D@std@@V?$allocator@D@2@@std@@PBD@Z 100226d0     serialport_win.obj
 0002:000076f0       __ehfuncinfo$?setIfNotEmpty@@YAXV?$Local@VObject@v8@@@v8@@V?$basic_string@DU?$char_traits@D@std@@V?$allocator@D@2@@std@@PBD@Z 100226f0     serialport_win.obj
 0002:00007714       __ehfuncinfo$?EIO_AfterList@@YAXPAUuv_work_s@@@Z 10022714     serialport_win.obj
 0002:00007738       __unwindtable$?EIO_AfterList@@YAXPAUuv_work_s@@@Z 10022738     serialport_win.obj
 0002:000077c0       __ehfuncinfo$??1ListResultItem@@QAE@XZ 100227c0     serialport_win.obj
 0002:000077e4       __unwindtable$??1ListResultItem@@QAE@XZ 100227e4     serialport_win.obj
 0002:0000781c       __unwindtable$??1?$list@PAUListResultItem@@V?$allocator@PAUListResultItem@@@std@@@std@@QAE@XZ 1002281c     serialport_win.obj
 0002:0000782c       __ehfuncinfo$??1?$list@PAUListResultItem@@V?$allocator@PAUListResultItem@@@std@@@std@@QAE@XZ 1002282c     serialport_win.obj
 0002:00007850       __unwindtable$??1?$_List_buy@HV?$allocator@H@std@@@std@@QAE@XZ 10022850     serialport_win.obj
 0002:00007858       __ehfuncinfo$??1?$_List_buy@HV?$allocator@H@std@@@std@@QAE@XZ 10022858     serialport_win.obj
 0002:0000787c       __unwindtable$??1?$_List_buy@PAUListResultItem@@V?$allocator@PAUListResultItem@@@std@@@std@@QAE@XZ 1002287c     serialport_win.obj
 0002:00007884       __ehfuncinfo$??1?$_List_buy@PAUListResultItem@@V?$allocator@PAUListResultItem@@@std@@@std@@QAE@XZ 10022884     serialport_win.obj
 0002:00007958       __sehtable$___scrt_is_nonwritable_in_current_image 10022958     LIBCMT:utility.obj
 0002:00007978       __sehtable$?dllmain_crt_process_attach@@YAHQAUHINSTANCE__@@QAX@Z 10022978     LIBCMT:dll_dllmain.obj
 0002:00007998       __sehtable$?dllmain_crt_process_detach@@YAH_N@Z 10022998     LIBCMT:dll_dllmain.obj
 0002:000079b8       __sehtable$?dllmain_dispatch@@YAHQAUHINSTANCE__@@KQAX@Z 100229b8     LIBCMT:dll_dllmain.obj
 0002:00007a10       __sehtable$___BuildCatchObject 10022a10     libvcruntime:frame.obj
 0002:00007a30       __sehtable$___FrameUnwindToState 10022a30     libvcruntime:frame.obj
 0002:00007a58       __sehtable$?CallCatchBlock@@YAPAXPAUEHExceptionRecord@@PAUEHRegistrationNode@@PAU_CONTEXT@@PBU_s_FuncInfo@@PAXHK@Z 10022a58     libvcruntime:frame.obj
 0002:00007a80       __catchsym$?CallUnexpected@@YAXPBU_s_ESTypeList@@@Z$2 10022a80     libvcruntime:frame.obj
 0002:00007a90       __unwindtable$?CallUnexpected@@YAXPBU_s_ESTypeList@@@Z 10022a90     libvcruntime:frame.obj
 0002:00007aa0       __tryblocktable$?CallUnexpected@@YAXPBU_s_ESTypeList@@@Z 10022aa0     libvcruntime:frame.obj
 0002:00007ab4       __ehfuncinfo$?CallUnexpected@@YAXPBU_s_ESTypeList@@@Z 10022ab4     libvcruntime:frame.obj
 0002:00007ad8       __sehtable$___BuildCatchObjectHelper 10022ad8     libvcruntime:frame.obj
 0002:00007b30       __sehtable$___DestructExceptionObject 10022b30     libvcruntime:ehhelpers.obj
 0002:00007b50       __sehtable$??$?RV<lambda_75d23329f2fb3d02b2e1cf5509bb1caf>@@AAV<lambda_c4f131f91cb4ec00a5b0a26aa161b8b4>@@V<lambda_114dc79c86b00c313cb0b6b3b001aaf8>@@@?$__crt_seh_guarded_call@H@@QAEH$$QAV<lambda_75d23329f2fb3d02b2e1cf5509bb1caf>@@AAV<lambda_c4f131f91cb4ec00a5b0a26aa161b8b4>@@$$QAV<lambda_114dc79c86b00c313cb0b6b3b001aaf8>@@@Z 10022b50     libucrt:output.obj
 0002:00007b70       __sehtable$__query_new_handler 10022b70     libucrt:new_handler.obj
 0002:00007b90       __sehtable$??R<lambda_6e4b09c48022b2350581041d5f6b0c4c>@@QBE@XZ 10022b90     libucrt:exit.obj
 0002:00007bb0       __sehtable$??$?RV<lambda_03b1d95aef87969028cfba75ccab2455>@@AAV<lambda_6e4b09c48022b2350581041d5f6b0c4c>@@V<lambda_22bdf7517842c4b3e53723af5aa32b9e>@@@?$__crt_seh_guarded_call@X@@QAEX$$QAV<lambda_03b1d95aef87969028cfba75ccab2455>@@AAV<lambda_6e4b09c48022b2350581041d5f6b0c4c>@@$$QAV<lambda_22bdf7517842c4b3e53723af5aa32b9e>@@@Z 10022bb0     libucrt:exit.obj
 0002:00007bd0       __sehtable$??$?RV<lambda_7ac4055421038abea736e08bd20712a4>@@AAV<lambda_a10e4b102d4a2c3aac6f4f48bbdf488f>@@V<lambda_1da61822885009acd1bf848af4f9644b>@@@?$__crt_seh_guarded_call@H@@QAEH$$QAV<lambda_7ac4055421038abea736e08bd20712a4>@@AAV<lambda_a10e4b102d4a2c3aac6f4f48bbdf488f>@@$$QAV<lambda_1da61822885009acd1bf848af4f9644b>@@@Z 10022bd0     libucrt:onexit.obj
 0002:00007bf0       __sehtable$??$?RV<lambda_69a2805e680e0e292e8ba93315fe43a8>@@AAV<lambda_f03950bc5685219e0bcd2087efbe011e>@@V<lambda_03fcd07e894ec930e3f35da366ca99d6>@@@?$__crt_seh_guarded_call@H@@QAEH$$QAV<lambda_69a2805e680e0e292e8ba93315fe43a8>@@AAV<lambda_f03950bc5685219e0bcd2087efbe011e>@@$$QAV<lambda_03fcd07e894ec930e3f35da366ca99d6>@@@Z 10022bf0     libucrt:onexit.obj
 0002:00007c10       __sehtable$_terminate      10022c10     libucrt:terminate.obj
 0002:00007c30       __sehtable$??$?RV<lambda_2866be3712abc81a800a822484c830d8>@@AAV<lambda_39ca0ed439415581b5b15c265174cece>@@V<lambda_2b24c74d71094a6cd0cb82e44167d71b>@@@?$__crt_seh_guarded_call@X@@QAEX$$QAV<lambda_2866be3712abc81a800a822484c830d8>@@AAV<lambda_39ca0ed439415581b5b15c265174cece>@@$$QAV<lambda_2b24c74d71094a6cd0cb82e44167d71b>@@@Z 10022c30     libucrt:fflush.obj
 0002:00007c50       __sehtable$??$?RV<lambda_2cc53f568c5a2bb6f192f930a45d44ea>@@AAV<lambda_ab61a845afdef5b7c387490eaf3616ee>@@V<lambda_c2ffc0b7726aa6be21d5f0026187e748>@@@?$__crt_seh_guarded_call@X@@QAEX$$QAV<lambda_2cc53f568c5a2bb6f192f930a45d44ea>@@AAV<lambda_ab61a845afdef5b7c387490eaf3616ee>@@$$QAV<lambda_c2ffc0b7726aa6be21d5f0026187e748>@@@Z 10022c50     libucrt:fflush.obj
 0002:00007c70       __sehtable$??$?RV<lambda_6d20deecaf4856105ebacbad442d1079>@@AAV<lambda_9a32fed5bf61b6b509b2d3f6003082a1>@@V<lambda_63ea2239ed67c638ddbae41947fdf875>@@@?$__crt_seh_guarded_call@H@@QAEH$$QAV<lambda_6d20deecaf4856105ebacbad442d1079>@@AAV<lambda_9a32fed5bf61b6b509b2d3f6003082a1>@@$$QAV<lambda_63ea2239ed67c638ddbae41947fdf875>@@@Z 10022c70     libucrt:fflush.obj
 0002:00007c90       __sehtable$??$?RV<lambda_70c0770dcc4f6ec6272bb01dc82d3c91>@@AAV<lambda_ca71763b3c0644891230e4f79ea54fa6>@@V<lambda_ca266f0f09348b8765c113e3a39a2bc1>@@@?$__crt_seh_guarded_call@H@@QAEH$$QAV<lambda_70c0770dcc4f6ec6272bb01dc82d3c91>@@AAV<lambda_ca71763b3c0644891230e4f79ea54fa6>@@$$QAV<lambda_ca266f0f09348b8765c113e3a39a2bc1>@@@Z 10022c90     libucrt:setvbuf.obj
 0002:00007cb0       __sehtable$_raise          10022cb0     libucrt:signal.obj
 0002:00007cd0       __sehtable$??$?RV<lambda_cbab9ec6f41b0180b23cc171c22676b0>@@AAV<lambda_44731a7d0e6d81c3e6aa82d741081786>@@V<lambda_4b292cb8dd18144e164572427af410ab>@@@?$__crt_seh_guarded_call@P6AXH@Z@@QAEP6AXH@Z$$QAV<lambda_cbab9ec6f41b0180b23cc171c22676b0>@@AAV<lambda_44731a7d0e6d81c3e6aa82d741081786>@@$$QAV<lambda_4b292cb8dd18144e164572427af410ab>@@@Z 10022cd0     libucrt:signal.obj
 0002:00007cf0       __sehtable$??$?RV<lambda_15ade71b0218206bbe3333a0c9b79046>@@AAV<lambda_da44e0f8b0f19ba52fefafb335991732>@@V<lambda_207f2d024fc103971653565357d6cd41>@@@?$__crt_seh_guarded_call@X@@QAEX$$QAV<lambda_15ade71b0218206bbe3333a0c9b79046>@@AAV<lambda_da44e0f8b0f19ba52fefafb335991732>@@$$QAV<lambda_207f2d024fc103971653565357d6cd41>@@@Z 10022cf0     libucrt:per_thread_data.obj
 0002:00007d10       __sehtable$??$?RV<lambda_a7e850c220f1c8d1e6efeecdedd162c6>@@AAV<lambda_46720907175c18b6c9d2717bc0d2d362>@@V<lambda_9048902d66e8d99359bc9897bbb930a8>@@@?$__crt_seh_guarded_call@X@@QAEX$$QAV<lambda_a7e850c220f1c8d1e6efeecdedd162c6>@@AAV<lambda_46720907175c18b6c9d2717bc0d2d362>@@$$QAV<lambda_9048902d66e8d99359bc9897bbb930a8>@@@Z 10022d10     libucrt:per_thread_data.obj
 0002:00007d30       __sehtable$??$?RV<lambda_38edbb1296d33220d7e4dd0ed76b244a>@@AAV<lambda_5ce1d447e08cb34b2473517608e21441>@@V<lambda_fb385d3da700c9147fc39e65dd577a8c>@@@?$__crt_seh_guarded_call@X@@QAEX$$QAV<lambda_38edbb1296d33220d7e4dd0ed76b244a>@@AAV<lambda_5ce1d447e08cb34b2473517608e21441>@@$$QAV<lambda_fb385d3da700c9147fc39e65dd577a8c>@@@Z 10022d30     libucrt:per_thread_data.obj
 0002:00007d50       __sehtable$??$?RV<lambda_6affb1475c98b40b75cdec977db92e3c>@@AAV<lambda_b8d4b9c228a6ecc3f80208dbb4b4a104>@@V<lambda_608742c3c92a14382c1684fc64f96c88>@@@?$__crt_seh_guarded_call@X@@QAEX$$QAV<lambda_6affb1475c98b40b75cdec977db92e3c>@@AAV<lambda_b8d4b9c228a6ecc3f80208dbb4b4a104>@@$$QAV<lambda_608742c3c92a14382c1684fc64f96c88>@@@Z 10022d50     libucrt:per_thread_data.obj
 0002:00007d70       __sehtable$??$?RV<lambda_e5124f882df8998aaf41531e079ba474>@@AAV<lambda_3e16ef9562a7dcce91392c22ab16ea36>@@V<lambda_e25ca0880e6ef98be67edffd8c599615>@@@?$__crt_seh_guarded_call@X@@QAEX$$QAV<lambda_e5124f882df8998aaf41531e079ba474>@@AAV<lambda_3e16ef9562a7dcce91392c22ab16ea36>@@$$QAV<lambda_e25ca0880e6ef98be67edffd8c599615>@@@Z 10022d70     libucrt:wsetlocale.obj
 0002:00007d90       __sehtable$___acrt_initialize_lowio 10022d90     libucrt:ioinit.obj
 0002:00007db0       __sehtable$?update_thread_multibyte_data_internal@@YAPAU__crt_multibyte_data@@QAU__acrt_ptd@@QAPAU1@@Z 10022db0     libucrt:mbctype.obj
 0002:00007dd0       __sehtable$??$?RV<lambda_ceb1ee4838e85a9d631eb091e2fbe199>@@AAV<lambda_ae742caa10f662c28703da3d2ea5e57e>@@V<lambda_cd08b5d6af4937fe54fc07d0c9bf6b37>@@@?$__crt_seh_guarded_call@X@@QAEX$$QAV<lambda_ceb1ee4838e85a9d631eb091e2fbe199>@@AAV<lambda_ae742caa10f662c28703da3d2ea5e57e>@@$$QAV<lambda_cd08b5d6af4937fe54fc07d0c9bf6b37>@@@Z 10022dd0     libucrt:mbctype.obj
 0002:00007df0       __sehtable$__fcloseall     10022df0     libucrt:closeall.obj
 0002:00007e10       __sehtable$??$?RV<lambda_9e9de3de5fa147e2223d7db92bc10aa6>@@AAV<lambda_38ce7e780aa69e748d6df282ebc68efe>@@V<lambda_8ca6da459f0f6780f1cff60fdc3d00e5>@@@?$__crt_seh_guarded_call@H@@QAEH$$QAV<lambda_9e9de3de5fa147e2223d7db92bc10aa6>@@AAV<lambda_38ce7e780aa69e748d6df282ebc68efe>@@$$QAV<lambda_8ca6da459f0f6780f1cff60fdc3d00e5>@@@Z 10022e10     libucrt:commit.obj
 0002:00007e30       __sehtable$__write         10022e30     libucrt:write.obj
 0002:00007e50       __sehtable$___acrt_update_thread_locale_data 10022e50     libucrt:locale_refcounting.obj
 0002:00007e70       __sehtable$___acrt_lowio_ensure_fh_exists 10022e70     libucrt:osfinfo.obj
 0002:00007e90       __sehtable$_fclose         10022e90     libucrt:fclose.obj
 0002:00007eb0       __sehtable$??$common_lseek@_J@@YA_JH_JH@Z 10022eb0     libucrt:lseek.obj
 0002:00007ed0       __sehtable$??$?RV<lambda_218ce3db14220d0be481dae8ef3383b6>@@AAV<lambda_628dfdc04ba53c8bfc02c9951375f3f5>@@V<lambda_57dc472bd5c9d5f3b2cbca59b8a843ae>@@@?$__crt_seh_guarded_call@H@@QAEH$$QAV<lambda_218ce3db14220d0be481dae8ef3383b6>@@AAV<lambda_628dfdc04ba53c8bfc02c9951375f3f5>@@$$QAV<lambda_57dc472bd5c9d5f3b2cbca59b8a843ae>@@@Z 10022ed0     libucrt:close.obj
 0002:00007ef0       __sehtable$__IsNonwritableInCurrentImage 10022ef0     LIBCMT:pesect.obj
 0002:00007f10       .edata                     10022f10     serialport.exp
 0002:00007f38       rgpv                       10022f38     serialport.exp
 0002:00007f3c       rgszName                   10022f3c     serialport.exp
 0002:00007f40       rgwOrd                     10022f40     serialport.exp
 0002:00007f42       szName                     10022f42     serialport.exp
 0002:00007f52       $N00001                    10022f52     serialport.exp
 0002:000083d4       .idata$6                   100233d4     kernel32:KERNEL32.dll
 0002:00008404       .idata$6                   10023404     advapi32:ADVAPI32.dll
 0002:00009316       .idata$6                   10024316     iojs:node.dll
 0002:000093ca       .idata$6                   100243ca     setupapi:SETUPAPI.dll
 0003:00000010       ?__vcrt_flsindex@@3KA      10025010     libvcruntime:per_thread_data.obj
 0003:00000034       ?errno_no_memory@@3HA      10025034     libucrt:errno.obj
 0003:00000038       ?doserrno_no_memory@@3KA   10025038     libucrt:errno.obj
 0003:000000e8       ?__acrt_flsindex@@3KA      100250e8     libucrt:per_thread_data.obj
 0003:000001e8       __mbctypes                 100251e8     libucrt:mbctype.obj
 0003:000002f0       __mbcasemaps               100252f0     libucrt:mbctype.obj
 0003:000003f0       ?__rgctypeflag@@3PADA      100253f0     libucrt:mbctype.obj
 0003:000003f8       ?__rgcode_page_info@@3PAUcode_page_info@@A 100253f8     libucrt:mbctype.obj
 0003:00000770       ?__dcrt_lowio_console_output_handle@@3PAXA 10025770     libucrt:initcon.obj
 0003:00000790       __module                   10025790     serialport.obj
 0003:00000890       _GS_ExceptionRecord        10025890     LIBCMT:gs_report.obj
 0003:000008e0       _GS_ContextRecord          100258e0     LIBCMT:gs_report.obj
 0003:00000bb4       ?module_local_atexit_table@@3U_onexit_table_t@@A 10025bb4     LIBCMT:utility.obj
 0003:00000bc0       ?module_local_at_quick_exit_table@@3U_onexit_table_t@@A 10025bc0     LIBCMT:utility.obj
 0003:00000bcc       ?module_local_atexit_table_initialized@@3_NA 10025bcc     LIBCMT:utility.obj
 0003:00000bcd       ?is_initialized_as_dll@@3_NA 10025bcd     LIBCMT:utility.obj
 0003:00000bd0       ?__proc_attached@@3HA      10025bd0     LIBCMT:dll_dllmain.obj
 0003:00000bf0       ?__vcrt_startup_thread_ptd@@3U__vcrt_ptd@@A 10025bf0     libvcruntime:per_thread_data.obj
 0003:00000c18       ___vcrt_lock_table         10025c18     libvcruntime:locks.obj
 0003:00000c30       ___vcrt_locks_initialized  10025c30     libvcruntime:locks.obj
 0003:00000c34       ?module_handles@@3PAPAUHINSTANCE__@@A 10025c34     libvcruntime:winapi_downlevel.obj
 0003:00000c40       ?encoded_function_pointers@@3PAPAXA 10025c40     libvcruntime:winapi_downlevel.obj
 0003:00000c80       ?heap@@3V_HeapManager@@A   10025c80     libvcruntime:undname.obj
 0003:00000c98       ?__acrt_invalid_parameter_handler@@3V?$dual_state_global@P6AXPB_W00II@Z@__crt_state_management@@A 10025c98     libucrt:invalid_parameter.obj
 0003:00000c9c       ?__acrt_new_handler@@3V?$dual_state_global@P6AHI@Z@__crt_state_management@@A 10025c9c     libucrt:new_handler.obj
 0003:00000ca0       ?c_termination_complete@@3JA 10025ca0     libucrt:exit.obj
 0003:00000ca4       ?thread_local_exit_callback_func@@3P6GXPAXK0@ZA 10025ca4     libucrt:exit.obj
 0003:00000cb0       ?program_name@?1???$common_configure_argv@D@@YAHW4_crt_argv_mode@@@Z@4PADA 10025cb0     libucrt:argv_parsing.obj
 0003:00000de0       ?__acrt_app_type@@3W4_crt_app_type@@A 10025de0     libucrt:report_runtime_error.obj
 0003:00000de4       ___acrt_error_mode         10025de4     libucrt:set_error_mode.obj
 0003:00000df4       ?ctrlc_action@@3V?$dual_state_global@P6AXH@Z@__crt_state_management@@A 10025df4     libucrt:signal.obj
 0003:00000df8       ?ctrlbreak_action@@3V?$dual_state_global@P6AXH@Z@__crt_state_management@@A 10025df8     libucrt:signal.obj
 0003:00000dfc       ?abort_action@@3V?$dual_state_global@P6AXH@Z@__crt_state_management@@A 10025dfc     libucrt:signal.obj
 0003:00000e00       ?term_action@@3V?$dual_state_global@P6AXH@Z@__crt_state_management@@A 10025e00     libucrt:signal.obj
 0003:00000e04       ?enable_percent_n@@3IA     10025e04     libucrt:printf_count_output.obj
 0003:00001020       ?__acrt_lock_table@@3PAU_RTL_CRITICAL_SECTION@@A 10026020     libucrt:locks.obj
 0003:00001170       ?__acrt_locks_initialized@@3IA 10026170     libucrt:locks.obj
 0003:00001174       ?state_cache@?1???$get_cached_win_policy@Udeveloper_information_policy_properties@?1??__acrt_get_developer_information_policy@@YA?AW4developer_information_policy@@XZ@@@YA?AW4developer_information_policy@@W4AppPolicyShowDeveloperDiagnostic@@@Z@4JA 10026174     libucrt:win_policies.obj
 0003:00001178       ?state_cache@?1???$get_cached_win_policy@Uwindowing_model_policy_properties@?1??__acrt_get_windowing_model_policy@@YA?AW4windowing_model_policy@@XZ@@@YA?AW4windowing_model_policy@@W4AppPolicyWindowingModel@@@Z@4JA 10026178     libucrt:win_policies.obj
 0003:00001188       ?fSystemSet@@3HA           10026188     libucrt:mbctype.obj
 0003:0000118c       ?initialized@?1??__acrt_initialize_multibyte@@9@4_NA 1002618c     libucrt:mbctype.obj
 0003:000011a8       ?module_handles@@3PAPAUHINSTANCE__@@A 100261a8     libucrt:winapi_thunks.obj
 0003:000011f8       ?encoded_function_pointers@@3PAPAXA 100261f8     libucrt:winapi_thunks.obj
 0003:00001284       ?user_matherr@@3V?$dual_state_global@P6AHPAU_exception@@@Z@__crt_state_management@@A 10026284     libucrt:matherr.obj
 0003:00001288       ?__acrt_global_new_mode@@3V?$dual_state_global@J@__crt_state_management@@A 10026288     libucrt:new_mode.obj
 0003:00001298       __pmatherr_set             10026298     libucrt:libm_error.obj
 0004:00000060       $R000000                   10027060     * linker generated manifest res *

 Exports

  ordinal    name

        1    __register_serialport_
               exported name: _register_serialport_
